Archive member included because of file (symbol)

/usr/local/CrossPack-AVR-20131216/lib/gcc/avr/4.8.1/../../../../avr/lib/avr5/libprintf_flt.a(vfprintf_flt.o)
                              (vfprintf)
/usr/local/CrossPack-AVR-20131216/lib/gcc/avr/4.8.1/../../../../avr/lib/avr5/libm.a(addsf3.o)
                              ./math/fast_math.o (__subsf3)
/usr/local/CrossPack-AVR-20131216/lib/gcc/avr/4.8.1/../../../../avr/lib/avr5/libm.a(addsf3x.o)
                              /usr/local/CrossPack-AVR-20131216/lib/gcc/avr/4.8.1/../../../../avr/lib/avr5/libm.a(addsf3.o) (__addsf3x)
/usr/local/CrossPack-AVR-20131216/lib/gcc/avr/4.8.1/../../../../avr/lib/avr5/libm.a(atan2.o)
                              ./gimbal/gimbal.o (atan2)
/usr/local/CrossPack-AVR-20131216/lib/gcc/avr/4.8.1/../../../../avr/lib/avr5/libm.a(atan.o)
                              ./gimbal/gimbal.o (atan)
/usr/local/CrossPack-AVR-20131216/lib/gcc/avr/4.8.1/../../../../avr/lib/avr5/libm.a(cmpsf2.o)
                              ./imu/imu.o (__ltsf2)
/usr/local/CrossPack-AVR-20131216/lib/gcc/avr/4.8.1/../../../../avr/lib/avr5/libm.a(divsf3.o)
                              ./math/fast_math.o (__divsf3)
/usr/local/CrossPack-AVR-20131216/lib/gcc/avr/4.8.1/../../../../avr/lib/avr5/libm.a(divsf3x.o)
                              /usr/local/CrossPack-AVR-20131216/lib/gcc/avr/4.8.1/../../../../avr/lib/avr5/libm.a(divsf3.o) (__divsf3x)
/usr/local/CrossPack-AVR-20131216/lib/gcc/avr/4.8.1/../../../../avr/lib/avr5/libm.a(fixsfsi.o)
                              ./imu/gyro.o (__fixsfsi)
/usr/local/CrossPack-AVR-20131216/lib/gcc/avr/4.8.1/../../../../avr/lib/avr5/libm.a(fixunssfsi.o)
                              ./math/fast_math.o (__fixunssfsi)
/usr/local/CrossPack-AVR-20131216/lib/gcc/avr/4.8.1/../../../../avr/lib/avr5/libm.a(floatsisf.o)
                              ./gimbal/gimbal.o (__floatunsisf)
/usr/local/CrossPack-AVR-20131216/lib/gcc/avr/4.8.1/../../../../avr/lib/avr5/libm.a(fp_cmp.o)
                              /usr/local/CrossPack-AVR-20131216/lib/gcc/avr/4.8.1/../../../../avr/lib/avr5/libm.a(cmpsf2.o) (__fp_cmp)
/usr/local/CrossPack-AVR-20131216/lib/gcc/avr/4.8.1/../../../../avr/lib/avr5/libm.a(fp_inf.o)
                              /usr/local/CrossPack-AVR-20131216/lib/gcc/avr/4.8.1/../../../../avr/lib/avr5/libm.a(addsf3x.o) (__fp_inf)
/usr/local/CrossPack-AVR-20131216/lib/gcc/avr/4.8.1/../../../../avr/lib/avr5/libm.a(fp_nan.o)
                              /usr/local/CrossPack-AVR-20131216/lib/gcc/avr/4.8.1/../../../../avr/lib/avr5/libm.a(addsf3x.o) (__fp_nan)
/usr/local/CrossPack-AVR-20131216/lib/gcc/avr/4.8.1/../../../../avr/lib/avr5/libm.a(fp_powser.o)
                              /usr/local/CrossPack-AVR-20131216/lib/gcc/avr/4.8.1/../../../../avr/lib/avr5/libm.a(atan.o) (__fp_powser)
/usr/local/CrossPack-AVR-20131216/lib/gcc/avr/4.8.1/../../../../avr/lib/avr5/libm.a(fp_pscA.o)
                              /usr/local/CrossPack-AVR-20131216/lib/gcc/avr/4.8.1/../../../../avr/lib/avr5/libm.a(addsf3x.o) (__fp_pscA)
/usr/local/CrossPack-AVR-20131216/lib/gcc/avr/4.8.1/../../../../avr/lib/avr5/libm.a(fp_pscB.o)
                              /usr/local/CrossPack-AVR-20131216/lib/gcc/avr/4.8.1/../../../../avr/lib/avr5/libm.a(addsf3x.o) (__fp_pscB)
/usr/local/CrossPack-AVR-20131216/lib/gcc/avr/4.8.1/../../../../avr/lib/avr5/libm.a(fp_round.o)
                              /usr/local/CrossPack-AVR-20131216/lib/gcc/avr/4.8.1/../../../../avr/lib/avr5/libm.a(addsf3.o) (__fp_round)
/usr/local/CrossPack-AVR-20131216/lib/gcc/avr/4.8.1/../../../../avr/lib/avr5/libm.a(fp_split3.o)
                              /usr/local/CrossPack-AVR-20131216/lib/gcc/avr/4.8.1/../../../../avr/lib/avr5/libm.a(addsf3x.o) (__fp_split3)
/usr/local/CrossPack-AVR-20131216/lib/gcc/avr/4.8.1/../../../../avr/lib/avr5/libm.a(fp_zero.o)
                              /usr/local/CrossPack-AVR-20131216/lib/gcc/avr/4.8.1/../../../../avr/lib/avr5/libm.a(addsf3x.o) (__fp_zero)
/usr/local/CrossPack-AVR-20131216/lib/gcc/avr/4.8.1/../../../../avr/lib/avr5/libm.a(gesf2.o)
                              ./math/fast_math.o (__gesf2)
/usr/local/CrossPack-AVR-20131216/lib/gcc/avr/4.8.1/../../../../avr/lib/avr5/libm.a(inverse.o)
                              /usr/local/CrossPack-AVR-20131216/lib/gcc/avr/4.8.1/../../../../avr/lib/avr5/libm.a(atan.o) (inverse)
/usr/local/CrossPack-AVR-20131216/lib/gcc/avr/4.8.1/../../../../avr/lib/avr5/libm.a(mulsf3.o)
                              ./math/fast_math.o (__mulsf3)
/usr/local/CrossPack-AVR-20131216/lib/gcc/avr/4.8.1/../../../../avr/lib/avr5/libm.a(mulsf3x.o)
                              /usr/local/CrossPack-AVR-20131216/lib/gcc/avr/4.8.1/../../../../avr/lib/avr5/libm.a(atan.o) (__mulsf3x)
/usr/local/CrossPack-AVR-20131216/lib/gcc/avr/4.8.1/../../../../avr/lib/avr5/libm.a(sqrt.o)
                              ./imu/imu.o (sqrt)
/usr/local/CrossPack-AVR-20131216/lib/gcc/avr/4.8.1/../../../../avr/lib/avr5/libm.a(square.o)
[...]
Memory Configuration

Name             Origin             Length             Attributes
text             0x00000000         0x00020000         xr
data             0x00800060         0x0000ffa0         rw !x
eeprom           0x00810000         0x00010000         rw !x
fuse             0x00820000         0x00000400         rw !x
lock             0x00830000         0x00000400         rw !x
signature        0x00840000         0x00000400         rw !x
user_signatures  0x00850000         0x00000400         rw !x
*default*        0x00000000         0xffffffff

Linker script and memory map

Address of section .data set to 0x800100
LOAD /usr/local/CrossPack-AVR-20131216/lib/gcc/avr/4.8.1/../../../../avr/lib/avr5/crtm328p.o
LOAD ./util/clock.o
LOAD ./util/config.o
LOAD ./util/log.o
LOAD ./pwm/pwm.o
LOAD ./math/fast_math.o
LOAD ./imu/gyro.o
LOAD ./imu/imu.o
LOAD ./imu/mpu6050.o
LOAD ./i2c/twi/twi.o
LOAD ./i2c/i2c.o
LOAD ./i2c/i2c_driver.o
LOAD ./gimbal/gimbal.o
LOAD ./eeprom/eeprom.o
LOAD ./complimentary/complimentary.o
LOAD ./main.o
LOAD /usr/local/CrossPack-AVR-20131216/lib/gcc/avr/4.8.1/../../../../avr/lib/avr5/libprintf_flt.a
LOAD /usr/local/CrossPack-AVR-20131216/lib/gcc/avr/4.8.1/../../../../avr/lib/avr5/libm.a
START GROUP
LOAD /usr/local/CrossPack-AVR-20131216/lib/gcc/avr/4.8.1/avr5/libgcc.a
LOAD /usr/local/CrossPack-AVR-20131216/lib/gcc/avr/4.8.1/../../../../avr/lib/avr5/libm.a
LOAD /usr/local/CrossPack-AVR-20131216/lib/gcc/avr/4.8.1/../../../../avr/lib/avr5/libc.a
END GROUP

.hash
 *(.hash)

.dynsym
 *(.dynsym)

.dynstr
 *(.dynstr)

.gnu.version
 *(.gnu.version)

.gnu.version_d
 *(.gnu.version_d)

.gnu.version_r
 *(.gnu.version_r)

.rel.init
 *(.rel.init)

.rela.init
 *(.rela.init)

.rel.text
 *(.rel.text)
 *(.rel.text.*)
 *(.rel.gnu.linkonce.t*)

.rela.text
 *(.rela.text)
 *(.rela.text.*)
 *(.rela.gnu.linkonce.t*)

.rel.fini
 *(.rel.fini)

.rela.fini
 *(.rela.fini)

.rel.rodata
 *(.rel.rodata)
 *(.rel.rodata.*)
 *(.rel.gnu.linkonce.r*)

.rela.rodata
 *(.rela.rodata)
 *(.rela.rodata.*)
 *(.rela.gnu.linkonce.r*)

.rel.data
 *(.rel.data)
 *(.rel.data.*)
 *(.rel.gnu.linkonce.d*)

.rela.data
 *(.rela.data)
 *(.rela.data.*)
 *(.rela.gnu.linkonce.d*)

.rel.ctors
 *(.rel.ctors)

.rela.ctors
 *(.rela.ctors)

.rel.dtors
 *(.rel.dtors)

.rela.dtors
 *(.rela.dtors)

.rel.got
 *(.rel.got)

.rela.got
 *(.rela.got)

.rel.bss
 *(.rel.bss)

.rela.bss
 *(.rela.bss)

.rel.plt
 *(.rel.plt)

.rela.plt
 *(.rela.plt)

.text           0x00000000     0x53b2
 *(.vectors)
 .vectors       0x00000000       0x68 /usr/local/CrossPack-AVR-20131216/lib/gcc/avr/4.8.1/../../../../avr/lib/avr5/crtm328p.o
                0x00000000                __vectors
                0x00000000                __vector_default
 *(.vectors)
 *(.progmem.gcc*)
 .progmem.gcc_fplib
                0x00000068       0x2d /usr/local/CrossPack-AVR-20131216/lib/gcc/avr/4.8.1/../../../../avr/lib/avr5/libm.a(atan.o)
                0x00000096                . = ALIGN (0x2)
 *fill*         0x00000095        0x1 
                0x00000096                __trampolines_start = .
 *(.trampolines)
 .trampolines   0x00000096        0x0 linker stubs
 *(.trampolines*)
                0x00000096                __trampolines_end = .
 *(.progmem*)
 .progmem.data.__c.2288
                0x00000096        0xe ./util/log.o
 .progmem.data.DEBUG_hex
                0x000000a4       0x11 ./util/log.o
                0x000000a4                DEBUG_hex
 .progmem.data._tag
                0x000000b5        0x8 ./util/log.o
 .progmem.data.__c.2156
                0x000000bd       0x28 ./imu/gyro.o
 .progmem.data.__c.2154
                0x000000e5       0x26 ./imu/gyro.o
 .progmem.data.__c.2139
                0x0000010b       0x29 ./imu/gyro.o
 .progmem.data.__c.2137
                0x00000134       0x27 ./imu/gyro.o
 .progmem.data.__c.2132
                0x0000015b       0x27 ./imu/gyro.o
 .progmem.data.__c.2124
                0x00000182       0x36 ./imu/gyro.o
 .progmem.data.__c.2107
                0x000001b8       0x1d ./imu/gyro.o
 .progmem.data.__c.2105
                0x000001d5       0x13 ./imu/gyro.o
 .progmem.data.__c.2103
                0x000001e8       0x25 ./imu/gyro.o
 .progmem.data.__c.2101
                0x0000020d       0x26 ./imu/gyro.o
 .progmem.data.__c.2099
                0x00000233       0x25 ./imu/gyro.o
 .progmem.data.__c.2097
                0x00000258       0x11 ./imu/gyro.o
 .progmem.data.__c.2095
                0x00000269       0x16 ./imu/gyro.o
 .progmem.data.__c.2093
                0x0000027f        0xe ./imu/gyro.o
 .progmem.data.__c.2091
                0x0000028d       0x25 ./imu/gyro.o
 .progmem.data._tag
                0x000002b2        0x7 ./imu/gyro.o
 .progmem.data.__c.2097
                0x000002b9       0x1c ./imu/mpu6050.o
 .progmem.data.__c.2095
                0x000002d5       0x1d ./imu/mpu6050.o
 .progmem.data.__c.2089
                0x000002f2       0x25 ./imu/mpu6050.o
 .progmem.data.__c.2087
                0x00000317       0x26 ./imu/mpu6050.o
 .progmem.data.__c.2081
                0x0000033d       0x24 ./imu/mpu6050.o
 .progmem.data.__c.2079
                0x00000361       0x25 ./imu/mpu6050.o
 .progmem.data.__c.2073
                0x00000386       0x1b ./imu/mpu6050.o
 .progmem.data.__c.2071
                0x000003a1       0x1c ./imu/mpu6050.o
 .progmem.data.__c.2065
                0x000003bd        0x4 ./imu/mpu6050.o
 .progmem.data.__c.2063
                0x000003c1       0x12 ./imu/mpu6050.o
 .progmem.data._tag
                0x000003d3        0xa ./imu/mpu6050.o
 .progmem.data.__c.2249
                0x000003dd       0x1a ./gimbal/gimbal.o
 .progmem.data.__c.2238
                0x000003f7       0x2c ./gimbal/gimbal.o
 .progmem.data.__c.2213
                0x00000423        0xf ./gimbal/gimbal.o
 .progmem.data._tag
                0x00000432        0x9 ./gimbal/gimbal.o
 .progmem.data.__c.2211
                0x0000043b       0x1a ./main.o
 .progmem.data.__c.2209
                0x00000455       0x11 ./main.o
 .progmem.data.__c.2207
                0x00000466        0xf ./main.o
 .progmem.data.__c.2205
                0x00000475       0x15 ./main.o
 .progmem.data.__c.2203
                0x0000048a       0x11 ./main.o
 .progmem.data.__c.2201
                0x0000049b       0x24 ./main.o
 .progmem.data._tag
                0x000004bf        0x7 ./main.o
 .progmem.data  0x000004c6        0x8 /usr/local/CrossPack-AVR-20131216/lib/gcc/avr/4.8.1/../../../../avr/lib/avr5/libprintf_flt.a(vfprintf_flt.o)
 .progmem.data  0x000004ce       0xfa /usr/local/CrossPack-AVR-20131216/lib/gcc/avr/4.8.1/../../../../avr/lib/avr5/libc.a(ftoa_engine.o)
                0x000005c8                . = ALIGN (0x2)
 *(.jumptables)
 *(.jumptables*)
 *(.lowtext)
 *(.lowtext*)
                0x000005c8                __ctors_start = .
 *(.ctors)
                0x000005c8                __ctors_end = .
                0x000005c8                __dtors_start = .
 *(.dtors)
                0x000005c8                __dtors_end = .
 SORT(*)(.ctors)
 SORT(*)(.dtors)
 *(.init0)
 .init0         0x000005c8        0x0 /usr/local/CrossPack-AVR-20131216/lib/gcc/avr/4.8.1/../../../../avr/lib/avr5/crtm328p.o
                0x000005c8                __init
 *(.init0)
 *(.init1)
 *(.init1)
 *(.init2)
 .init2         0x000005c8        0xc /usr/local/CrossPack-AVR-20131216/lib/gcc/avr/4.8.1/../../../../avr/lib/avr5/crtm328p.o
 *(.init2)
 *(.init3)
 *(.init3)
 *(.init4)
 .init4         0x000005d4       0x16 /usr/local/CrossPack-AVR-20131216/lib/gcc/avr/4.8.1/avr5/libgcc.a(_copy_data.o)
                0x000005d4                __do_copy_data
 .init4         0x000005ea       0x10 /usr/local/CrossPack-AVR-20131216/lib/gcc/avr/4.8.1/avr5/libgcc.a(_clear_bss.o)
                0x000005ea                __do_clear_bss
 *(.init4)
 *(.init5)
 *(.init5)
 *(.init6)
 *(.init6)
 *(.init7)
 *(.init7)
 *(.init8)
 *(.init8)
 *(.init9)
 .init9         0x000005fa        0x8 /usr/local/CrossPack-AVR-20131216/lib/gcc/avr/4.8.1/../../../../avr/lib/avr5/crtm328p.o
 *(.init9)
 *(.text)
 .text          0x00000602        0x4 /usr/local/CrossPack-AVR-20131216/lib/gcc/avr/4.8.1/../../../../avr/lib/avr5/crtm328p.o
                0x00000602                __vector_20
                0x00000602                __vector_1
                0x00000602                __vector_12
                0x00000602                __bad_interrupt
                0x00000602                __vector_6
                0x00000602                __vector_3
                0x00000602                __vector_23
                0x00000602                __vector_25
                0x00000602                __vector_11
                0x00000602                __vector_17
                0x00000602                __vector_19
                0x00000602                __vector_7
                0x00000602                __vector_5
                0x00000602                __vector_4
                0x00000602                __vector_9
                0x00000602                __vector_2
                0x00000602                __vector_21
                0x00000602                __vector_15
                0x00000602                __vector_8
                0x00000602                __vector_14
                0x00000602                __vector_10
                0x00000602                __vector_22
 .text          0x00000606        0x0 ./util/clock.o
 .text          0x00000606        0x0 ./util/config.o
 .text          0x00000606        0x0 ./util/log.o
 .text          0x00000606        0x0 ./pwm/pwm.o
 .text          0x00000606        0x0 ./math/fast_math.o
 .text          0x00000606        0x0 ./imu/gyro.o
 .text          0x00000606        0x0 ./imu/imu.o
 .text          0x00000606        0x0 ./imu/mpu6050.o
 .text          0x00000606        0x0 ./i2c/twi/twi.o
 .text          0x00000606        0x0 ./i2c/i2c.o
 .text          0x00000606        0x0 ./i2c/i2c_driver.o
 .text          0x00000606        0x0 ./gimbal/gimbal.o
 .text          0x00000606        0x0 ./eeprom/eeprom.o
 .text          0x00000606        0x0 ./complimentary/complimentary.o
 .text          0x00000606        0x0 ./main.o
 .text          0x00000606        0x0 /usr/local/CrossPack-AVR-20131216/lib/gcc/avr/4.8.1/../../../../avr/lib/avr5/libprintf_flt.a(vfprintf_flt.o)
 .text          0x00000606        0x0 /usr/local/CrossPack-AVR-20131216/lib/gcc/avr/4.8.1/../../../../avr/lib/avr5/libm.a(addsf3.o)
 .text          0x00000606        0x0 /usr/local/CrossPack-AVR-20131216/lib/gcc/avr/4.8.1/../../../../avr/lib/avr5/libm.a(addsf3x.o)
 .text          0x00000606        0x0 /usr/local/CrossPack-AVR-20131216/lib/gcc/avr/4.8.1/../../../../avr/lib/avr5/libm.a(atan2.o)
 .text          0x00000606        0x0 /usr/local/CrossPack-AVR-20131216/lib/gcc/avr/4.8.1/../../../../avr/lib/avr5/libm.a(atan.o)
 .text          0x00000606        0x0 /usr/local/CrossPack-AVR-20131216/lib/gcc/avr/4.8.1/../../../../avr/lib/avr5/libm.a(cmpsf2.o)
 .text          0x00000606        0x0 /usr/local/CrossPack-AVR-20131216/lib/gcc/avr/4.8.1/../../../../avr/lib/avr5/libm.a(divsf3.o)
 .text          0x00000606        0x0 /usr/local/CrossPack-AVR-20131216/lib/gcc/avr/4.8.1/../../../../avr/lib/avr5/libm.a(divsf3x.o)
 .text          0x00000606        0x0 /usr/local/CrossPack-AVR-20131216/lib/gcc/avr/4.8.1/../../../../avr/lib/avr5/libm.a(fixsfsi.o)
 .text          0x00000606        0x0 /usr/local/CrossPack-AVR-20131216/lib/gcc/avr/4.8.1/../../../../avr/lib/avr5/libm.a(fixunssfsi.o)
 .text          0x00000606        0x0 /usr/local/CrossPack-AVR-20131216/lib/gcc/avr/4.8.1/../../../../avr/lib/avr5/libm.a(floatsisf.o)
 .text          0x00000606        0x0 /usr/local/CrossPack-AVR-20131216/lib/gcc/avr/4.8.1/../../../../avr/lib/avr5/libm.a(fp_cmp.o)
 .text          0x00000606        0x0 /usr/local/CrossPack-AVR-20131216/lib/gcc/avr/4.8.1/../../../../avr/lib/avr5/libm.a(fp_inf.o)
 .text          0x00000606        0x0 /usr/local/CrossPack-AVR-20131216/lib/gcc/avr/4.8.1/../../../../avr/lib/avr5/libm.a(fp_nan.o)
 .text          0x00000606        0x0 /usr/local/CrossPack-AVR-20131216/lib/gcc/avr/4.8.1/../../../../avr/lib/avr5/libm.a(fp_powser.o)
 .text          0x00000606        0x0 /usr/local/CrossPack-AVR-20131216/lib/gcc/avr/4.8.1/../../../../avr/lib/avr5/libm.a(fp_pscA.o)
 .text          0x00000606        0x0 /usr/local/CrossPack-AVR-20131216/lib/gcc/avr/4.8.1/../../../../avr/lib/avr5/libm.a(fp_pscB.o)
 .text          0x00000606        0x0 /usr/local/CrossPack-AVR-20131216/lib/gcc/avr/4.8.1/../../../../avr/lib/avr5/libm.a(fp_round.o)
 .text          0x00000606        0x0 /usr/local/CrossPack-AVR-20131216/lib/gcc/avr/4.8.1/../../../../avr/lib/avr5/libm.a(fp_split3.o)
 .text          0x00000606        0x0 /usr/local/CrossPack-AVR-20131216/lib/gcc/avr/4.8.1/../../../../avr/lib/avr5/libm.a(fp_zero.o)
 .text          0x00000606        0x0 /usr/local/CrossPack-AVR-20131216/lib/gcc/avr/4.8.1/../../../../avr/lib/avr5/libm.a(gesf2.o)
 .text          0x00000606        0x0 /usr/local/CrossPack-AVR-20131216/lib/gcc/avr/4.8.1/../../../../avr/lib/avr5/libm.a(inverse.o)
 .text          0x00000606        0x0 /usr/local/CrossPack-AVR-20131216/lib/gcc/avr/4.8.1/../../../../avr/lib/avr5/libm.a(mulsf3.o)
 .text          0x00000606        0x0 /usr/local/CrossPack-AVR-20131216/lib/gcc/avr/4.8.1/../../../../avr/lib/avr5/libm.a(mulsf3x.o)
 .text          0x00000606        0x0 /usr/local/CrossPack-AVR-20131216/lib/gcc/avr/4.8.1/../../../../avr/lib/avr5/libm.a(sqrt.o)
 .text          0x00000606        0x0 /usr/local/CrossPack-AVR-20131216/lib/gcc/avr/4.8.1/../../../../avr/lib/avr5/libm.a(square.o)
 .text          0x00000606        0x0 /usr/local/CrossPack-AVR-20131216/lib/gcc/avr/4.8.1/../../../../avr/lib/avr5/libm.a(fp_mpack.o)
 .text          0x00000606        0x0 /usr/local/CrossPack-AVR-20131216/lib/gcc/avr/4.8.1/../../../../avr/lib/avr5/libm.a(fp_norm2.o)
 .text          0x00000606        0x0 /usr/local/CrossPack-AVR-20131216/lib/gcc/avr/4.8.1/avr5/libgcc.a(_mulsi3.o)
 .text          0x00000606        0x0 /usr/local/CrossPack-AVR-20131216/lib/gcc/avr/4.8.1/avr5/libgcc.a(_divmodhi4.o)
 .text          0x00000606        0x0 /usr/local/CrossPack-AVR-20131216/lib/gcc/avr/4.8.1/avr5/libgcc.a(_divmodsi4.o)
 .text          0x00000606        0x0 /usr/local/CrossPack-AVR-20131216/lib/gcc/avr/4.8.1/avr5/libgcc.a(_negsi2.o)
 .text          0x00000606        0x0 /usr/local/CrossPack-AVR-20131216/lib/gcc/avr/4.8.1/avr5/libgcc.a(_exit.o)
 .text          0x00000606        0x0 /usr/local/CrossPack-AVR-20131216/lib/gcc/avr/4.8.1/avr5/libgcc.a(_copy_data.o)
 .text          0x00000606        0x0 /usr/local/CrossPack-AVR-20131216/lib/gcc/avr/4.8.1/avr5/libgcc.a(_clear_bss.o)
 .text          0x00000606        0x0 /usr/local/CrossPack-AVR-20131216/lib/gcc/avr/4.8.1/avr5/libgcc.a(_muluhisi3.o)
 .text          0x00000606        0x0 /usr/local/CrossPack-AVR-20131216/lib/gcc/avr/4.8.1/avr5/libgcc.a(_mulshisi3.o)
 .text          0x00000606        0x0 /usr/local/CrossPack-AVR-20131216/lib/gcc/avr/4.8.1/avr5/libgcc.a(_prologue.o)
 .text          0x00000606        0x0 /usr/local/CrossPack-AVR-20131216/lib/gcc/avr/4.8.1/avr5/libgcc.a(_epilogue.o)
 .text          0x00000606        0x0 /usr/local/CrossPack-AVR-20131216/lib/gcc/avr/4.8.1/avr5/libgcc.a(_udivmodhi4.o)
 .text          0x00000606        0x0 /usr/local/CrossPack-AVR-20131216/lib/gcc/avr/4.8.1/avr5/libgcc.a(_udivmodsi4.o)
 .text          0x00000606        0x0 /usr/local/CrossPack-AVR-20131216/lib/gcc/avr/4.8.1/avr5/libgcc.a(_umulhisi3.o)
 .text          0x00000606        0x0 /usr/local/CrossPack-AVR-20131216/lib/gcc/avr/4.8.1/../../../../avr/lib/avr5/libc.a(ftoa_engine.o)
 .text          0x00000606        0x0 /usr/local/CrossPack-AVR-20131216/lib/gcc/avr/4.8.1/../../../../avr/lib/avr5/libc.a(strnlen_P.o)
 .text          0x00000606        0x0 /usr/local/CrossPack-AVR-20131216/lib/gcc/avr/4.8.1/../../../../avr/lib/avr5/libc.a(strnlen.o)
 .text          0x00000606        0x0 /usr/local/CrossPack-AVR-20131216/lib/gcc/avr/4.8.1/../../../../avr/lib/avr5/libc.a(fdevopen.o)
 .text          0x00000606        0x0 /usr/local/CrossPack-AVR-20131216/lib/gcc/avr/4.8.1/../../../../avr/lib/avr5/libc.a(fputc.o)
 .text          0x00000606        0x0 /usr/local/CrossPack-AVR-20131216/lib/gcc/avr/4.8.1/../../../../avr/lib/avr5/libc.a(iob.o)
 .text          0x00000606        0x0 /usr/local/CrossPack-AVR-20131216/lib/gcc/avr/4.8.1/../../../../avr/lib/avr5/libc.a(vfprintf_p.o)
 .text          0x00000606        0x0 /usr/local/CrossPack-AVR-20131216/lib/gcc/avr/4.8.1/../../../../avr/lib/avr5/libc.a(ultoa_invert.o)
 .text          0x00000606        0x0 /usr/local/CrossPack-AVR-20131216/lib/gcc/avr/4.8.1/../../../../avr/lib/avr5/libc.a(eerd_byte_atmega328p.o)
 .text          0x00000606        0x0 /usr/local/CrossPack-AVR-20131216/lib/gcc/avr/4.8.1/../../../../avr/lib/avr5/libc.a(eewr_byte_atmega328p.o)
 .text          0x00000606        0x0 /usr/local/CrossPack-AVR-20131216/lib/gcc/avr/4.8.1/../../../../avr/lib/avr5/libc.a(calloc.o)
 .text          0x00000606        0x0 /usr/local/CrossPack-AVR-20131216/lib/gcc/avr/4.8.1/../../../../avr/lib/avr5/libc.a(malloc.o)
 .text          0x00000606        0x0 /usr/local/CrossPack-AVR-20131216/lib/gcc/avr/4.8.1/../../../../avr/lib/avr5/libc.a(memset.o)
                0x00000606                . = ALIGN (0x2)
 *(.text.*)
 .text.clock_init
                0x00000606       0x18 ./util/clock.o
                0x00000606                clock_init
 .text.clock_time
                0x0000061e       0x18 ./util/clock.o
                0x0000061e                clock_time
 .text.clock_time_micros
                0x00000636       0x46 ./util/clock.o
                0x00000636                clock_time_micros
 .text.delay_millis
                0x0000067c       0x44 ./util/clock.o
                0x0000067c                delay_millis
 .text.__vector_16
                0x000006c0       0x94 ./util/clock.o
                0x000006c0                __vector_16
 .text.isr_tick
                0x00000754        0x2 ./util/clock.o
                0x00000754                isr_tick
 .text.config_init
                0x00000756      0x104 ./util/config.o
                0x00000756                config_init
 .text.load_config
                0x0000085a       0x26 ./util/config.o
                0x0000085a                load_config
 .text.write_config
                0x00000880       0x10 ./util/config.o
                0x00000880                write_config
 .text._debug_init
                0x00000890       0x38 ./util/log.o
                0x00000890                _debug_init
 .text.__vector_18
                0x000008c8       0x56 ./util/log.o
                0x000008c8                __vector_18
 .text._debug_set_rx_cb
                0x0000091e        0xa ./util/log.o
                0x0000091e                _debug_set_rx_cb
 .text._debug_set_out_cb
                0x00000928        0xa ./util/log.o
                0x00000928                _debug_set_out_cb
 .text._debug_stringz
                0x00000932       0x18 ./util/log.o
                0x00000932                _debug_stringz
 .text._debug_byte
                0x0000094a        0xe ./util/log.o
                0x0000094a                _debug_byte
 .text._debug_putch
                0x00000958       0x20 ./util/log.o
                0x00000958                _debug_putch
 .text._debug_byte_as_hex
                0x00000978       0x34 ./util/log.o
                0x00000978                _debug_byte_as_hex
 .text._debug_hex_dump
                0x000009ac       0x34 ./util/log.o
                0x000009ac                _debug_hex_dump
 .text._debug_log
                0x000009e0       0x24 ./util/log.o
                0x000009e0                _debug_log
 .text.debug_test
                0x00000a04       0x70 ./util/log.o
                0x00000a04                debug_test
 .text.pwm_init
                0x00000a74       0x64 ./pwm/pwm.o
                0x00000a74                pwm_init
 .text.pwm_setval
                0x00000ad8       0x20 ./pwm/pwm.o
                0x00000ad8                pwm_setval
 .text.__vector_13
                0x00000af8       0x3c ./pwm/pwm.o
                0x00000af8                __vector_13
 .text.constrain_int
                0x00000b34       0x14 ./math/fast_math.o
                0x00000b34                constrain_int
 .text.constrain_int16
                0x00000b48       0x14 ./math/fast_math.o
                0x00000b48                constrain_int16
 .text.constrain_int32
                0x00000b5c       0x30 ./math/fast_math.o
                0x00000b5c                constrain_int32
 .text.fast_arc_tan
                0x00000b8c       0xa2 ./math/fast_math.o
                0x00000b8c                fast_arc_tan
 .text.fast_arc_tan2
                0x00000c2e      0x10c ./math/fast_math.o
                0x00000c2e                fast_arc_tan2
 .text.fast_arc_tan2_deg1000
                0x00000d3a       0x16 ./math/fast_math.o
                0x00000d3a                fast_arc_tan2_deg1000
 .text.util_lowpass_filter
                0x00000d50       0x68 ./math/fast_math.o
                0x00000d50                util_lowpass_filter
 .text.util_lowpass3rd_filter
                0x00000db8       0xc0 ./math/fast_math.o
                0x00000db8                util_lowpass3rd_filter
 .text.crc_slow
                0x00000e78       0x1e ./math/fast_math.o
                0x00000e78                crc_slow
 .text.compute_pid
                0x00000e96      0x146 ./math/fast_math.o
                0x00000e96                compute_pid
 .text.swap_char
                0x00000fdc       0x12 ./imu/gyro.o
                0x00000fdc                swap_char
 .text.swap_int
                0x00000fee       0x1a ./imu/gyro.o
                0x00000fee                swap_int
 .text.init_resolution_divider
                0x00001008       0x1a ./imu/gyro.o
                0x00001008                init_resolution_divider
 .text.gyro_offset_calibration
                0x00001022      0x27a ./imu/gyro.o
                0x00001022                gyro_offset_calibration
 .text.acc_offset_calibration
                0x0000129c      0x1a0 ./imu/gyro.o
                0x0000129c                acc_offset_calibration
 .text.offset_calibration
                0x0000143c        0xc ./imu/gyro.o
                0x0000143c                offset_calibration
 .text.accl_calibration
                0x00001448       0x38 ./imu/gyro.o
                0x00001448                accl_calibration
 .text.init_sensor_orientation_default
                0x00001480       0x56 ./imu/gyro.o
                0x00001480                init_sensor_orientation_default
 .text.init_sensor_orientation
                0x000014d6       0xce ./imu/gyro.o
                0x000014d6                init_sensor_orientation
 .text.gyro_init
                0x000015a4      0x15c ./imu/gyro.o
                0x000015a4                gyro_init
 .text.init_pids
                0x00001700      0x144 ./imu/gyro.o
                0x00001700                init_pids
 .text.read_accs
                0x00001844       0xf4 ./imu/gyro.o
                0x00001844                read_accs
 .text.update_acc
                0x00001938       0x98 ./imu/gyro.o
                0x00001938                update_acc
 .text.imu_init
                0x000019d0        0x4 ./imu/imu.o
                0x000019d0                imu_init
 .text.imu_test
                0x000019d4        0x4 ./imu/imu.o
                0x000019d4                imu_test
 .text.imu_read6
                0x000019d8       0x16 ./imu/imu.o
                0x000019d8                imu_read6
 .text.imu_read9
                0x000019ee       0x3a ./imu/imu.o
                0x000019ee                imu_read9
 .text.imu_get_rotation
                0x00001a28        0x4 ./imu/imu.o
                0x00001a28                imu_get_rotation
 .text.imu_get_acceleration
                0x00001a2c        0x4 ./imu/imu.o
                0x00001a2c                imu_get_acceleration
 .text.imu_get_mag
                0x00001a30        0x4 ./imu/imu.o
                0x00001a30                imu_get_mag
 .text.imu_read_gyros
                0x00001a34      0x106 ./imu/imu.o
                0x00001a34                imu_read_gyros
 .text.imu_set_dlpf
                0x00001b3a        0x6 ./imu/imu.o
                0x00001b3a                imu_set_dlpf
 .text.rotate_v
                0x00001b40      0x166 ./imu/imu.o
                0x00001b40                rotate_v
 .text.imu_update_gyro_attitude
                0x00001ca6       0xaa ./imu/imu.o
                0x00001ca6                imu_update_gyro_attitude
 .text.imu_update_acc_attitude
                0x00001d50      0x122 ./imu/imu.o
                0x00001d50                imu_update_acc_attitude
 .text.imu_get_attitude_angles
                0x00001e72      0x102 ./imu/imu.o
                0x00001e72                imu_get_attitude_angles
 .text.mpu6050_set_clock_source
                0x00001f74       0x3c ./imu/mpu6050.o
                0x00001f74                mpu6050_set_clock_source
 .text.mpu6050_set_full_scale_gyro_range
                0x00001fb0       0x3c ./imu/mpu6050.o
                0x00001fb0                mpu6050_set_full_scale_gyro_range
 .text.mpu6050_set_full_scale_accel_range
                0x00001fec       0x3c ./imu/mpu6050.o
                0x00001fec                mpu6050_set_full_scale_accel_range
 .text.mpu6050_set_sleep_enabled
                0x00002028       0x36 ./imu/mpu6050.o
                0x00002028                mpu6050_set_sleep_enabled
 .text.mpu6050_init
                0x0000205e       0x18 ./imu/mpu6050.o
                0x0000205e                mpu6050_init
 .text.mpu6050_get_device_id
                0x00002076       0x5e ./imu/mpu6050.o
                0x00002076                mpu6050_get_device_id
 .text.mpu6050_test
                0x000020d4       0x64 ./imu/mpu6050.o
                0x000020d4                mpu6050_test
 .text.mpu6050_getmotion6
                0x00002138       0xf4 ./imu/mpu6050.o
                0x00002138                mpu6050_getmotion6
 .text.mpu6050_getmotion9
                0x0000222c       0xde ./imu/mpu6050.o
                0x0000222c                mpu6050_getmotion9
 .text.mpu6050_set_dlpf_mode
                0x0000230a       0x16 ./imu/mpu6050.o
                0x0000230a                mpu6050_set_dlpf_mode
 .text.mpu6050_get_rotation
                0x00002320       0xa2 ./imu/mpu6050.o
                0x00002320                mpu6050_get_rotation
 .text.mpu6050_get_acceleration
                0x000023c2       0xa2 ./imu/mpu6050.o
                0x000023c2                mpu6050_get_acceleration
 .text.mpu6050_get_mag
                0x00002464       0xd2 ./imu/mpu6050.o
                0x00002464                mpu6050_get_mag
 .text.twi_init
                0x00002536       0x2c ./i2c/twi/twi.o
                0x00002536                twi_init
 .text.twi_setAddress
                0x00002562        0x8 ./i2c/twi/twi.o
                0x00002562                twi_setAddress
 .text.twi_readFrom
                0x0000256a       0x88 ./i2c/twi/twi.o
                0x0000256a                twi_readFrom
 .text.twi_writeTo
                0x000025f2       0xa6 ./i2c/twi/twi.o
                0x000025f2                twi_writeTo
 .text.twi_transmit
                0x00002698       0x32 ./i2c/twi/twi.o
                0x00002698                twi_transmit
 .text.twi_attachSlaveRxEvent
                0x000026ca        0xa ./i2c/twi/twi.o
                0x000026ca                twi_attachSlaveRxEvent
 .text.twi_attachSlaveTxEvent
                0x000026d4        0xa ./i2c/twi/twi.o
                0x000026d4                twi_attachSlaveTxEvent
 .text.twi_reply
                0x000026de       0x10 ./i2c/twi/twi.o
                0x000026de                twi_reply
 .text.twi_stop
                0x000026ee       0x14 ./i2c/twi/twi.o
                0x000026ee                twi_stop
 .text.twi_releaseBus
                0x00002702        0xc ./i2c/twi/twi.o
                0x00002702                twi_releaseBus
 .text.__vector_24
                0x0000270e      0x25a ./i2c/twi/twi.o
                0x0000270e                __vector_24
 .text.i2c_begin
                0x00002968       0x14 ./i2c/i2c.o
                0x00002968                i2c_begin
 .text.i2c_begin_address
                0x0000297c        0x8 ./i2c/i2c.o
                0x0000297c                i2c_begin_address
 .text.i2c_begin_transmission
                0x00002984       0x14 ./i2c/i2c.o
                0x00002984                i2c_begin_transmission
 .text.i2c_request_from
                0x00002998       0x1c ./i2c/i2c.o
                0x00002998                i2c_request_from
 .text.i2c_end_transmission
                0x000029b4       0x26 ./i2c/i2c.o
                0x000029b4                i2c_end_transmission
 .text.i2c_write_byte
                0x000029da       0x54 ./i2c/i2c.o
                0x000029da                i2c_write_byte
 .text.i2c_write
                0x00002a2e       0x40 ./i2c/i2c.o
                0x00002a2e                i2c_write
 .text.i2c_available
                0x00002a6e        0xc ./i2c/i2c.o
                0x00002a6e                i2c_available
 .text.i2c_read
                0x00002a7a       0x22 ./i2c/i2c.o
                0x00002a7a                i2c_read
 .text.i2c_peek
                0x00002a9c       0x1a ./i2c/i2c.o
                0x00002a9c                i2c_peek
 .text.readBytes
                0x00002ab6       0xc4 ./i2c/i2c_driver.o
                0x00002ab6                readBytes
 .text.readByte
                0x00002b7a       0x14 ./i2c/i2c_driver.o
                0x00002b7a                readByte
 .text.writeBytes
                0x00002b8e       0x68 ./i2c/i2c_driver.o
                0x00002b8e                writeBytes
 .text.writeByte
                0x00002bf6       0x20 ./i2c/i2c_driver.o
                0x00002bf6                writeByte
 .text.writeBit
                0x00002c16       0x66 ./i2c/i2c_driver.o
                0x00002c16                writeBit
 .text.writeBits
                0x00002c7c       0x8c ./i2c/i2c_driver.o
                0x00002c7c                writeBits
 .text.readBit  0x00002d08       0x4a ./i2c/i2c_driver.o
                0x00002d08                readBit
 .text.readBits
                0x00002d52       0x7a ./i2c/i2c_driver.o
                0x00002d52                readBits
 .text.kalman_init2
                0x00002dcc       0x88 ./gimbal/gimbal.o
                0x00002dcc                kalman_init2
 .text.get_angle2
                0x00002e54      0x2fe ./gimbal/gimbal.o
                0x00002e54                get_angle2
 .text.gimbal_init
                0x00003152      0x166 ./gimbal/gimbal.o
                0x00003152                gimbal_init
 .text.read_sensor_data
                0x000032b8      0x306 ./gimbal/gimbal.o
                0x000032b8                read_sensor_data
 .text.gimbal_kalman_angle
                0x000035be      0x3f8 ./gimbal/gimbal.o
                0x000035be                gimbal_kalman_angle
 .text.gimbal_tick
                0x000039b6        0x4 ./gimbal/gimbal.o
                0x000039b6                gimbal_tick
 .text.eeprom_read
                0x000039ba        0x4 ./eeprom/eeprom.o
                0x000039ba                eeprom_read
 .text.eeprom_write
                0x000039be        0x4 ./eeprom/eeprom.o
                0x000039be                eeprom_write
 .text.ComplimentaryFilter
                0x000039c2      0x2a4 ./complimentary/complimentary.o
                0x000039c2                ComplimentaryFilter
 .text.terminal_in_cb
                0x00003c66        0x6 ./main.o
                0x00003c66                terminal_in_cb
 .text.balance  0x00003c6c      0x14a ./main.o
                0x00003c6c                balance
 .text.startup.main
                0x00003db6       0xe8 ./main.o
                0x00003db6                main
 .text.avr-libc
                0x00003e9e      0x6f6 /usr/local/CrossPack-AVR-20131216/lib/gcc/avr/4.8.1/../../../../avr/lib/avr5/libprintf_flt.a(vfprintf_flt.o)
                0x00003e9e                vfprintf
 .text.avr-libc.fplib
                0x00004594        0xa /usr/local/CrossPack-AVR-20131216/lib/gcc/avr/4.8.1/../../../../avr/lib/avr5/libm.a(addsf3.o)
                0x00004594                __subsf3
                0x00004596                __addsf3
 .text.avr-libc.fplib
                0x0000459e       0xc0 /usr/local/CrossPack-AVR-20131216/lib/gcc/avr/4.8.1/../../../../avr/lib/avr5/libm.a(addsf3x.o)
                0x000045b8                __addsf3x
 .text.avr-libc.fplib
                0x0000465e       0x74 /usr/local/CrossPack-AVR-20131216/lib/gcc/avr/4.8.1/../../../../avr/lib/avr5/libm.a(atan2.o)
                0x0000467c                atan2
 .text.avr-libc.fplib
                0x000046d2       0x50 /usr/local/CrossPack-AVR-20131216/lib/gcc/avr/4.8.1/../../../../avr/lib/avr5/libm.a(atan.o)
                0x000046d2                atan
 .text.avr-libc.fplib
                0x00004722        0x8 /usr/local/CrossPack-AVR-20131216/lib/gcc/avr/4.8.1/../../../../avr/lib/avr5/libm.a(cmpsf2.o)
                0x00004722                __lesf2
                0x00004722                __nesf2
                0x00004722                __eqsf2
                0x00004722                __cmpsf2
                0x00004722                __ltsf2
 .text.avr-libc.fplib
                0x0000472a        0x4 /usr/local/CrossPack-AVR-20131216/lib/gcc/avr/4.8.1/../../../../avr/lib/avr5/libm.a(divsf3.o)
                0x0000472a                __divsf3
 .text.avr-libc.fplib
                0x0000472e       0xcc /usr/local/CrossPack-AVR-20131216/lib/gcc/avr/4.8.1/../../../../avr/lib/avr5/libm.a(divsf3x.o)
                0x00004744                __divsf3x
                0x00004748                __divsf3_pse
 .text.avr-libc.fplib
                0x000047fa        0xa /usr/local/CrossPack-AVR-20131216/lib/gcc/avr/4.8.1/../../../../avr/lib/avr5/libm.a(fixsfsi.o)
                0x000047fa                __fixsfsi
 .text.avr-libc.fplib
                0x00004804       0x58 /usr/local/CrossPack-AVR-20131216/lib/gcc/avr/4.8.1/../../../../avr/lib/avr5/libm.a(fixunssfsi.o)
                0x00004804                __fixunssfsi
 .text.avr-libc.fplib
                0x0000485c       0x7a /usr/local/CrossPack-AVR-20131216/lib/gcc/avr/4.8.1/../../../../avr/lib/avr5/libm.a(floatsisf.o)
                0x0000485c                __floatunsisf
                0x00004860                __floatsisf
 .text.avr-libc.fplib
                0x000048d6       0x48 /usr/local/CrossPack-AVR-20131216/lib/gcc/avr/4.8.1/../../../../avr/lib/avr5/libm.a(fp_cmp.o)
                0x000048d6                __fp_cmp
 .text.avr-libc.fplib
                0x0000491e        0xc /usr/local/CrossPack-AVR-20131216/lib/gcc/avr/4.8.1/../../../../avr/lib/avr5/libm.a(fp_inf.o)
                0x0000491e                __fp_inf
 .text.avr-libc.fplib
                0x0000492a        0x6 /usr/local/CrossPack-AVR-20131216/lib/gcc/avr/4.8.1/../../../../avr/lib/avr5/libm.a(fp_nan.o)
                0x0000492a                __fp_nan
 .text.avr-libc.fplib
                0x00004930       0x4a /usr/local/CrossPack-AVR-20131216/lib/gcc/avr/4.8.1/../../../../avr/lib/avr5/libm.a(fp_powser.o)
                0x00004930                __fp_powser
 .text.avr-libc.fplib
                0x0000497a        0xe /usr/local/CrossPack-AVR-20131216/lib/gcc/avr/4.8.1/../../../../avr/lib/avr5/libm.a(fp_pscA.o)
                0x0000497a                __fp_pscA
 .text.avr-libc.fplib
                0x00004988        0xe /usr/local/CrossPack-AVR-20131216/lib/gcc/avr/4.8.1/../../../../avr/lib/avr5/libm.a(fp_pscB.o)
                0x00004988                __fp_pscB
 .text.avr-libc.fplib
                0x00004996       0x22 /usr/local/CrossPack-AVR-20131216/lib/gcc/avr/4.8.1/../../../../avr/lib/avr5/libm.a(fp_round.o)
                0x00004996                __fp_round
 .text.avr-libc.fplib
                0x000049b8       0x44 /usr/local/CrossPack-AVR-20131216/lib/gcc/avr/4.8.1/../../../../avr/lib/avr5/libm.a(fp_split3.o)
                0x000049b8                __fp_split3
                0x000049c8                __fp_splitA
 .text.avr-libc.fplib
                0x000049fc        0xe /usr/local/CrossPack-AVR-20131216/lib/gcc/avr/4.8.1/../../../../avr/lib/avr5/libm.a(fp_zero.o)
                0x000049fc                __fp_zero
                0x000049fe                __fp_szero
 .text.avr-libc.fplib
                0x00004a0a        0x8 /usr/local/CrossPack-AVR-20131216/lib/gcc/avr/4.8.1/../../../../avr/lib/avr5/libm.a(gesf2.o)
                0x00004a0a                __gtsf2
                0x00004a0a                __gesf2
 .text.avr-libc.fplib
                0x00004a12        0xe /usr/local/CrossPack-AVR-20131216/lib/gcc/avr/4.8.1/../../../../avr/lib/avr5/libm.a(inverse.o)
                0x00004a12                inverse
 .text.avr-libc.fplib
                0x00004a20        0x4 /usr/local/CrossPack-AVR-20131216/lib/gcc/avr/4.8.1/../../../../avr/lib/avr5/libm.a(mulsf3.o)
                0x00004a20                __mulsf3
 .text.avr-libc.fplib
                0x00004a24       0xc2 /usr/local/CrossPack-AVR-20131216/lib/gcc/avr/4.8.1/../../../../avr/lib/avr5/libm.a(mulsf3x.o)
                0x00004a38                __mulsf3x
                0x00004a3c                __mulsf3_pse
 .text.avr-libc.fplib
                0x00004ae6       0x84 /usr/local/CrossPack-AVR-20131216/lib/gcc/avr/4.8.1/../../../../avr/lib/avr5/libm.a(sqrt.o)
                0x00004aee                sqrt
 .text.avr-libc.fplib
                0x00004b6a        0x6 /usr/local/CrossPack-AVR-20131216/lib/gcc/avr/4.8.1/../../../../avr/lib/avr5/libm.a(square.o)
                0x00004b6a                square
 .text.avr-libc.fplib
                0x00004b70       0x1c /usr/local/CrossPack-AVR-20131216/lib/gcc/avr/4.8.1/../../../../avr/lib/avr5/libm.a(fp_mpack.o)
                0x00004b70                __fp_mpack
                0x00004b74                __fp_mpack_finite
 .text.avr-libc.fplib
                0x00004b8c        0xe /usr/local/CrossPack-AVR-20131216/lib/gcc/avr/4.8.1/../../../../avr/lib/avr5/libm.a(fp_norm2.o)
                0x00004b8c                __fp_norm2
 .text.libgcc.mul
                0x00004b9a       0x20 /usr/local/CrossPack-AVR-20131216/lib/gcc/avr/4.8.1/avr5/libgcc.a(_mulsi3.o)
                0x00004b9a                __mulsi3
 .text.libgcc.div
                0x00004bba        0x0 /usr/local/CrossPack-AVR-20131216/lib/gcc/avr/4.8.1/avr5/libgcc.a(_mulsi3.o)
 .text.libgcc   0x00004bba        0x0 /usr/local/CrossPack-AVR-20131216/lib/gcc/avr/4.8.1/avr5/libgcc.a(_mulsi3.o)
 .text.libgcc.prologue
                0x00004bba        0x0 /usr/local/CrossPack-AVR-20131216/lib/gcc/avr/4.8.1/avr5/libgcc.a(_mulsi3.o)
 .text.libgcc.builtins
                0x00004bba        0x0 /usr/local/CrossPack-AVR-20131216/lib/gcc/avr/4.8.1/avr5/libgcc.a(_mulsi3.o)
 .text.libgcc.fmul
                0x00004bba        0x0 /usr/local/CrossPack-AVR-20131216/lib/gcc/avr/4.8.1/avr5/libgcc.a(_mulsi3.o)
 .text.libgcc.fixed
                0x00004bba        0x0 /usr/local/CrossPack-AVR-20131216/lib/gcc/avr/4.8.1/avr5/libgcc.a(_mulsi3.o)
 .text.libgcc.mul
                0x00004bba        0x0 /usr/local/CrossPack-AVR-20131216/lib/gcc/avr/4.8.1/avr5/libgcc.a(_divmodhi4.o)
 .text.libgcc.div
                0x00004bba       0x28 /usr/local/CrossPack-AVR-20131216/lib/gcc/avr/4.8.1/avr5/libgcc.a(_divmodhi4.o)
                0x00004bba                __divmodhi4
                0x00004bba                _div
 .text.libgcc   0x00004be2        0x0 /usr/local/CrossPack-AVR-20131216/lib/gcc/avr/4.8.1/avr5/libgcc.a(_divmodhi4.o)
 .text.libgcc.prologue
                0x00004be2        0x0 /usr/local/CrossPack-AVR-20131216/lib/gcc/avr/4.8.1/avr5/libgcc.a(_divmodhi4.o)
 .text.libgcc.builtins
                0x00004be2        0x0 /usr/local/CrossPack-AVR-20131216/lib/gcc/avr/4.8.1/avr5/libgcc.a(_divmodhi4.o)
 .text.libgcc.fmul
                0x00004be2        0x0 /usr/local/CrossPack-AVR-20131216/lib/gcc/avr/4.8.1/avr5/libgcc.a(_divmodhi4.o)
 .text.libgcc.fixed
                0x00004be2        0x0 /usr/local/CrossPack-AVR-20131216/lib/gcc/avr/4.8.1/avr5/libgcc.a(_divmodhi4.o)
 .text.libgcc.mul
                0x00004be2        0x0 /usr/local/CrossPack-AVR-20131216/lib/gcc/avr/4.8.1/avr5/libgcc.a(_divmodsi4.o)
 .text.libgcc.div
                0x00004be2       0x2e /usr/local/CrossPack-AVR-20131216/lib/gcc/avr/4.8.1/avr5/libgcc.a(_divmodsi4.o)
                0x00004be2                __divmodsi4
 .text.libgcc   0x00004c10        0x0 /usr/local/CrossPack-AVR-20131216/lib/gcc/avr/4.8.1/avr5/libgcc.a(_divmodsi4.o)
 .text.libgcc.prologue
                0x00004c10        0x0 /usr/local/CrossPack-AVR-20131216/lib/gcc/avr/4.8.1/avr5/libgcc.a(_divmodsi4.o)
 .text.libgcc.builtins
                0x00004c10        0x0 /usr/local/CrossPack-AVR-20131216/lib/gcc/avr/4.8.1/avr5/libgcc.a(_divmodsi4.o)
 .text.libgcc.fmul
                0x00004c10        0x0 /usr/local/CrossPack-AVR-20131216/lib/gcc/avr/4.8.1/avr5/libgcc.a(_divmodsi4.o)
 .text.libgcc.fixed
                0x00004c10        0x0 /usr/local/CrossPack-AVR-20131216/lib/gcc/avr/4.8.1/avr5/libgcc.a(_divmodsi4.o)
 .text.libgcc.mul
                0x00004c10        0x0 /usr/local/CrossPack-AVR-20131216/lib/gcc/avr/4.8.1/avr5/libgcc.a(_negsi2.o)
 .text.libgcc.div
                0x00004c10       0x10 /usr/local/CrossPack-AVR-20131216/lib/gcc/avr/4.8.1/avr5/libgcc.a(_negsi2.o)
                0x00004c10                __negsi2
 .text.libgcc   0x00004c20        0x0 /usr/local/CrossPack-AVR-20131216/lib/gcc/avr/4.8.1/avr5/libgcc.a(_negsi2.o)
 .text.libgcc.prologue
                0x00004c20        0x0 /usr/local/CrossPack-AVR-20131216/lib/gcc/avr/4.8.1/avr5/libgcc.a(_negsi2.o)
 .text.libgcc.builtins
                0x00004c20        0x0 /usr/local/CrossPack-AVR-20131216/lib/gcc/avr/4.8.1/avr5/libgcc.a(_negsi2.o)
 .text.libgcc.fmul
                0x00004c20        0x0 /usr/local/CrossPack-AVR-20131216/lib/gcc/avr/4.8.1/avr5/libgcc.a(_negsi2.o)
 .text.libgcc.fixed
                0x00004c20        0x0 /usr/local/CrossPack-AVR-20131216/lib/gcc/avr/4.8.1/avr5/libgcc.a(_negsi2.o)
 .text.libgcc.mul
                0x00004c20        0x0 /usr/local/CrossPack-AVR-20131216/lib/gcc/avr/4.8.1/avr5/libgcc.a(_exit.o)
 .text.libgcc.div
                0x00004c20        0x0 /usr/local/CrossPack-AVR-20131216/lib/gcc/avr/4.8.1/avr5/libgcc.a(_exit.o)
 .text.libgcc   0x00004c20        0x0 /usr/local/CrossPack-AVR-20131216/lib/gcc/avr/4.8.1/avr5/libgcc.a(_exit.o)
 .text.libgcc.prologue
                0x00004c20        0x0 /usr/local/CrossPack-AVR-20131216/lib/gcc/avr/4.8.1/avr5/libgcc.a(_exit.o)
 .text.libgcc.builtins
                0x00004c20        0x0 /usr/local/CrossPack-AVR-20131216/lib/gcc/avr/4.8.1/avr5/libgcc.a(_exit.o)
 .text.libgcc.fmul
                0x00004c20        0x0 /usr/local/CrossPack-AVR-20131216/lib/gcc/avr/4.8.1/avr5/libgcc.a(_exit.o)
 .text.libgcc.fixed
                0x00004c20        0x0 /usr/local/CrossPack-AVR-20131216/lib/gcc/avr/4.8.1/avr5/libgcc.a(_exit.o)
 .text.libgcc.mul
                0x00004c20        0x0 /usr/local/CrossPack-AVR-20131216/lib/gcc/avr/4.8.1/avr5/libgcc.a(_copy_data.o)
 .text.libgcc.div
                0x00004c20        0x0 /usr/local/CrossPack-AVR-20131216/lib/gcc/avr/4.8.1/avr5/libgcc.a(_copy_data.o)
 .text.libgcc   0x00004c20        0x0 /usr/local/CrossPack-AVR-20131216/lib/gcc/avr/4.8.1/avr5/libgcc.a(_copy_data.o)
 .text.libgcc.prologue
                0x00004c20        0x0 /usr/local/CrossPack-AVR-20131216/lib/gcc/avr/4.8.1/avr5/libgcc.a(_copy_data.o)
 .text.libgcc.builtins
                0x00004c20        0x0 /usr/local/CrossPack-AVR-20131216/lib/gcc/avr/4.8.1/avr5/libgcc.a(_copy_data.o)
 .text.libgcc.fmul
                0x00004c20        0x0 /usr/local/CrossPack-AVR-20131216/lib/gcc/avr/4.8.1/avr5/libgcc.a(_copy_data.o)
 .text.libgcc.fixed
                0x00004c20        0x0 /usr/local/CrossPack-AVR-20131216/lib/gcc/avr/4.8.1/avr5/libgcc.a(_copy_data.o)
 .text.libgcc.mul
                0x00004c20        0x0 /usr/local/CrossPack-AVR-20131216/lib/gcc/avr/4.8.1/avr5/libgcc.a(_clear_bss.o)
 .text.libgcc.div
                0x00004c20        0x0 /usr/local/CrossPack-AVR-20131216/lib/gcc/avr/4.8.1/avr5/libgcc.a(_clear_bss.o)
 .text.libgcc   0x00004c20        0x0 /usr/local/CrossPack-AVR-20131216/lib/gcc/avr/4.8.1/avr5/libgcc.a(_clear_bss.o)
 .text.libgcc.prologue
                0x00004c20        0x0 /usr/local/CrossPack-AVR-20131216/lib/gcc/avr/4.8.1/avr5/libgcc.a(_clear_bss.o)
 .text.libgcc.builtins
                0x00004c20        0x0 /usr/local/CrossPack-AVR-20131216/lib/gcc/avr/4.8.1/avr5/libgcc.a(_clear_bss.o)
 .text.libgcc.fmul
                0x00004c20        0x0 /usr/local/CrossPack-AVR-20131216/lib/gcc/avr/4.8.1/avr5/libgcc.a(_clear_bss.o)
 .text.libgcc.fixed
                0x00004c20        0x0 /usr/local/CrossPack-AVR-20131216/lib/gcc/avr/4.8.1/avr5/libgcc.a(_clear_bss.o)
 .text.libgcc.mul
                0x00004c20       0x16 /usr/local/CrossPack-AVR-20131216/lib/gcc/avr/4.8.1/avr5/libgcc.a(_muluhisi3.o)
                0x00004c20                __muluhisi3
 .text.libgcc.div
                0x00004c36        0x0 /usr/local/CrossPack-AVR-20131216/lib/gcc/avr/4.8.1/avr5/libgcc.a(_muluhisi3.o)
 .text.libgcc   0x00004c36        0x0 /usr/local/CrossPack-AVR-20131216/lib/gcc/avr/4.8.1/avr5/libgcc.a(_muluhisi3.o)
 .text.libgcc.prologue
                0x00004c36        0x0 /usr/local/CrossPack-AVR-20131216/lib/gcc/avr/4.8.1/avr5/libgcc.a(_muluhisi3.o)
 .text.libgcc.builtins
                0x00004c36        0x0 /usr/local/CrossPack-AVR-20131216/lib/gcc/avr/4.8.1/avr5/libgcc.a(_muluhisi3.o)
 .text.libgcc.fmul
                0x00004c36        0x0 /usr/local/CrossPack-AVR-20131216/lib/gcc/avr/4.8.1/avr5/libgcc.a(_muluhisi3.o)
 .text.libgcc.fixed
                0x00004c36        0x0 /usr/local/CrossPack-AVR-20131216/lib/gcc/avr/4.8.1/avr5/libgcc.a(_muluhisi3.o)
 .text.libgcc.mul
                0x00004c36       0x10 /usr/local/CrossPack-AVR-20131216/lib/gcc/avr/4.8.1/avr5/libgcc.a(_mulshisi3.o)
                0x00004c36                __mulshisi3
                0x00004c3c                __mulohisi3
 .text.libgcc.div
                0x00004c46        0x0 /usr/local/CrossPack-AVR-20131216/lib/gcc/avr/4.8.1/avr5/libgcc.a(_mulshisi3.o)
 .text.libgcc   0x00004c46        0x0 /usr/local/CrossPack-AVR-20131216/lib/gcc/avr/4.8.1/avr5/libgcc.a(_mulshisi3.o)
 .text.libgcc.prologue
                0x00004c46        0x0 /usr/local/CrossPack-AVR-20131216/lib/gcc/avr/4.8.1/avr5/libgcc.a(_mulshisi3.o)
 .text.libgcc.builtins
                0x00004c46        0x0 /usr/local/CrossPack-AVR-20131216/lib/gcc/avr/4.8.1/avr5/libgcc.a(_mulshisi3.o)
 .text.libgcc.fmul
                0x00004c46        0x0 /usr/local/CrossPack-AVR-20131216/lib/gcc/avr/4.8.1/avr5/libgcc.a(_mulshisi3.o)
 .text.libgcc.fixed
                0x00004c46        0x0 /usr/local/CrossPack-AVR-20131216/lib/gcc/avr/4.8.1/avr5/libgcc.a(_mulshisi3.o)
 .text.libgcc.mul
                0x00004c46        0x0 /usr/local/CrossPack-AVR-20131216/lib/gcc/avr/4.8.1/avr5/libgcc.a(_prologue.o)
 .text.libgcc.div
                0x00004c46        0x0 /usr/local/CrossPack-AVR-20131216/lib/gcc/avr/4.8.1/avr5/libgcc.a(_prologue.o)
 .text.libgcc   0x00004c46        0x0 /usr/local/CrossPack-AVR-20131216/lib/gcc/avr/4.8.1/avr5/libgcc.a(_prologue.o)
 .text.libgcc.prologue
                0x00004c46       0x38 /usr/local/CrossPack-AVR-20131216/lib/gcc/avr/4.8.1/avr5/libgcc.a(_prologue.o)
                0x00004c46                __prologue_saves__
 .text.libgcc.builtins
                0x00004c7e        0x0 /usr/local/CrossPack-AVR-20131216/lib/gcc/avr/4.8.1/avr5/libgcc.a(_prologue.o)
 .text.libgcc.fmul
                0x00004c7e        0x0 /usr/local/CrossPack-AVR-20131216/lib/gcc/avr/4.8.1/avr5/libgcc.a(_prologue.o)
 .text.libgcc.fixed
                0x00004c7e        0x0 /usr/local/CrossPack-AVR-20131216/lib/gcc/avr/4.8.1/avr5/libgcc.a(_prologue.o)
 .text.libgcc.mul
                0x00004c7e        0x0 /usr/local/CrossPack-AVR-20131216/lib/gcc/avr/4.8.1/avr5/libgcc.a(_epilogue.o)
 .text.libgcc.div
                0x00004c7e        0x0 /usr/local/CrossPack-AVR-20131216/lib/gcc/avr/4.8.1/avr5/libgcc.a(_epilogue.o)
 .text.libgcc   0x00004c7e        0x0 /usr/local/CrossPack-AVR-20131216/lib/gcc/avr/4.8.1/avr5/libgcc.a(_epilogue.o)
 .text.libgcc.prologue
                0x00004c7e       0x36 /usr/local/CrossPack-AVR-20131216/lib/gcc/avr/4.8.1/avr5/libgcc.a(_epilogue.o)
                0x00004c7e                __epilogue_restores__
 .text.libgcc.builtins
                0x00004cb4        0x0 /usr/local/CrossPack-AVR-20131216/lib/gcc/avr/4.8.1/avr5/libgcc.a(_epilogue.o)
 .text.libgcc.fmul
                0x00004cb4        0x0 /usr/local/CrossPack-AVR-20131216/lib/gcc/avr/4.8.1/avr5/libgcc.a(_epilogue.o)
 .text.libgcc.fixed
                0x00004cb4        0x0 /usr/local/CrossPack-AVR-20131216/lib/gcc/avr/4.8.1/avr5/libgcc.a(_epilogue.o)
 .text.libgcc.mul
                0x00004cb4        0x0 /usr/local/CrossPack-AVR-20131216/lib/gcc/avr/4.8.1/avr5/libgcc.a(_udivmodhi4.o)
 .text.libgcc.div
                0x00004cb4       0x28 /usr/local/CrossPack-AVR-20131216/lib/gcc/avr/4.8.1/avr5/libgcc.a(_udivmodhi4.o)
                0x00004cb4                __udivmodhi4
 .text.libgcc   0x00004cdc        0x0 /usr/local/CrossPack-AVR-20131216/lib/gcc/avr/4.8.1/avr5/libgcc.a(_udivmodhi4.o)
 .text.libgcc.prologue
                0x00004cdc        0x0 /usr/local/CrossPack-AVR-20131216/lib/gcc/avr/4.8.1/avr5/libgcc.a(_udivmodhi4.o)
 .text.libgcc.builtins
                0x00004cdc        0x0 /usr/local/CrossPack-AVR-20131216/lib/gcc/avr/4.8.1/avr5/libgcc.a(_udivmodhi4.o)
 .text.libgcc.fmul
                0x00004cdc        0x0 /usr/local/CrossPack-AVR-20131216/lib/gcc/avr/4.8.1/avr5/libgcc.a(_udivmodhi4.o)
 .text.libgcc.fixed
                0x00004cdc        0x0 /usr/local/CrossPack-AVR-20131216/lib/gcc/avr/4.8.1/avr5/libgcc.a(_udivmodhi4.o)
 .text.libgcc.mul
                0x00004cdc        0x0 /usr/local/CrossPack-AVR-20131216/lib/gcc/avr/4.8.1/avr5/libgcc.a(_udivmodsi4.o)
 .text.libgcc.div
                0x00004cdc       0x44 /usr/local/CrossPack-AVR-20131216/lib/gcc/avr/4.8.1/avr5/libgcc.a(_udivmodsi4.o)
                0x00004cdc                __udivmodsi4
 .text.libgcc   0x00004d20        0x0 /usr/local/CrossPack-AVR-20131216/lib/gcc/avr/4.8.1/avr5/libgcc.a(_udivmodsi4.o)
 .text.libgcc.prologue
                0x00004d20        0x0 /usr/local/CrossPack-AVR-20131216/lib/gcc/avr/4.8.1/avr5/libgcc.a(_udivmodsi4.o)
 .text.libgcc.builtins
                0x00004d20        0x0 /usr/local/CrossPack-AVR-20131216/lib/gcc/avr/4.8.1/avr5/libgcc.a(_udivmodsi4.o)
 .text.libgcc.fmul
                0x00004d20        0x0 /usr/local/CrossPack-AVR-20131216/lib/gcc/avr/4.8.1/avr5/libgcc.a(_udivmodsi4.o)
 .text.libgcc.fixed
                0x00004d20        0x0 /usr/local/CrossPack-AVR-20131216/lib/gcc/avr/4.8.1/avr5/libgcc.a(_udivmodsi4.o)
 .text.libgcc.mul
                0x00004d20       0x1e /usr/local/CrossPack-AVR-20131216/lib/gcc/avr/4.8.1/avr5/libgcc.a(_umulhisi3.o)
                0x00004d20                __umulhisi3
 .text.libgcc.div
                0x00004d3e        0x0 /usr/local/CrossPack-AVR-20131216/lib/gcc/avr/4.8.1/avr5/libgcc.a(_umulhisi3.o)
 .text.libgcc   0x00004d3e        0x0 /usr/local/CrossPack-AVR-20131216/lib/gcc/avr/4.8.1/avr5/libgcc.a(_umulhisi3.o)
 .text.libgcc.prologue
                0x00004d3e        0x0 /usr/local/CrossPack-AVR-20131216/lib/gcc/avr/4.8.1/avr5/libgcc.a(_umulhisi3.o)
 .text.libgcc.builtins
                0x00004d3e        0x0 /usr/local/CrossPack-AVR-20131216/lib/gcc/avr/4.8.1/avr5/libgcc.a(_umulhisi3.o)
 .text.libgcc.fmul
                0x00004d3e        0x0 /usr/local/CrossPack-AVR-20131216/lib/gcc/avr/4.8.1/avr5/libgcc.a(_umulhisi3.o)
 .text.libgcc.fixed
                0x00004d3e        0x0 /usr/local/CrossPack-AVR-20131216/lib/gcc/avr/4.8.1/avr5/libgcc.a(_umulhisi3.o)
 .text.avr-libc
                0x00004d3e      0x1b0 /usr/local/CrossPack-AVR-20131216/lib/gcc/avr/4.8.1/../../../../avr/lib/avr5/libc.a(ftoa_engine.o)
                0x00004d3e                __ftoa_engine
 .text.avr-libc
                0x00004eee       0x16 /usr/local/CrossPack-AVR-20131216/lib/gcc/avr/4.8.1/../../../../avr/lib/avr5/libc.a(strnlen_P.o)
                0x00004eee                strnlen_P
 .text.avr-libc
                0x00004f04       0x16 /usr/local/CrossPack-AVR-20131216/lib/gcc/avr/4.8.1/../../../../avr/lib/avr5/libc.a(strnlen.o)
                0x00004f04                strnlen
 .text.avr-libc
                0x00004f1a       0x96 /usr/local/CrossPack-AVR-20131216/lib/gcc/avr/4.8.1/../../../../avr/lib/avr5/libc.a(fdevopen.o)
                0x00004f1a                fdevopen
 .text.avr-libc
                0x00004fb0       0x64 /usr/local/CrossPack-AVR-20131216/lib/gcc/avr/4.8.1/../../../../avr/lib/avr5/libc.a(fputc.o)
                0x00004fb0                fputc
 .text.avr-libc
                0x00005014       0x1e /usr/local/CrossPack-AVR-20131216/lib/gcc/avr/4.8.1/../../../../avr/lib/avr5/libc.a(vfprintf_p.o)
                0x00005014                vfprintf_P
 .text.avr-libc
                0x00005032       0xbc /usr/local/CrossPack-AVR-20131216/lib/gcc/avr/4.8.1/../../../../avr/lib/avr5/libc.a(ultoa_invert.o)
                0x00005032                __ultoa_invert
 .text.avr-libc
                0x000050ee       0x10 /usr/local/CrossPack-AVR-20131216/lib/gcc/avr/4.8.1/../../../../avr/lib/avr5/libc.a(eerd_byte_atmega328p.o)
                0x000050ee                __eerd_byte_m328p
 .text.avr-libc
                0x000050fe       0x1c /usr/local/CrossPack-AVR-20131216/lib/gcc/avr/4.8.1/../../../../avr/lib/avr5/libc.a(eewr_byte_atmega328p.o)
                0x000050fe                __eewr_byte_m328p
                0x00005100                __eewr_r18_m328p
 .text.avr-libc
                0x0000511a       0x38 /usr/local/CrossPack-AVR-20131216/lib/gcc/avr/4.8.1/../../../../avr/lib/avr5/libc.a(calloc.o)
                0x0000511a                calloc
 .text.avr-libc
                0x00005152      0x24e /usr/local/CrossPack-AVR-20131216/lib/gcc/avr/4.8.1/../../../../avr/lib/avr5/libc.a(malloc.o)
                0x00005152                malloc
                0x00005282                free
 .text.avr-libc
                0x000053a0        0xe /usr/local/CrossPack-AVR-20131216/lib/gcc/avr/4.8.1/../../../../avr/lib/avr5/libc.a(memset.o)
                0x000053a0                memset
                0x000053ae                . = ALIGN (0x2)
 *(.fini9)
 .fini9         0x000053ae        0x0 /usr/local/CrossPack-AVR-20131216/lib/gcc/avr/4.8.1/avr5/libgcc.a(_exit.o)
                0x000053ae                exit
                0x000053ae                _exit
 *(.fini9)
 *(.fini8)
 *(.fini8)
 *(.fini7)
 *(.fini7)
 *(.fini6)
 *(.fini6)
 *(.fini5)
 *(.fini5)
 *(.fini4)
 *(.fini4)
 *(.fini3)
 *(.fini3)
 *(.fini2)
 *(.fini2)
 *(.fini1)
 *(.fini1)
 *(.fini0)
 .fini0         0x000053ae        0x4 /usr/local/CrossPack-AVR-20131216/lib/gcc/avr/4.8.1/avr5/libgcc.a(_exit.o)
 *(.fini0)
                0x000053b2                _etext = .

.data           0x00800100       0x34 load address 0x000053b2
                0x00800100                PROVIDE (__data_start, .)
 *(.data)
 .data          0x00800100        0x0 /usr/local/CrossPack-AVR-20131216/lib/gcc/avr/4.8.1/../../../../avr/lib/avr5/crtm328p.o
 .data          0x00800100        0x0 ./util/clock.o
 .data          0x00800100        0x0 ./util/config.o
 .data          0x00800100        0x0 ./util/log.o
 .data          0x00800100        0x0 ./pwm/pwm.o
 .data          0x00800100        0x0 ./math/fast_math.o
 .data          0x00800100        0x0 ./imu/gyro.o
 .data          0x00800100        0x0 ./imu/imu.o
 .data          0x00800100        0x0 ./imu/mpu6050.o
 .data          0x00800100        0x0 ./i2c/twi/twi.o
 .data          0x00800100        0x0 ./i2c/i2c.o
 .data          0x00800100        0x0 ./i2c/i2c_driver.o
 .data          0x00800100        0x0 ./gimbal/gimbal.o
 .data          0x00800100        0x0 ./eeprom/eeprom.o
 .data          0x00800100        0x0 ./complimentary/complimentary.o
 .data          0x00800100        0x0 ./main.o
 .data          0x00800100        0x0 /usr/local/CrossPack-AVR-20131216/lib/gcc/avr/4.8.1/../../../../avr/lib/avr5/libprintf_flt.a(vfprintf_flt.o)
 .data          0x00800100        0x0 /usr/local/CrossPack-AVR-20131216/lib/gcc/avr/4.8.1/../../../../avr/lib/avr5/libm.a(addsf3.o)
 .data          0x00800100        0x0 /usr/local/CrossPack-AVR-20131216/lib/gcc/avr/4.8.1/../../../../avr/lib/avr5/libm.a(addsf3x.o)
 .data          0x00800100        0x0 /usr/local/CrossPack-AVR-20131216/lib/gcc/avr/4.8.1/../../../../avr/lib/avr5/libm.a(atan2.o)
 .data          0x00800100        0x0 /usr/local/CrossPack-AVR-20131216/lib/gcc/avr/4.8.1/../../../../avr/lib/avr5/libm.a(atan.o)
 .data          0x00800100        0x0 /usr/local/CrossPack-AVR-20131216/lib/gcc/avr/4.8.1/../../../../avr/lib/avr5/libm.a(cmpsf2.o)
 .data          0x00800100        0x0 /usr/local/CrossPack-AVR-20131216/lib/gcc/avr/4.8.1/../../../../avr/lib/avr5/libm.a(divsf3.o)
 .data          0x00800100        0x0 /usr/local/CrossPack-AVR-20131216/lib/gcc/avr/4.8.1/../../../../avr/lib/avr5/libm.a(divsf3x.o)
 .data          0x00800100        0x0 /usr/local/CrossPack-AVR-20131216/lib/gcc/avr/4.8.1/../../../../avr/lib/avr5/libm.a(fixsfsi.o)
 .data          0x00800100        0x0 /usr/local/CrossPack-AVR-20131216/lib/gcc/avr/4.8.1/../../../../avr/lib/avr5/libm.a(fixunssfsi.o)
 .data          0x00800100        0x0 /usr/local/CrossPack-AVR-20131216/lib/gcc/avr/4.8.1/../../../../avr/lib/avr5/libm.a(floatsisf.o)
 .data          0x00800100        0x0 /usr/local/CrossPack-AVR-20131216/lib/gcc/avr/4.8.1/../../../../avr/lib/avr5/libm.a(fp_cmp.o)
 .data          0x00800100        0x0 /usr/local/CrossPack-AVR-20131216/lib/gcc/avr/4.8.1/../../../../avr/lib/avr5/libm.a(fp_inf.o)
 .data          0x00800100        0x0 /usr/local/CrossPack-AVR-20131216/lib/gcc/avr/4.8.1/../../../../avr/lib/avr5/libm.a(fp_nan.o)
 .data          0x00800100        0x0 /usr/local/CrossPack-AVR-20131216/lib/gcc/avr/4.8.1/../../../../avr/lib/avr5/libm.a(fp_powser.o)
 .data          0x00800100        0x0 /usr/local/CrossPack-AVR-20131216/lib/gcc/avr/4.8.1/../../../../avr/lib/avr5/libm.a(fp_pscA.o)
 .data          0x00800100        0x0 /usr/local/CrossPack-AVR-20131216/lib/gcc/avr/4.8.1/../../../../avr/lib/avr5/libm.a(fp_pscB.o)
 .data          0x00800100        0x0 /usr/local/CrossPack-AVR-20131216/lib/gcc/avr/4.8.1/../../../../avr/lib/avr5/libm.a(fp_round.o)
 .data          0x00800100        0x0 /usr/local/CrossPack-AVR-20131216/lib/gcc/avr/4.8.1/../../../../avr/lib/avr5/libm.a(fp_split3.o)
 .data          0x00800100        0x0 /usr/local/CrossPack-AVR-20131216/lib/gcc/avr/4.8.1/../../../../avr/lib/avr5/libm.a(fp_zero.o)
 .data          0x00800100        0x0 /usr/local/CrossPack-AVR-20131216/lib/gcc/avr/4.8.1/../../../../avr/lib/avr5/libm.a(gesf2.o)
 .data          0x00800100        0x0 /usr/local/CrossPack-AVR-20131216/lib/gcc/avr/4.8.1/../../../../avr/lib/avr5/libm.a(inverse.o)
 .data          0x00800100        0x0 /usr/local/CrossPack-AVR-20131216/lib/gcc/avr/4.8.1/../../../../avr/lib/avr5/libm.a(mulsf3.o)
 .data          0x00800100        0x0 /usr/local/CrossPack-AVR-20131216/lib/gcc/avr/4.8.1/../../../../avr/lib/avr5/libm.a(mulsf3x.o)
 .data          0x00800100        0x0 /usr/local/CrossPack-AVR-20131216/lib/gcc/avr/4.8.1/../../../../avr/lib/avr5/libm.a(sqrt.o)
 .data          0x00800100        0x0 /usr/local/CrossPack-AVR-20131216/lib/gcc/avr/4.8.1/../../../../avr/lib/avr5/libm.a(square.o)
 .data          0x00800100        0x0 /usr/local/CrossPack-AVR-20131216/lib/gcc/avr/4.8.1/../../../../avr/lib/avr5/libm.a(fp_mpack.o)
 .data          0x00800100        0x0 /usr/local/CrossPack-AVR-20131216/lib/gcc/avr/4.8.1/../../../../avr/lib/avr5/libm.a(fp_norm2.o)
 .data          0x00800100        0x0 /usr/local/CrossPack-AVR-20131216/lib/gcc/avr/4.8.1/avr5/libgcc.a(_mulsi3.o)
 .data          0x00800100        0x0 /usr/local/CrossPack-AVR-20131216/lib/gcc/avr/4.8.1/avr5/libgcc.a(_divmodhi4.o)
 .data          0x00800100        0x0 /usr/local/CrossPack-AVR-20131216/lib/gcc/avr/4.8.1/avr5/libgcc.a(_divmodsi4.o)
 .data          0x00800100        0x0 /usr/local/CrossPack-AVR-20131216/lib/gcc/avr/4.8.1/avr5/libgcc.a(_negsi2.o)
 .data          0x00800100        0x0 /usr/local/CrossPack-AVR-20131216/lib/gcc/avr/4.8.1/avr5/libgcc.a(_exit.o)
 .data          0x00800100        0x0 /usr/local/CrossPack-AVR-20131216/lib/gcc/avr/4.8.1/avr5/libgcc.a(_copy_data.o)
 .data          0x00800100        0x0 /usr/local/CrossPack-AVR-20131216/lib/gcc/avr/4.8.1/avr5/libgcc.a(_clear_bss.o)
 .data          0x00800100        0x0 /usr/local/CrossPack-AVR-20131216/lib/gcc/avr/4.8.1/avr5/libgcc.a(_muluhisi3.o)
 .data          0x00800100        0x0 /usr/local/CrossPack-AVR-20131216/lib/gcc/avr/4.8.1/avr5/libgcc.a(_mulshisi3.o)
 .data          0x00800100        0x0 /usr/local/CrossPack-AVR-20131216/lib/gcc/avr/4.8.1/avr5/libgcc.a(_prologue.o)
 .data          0x00800100        0x0 /usr/local/CrossPack-AVR-20131216/lib/gcc/avr/4.8.1/avr5/libgcc.a(_epilogue.o)
 .data          0x00800100        0x0 /usr/local/CrossPack-AVR-20131216/lib/gcc/avr/4.8.1/avr5/libgcc.a(_udivmodhi4.o)
 .data          0x00800100        0x0 /usr/local/CrossPack-AVR-20131216/lib/gcc/avr/4.8.1/avr5/libgcc.a(_udivmodsi4.o)
 .data          0x00800100        0x0 /usr/local/CrossPack-AVR-20131216/lib/gcc/avr/4.8.1/avr5/libgcc.a(_umulhisi3.o)
 .data          0x00800100        0x0 /usr/local/CrossPack-AVR-20131216/lib/gcc/avr/4.8.1/../../../../avr/lib/avr5/libc.a(ftoa_engine.o)
 .data          0x00800100        0x0 /usr/local/CrossPack-AVR-20131216/lib/gcc/avr/4.8.1/../../../../avr/lib/avr5/libc.a(strnlen_P.o)
 .data          0x00800100        0x0 /usr/local/CrossPack-AVR-20131216/lib/gcc/avr/4.8.1/../../../../avr/lib/avr5/libc.a(strnlen.o)
 .data          0x00800100        0x0 /usr/local/CrossPack-AVR-20131216/lib/gcc/avr/4.8.1/../../../../avr/lib/avr5/libc.a(fdevopen.o)
 .data          0x00800100        0x0 /usr/local/CrossPack-AVR-20131216/lib/gcc/avr/4.8.1/../../../../avr/lib/avr5/libc.a(fputc.o)
 .data          0x00800100        0x0 /usr/local/CrossPack-AVR-20131216/lib/gcc/avr/4.8.1/../../../../avr/lib/avr5/libc.a(iob.o)
 .data          0x00800100        0x0 /usr/local/CrossPack-AVR-20131216/lib/gcc/avr/4.8.1/../../../../avr/lib/avr5/libc.a(vfprintf_p.o)
 .data          0x00800100        0x0 /usr/local/CrossPack-AVR-20131216/lib/gcc/avr/4.8.1/../../../../avr/lib/avr5/libc.a(ultoa_invert.o)
 .data          0x00800100        0x0 /usr/local/CrossPack-AVR-20131216/lib/gcc/avr/4.8.1/../../../../avr/lib/avr5/libc.a(eerd_byte_atmega328p.o)
 .data          0x00800100        0x0 /usr/local/CrossPack-AVR-20131216/lib/gcc/avr/4.8.1/../../../../avr/lib/avr5/libc.a(eewr_byte_atmega328p.o)
 .data          0x00800100        0x0 /usr/local/CrossPack-AVR-20131216/lib/gcc/avr/4.8.1/../../../../avr/lib/avr5/libc.a(calloc.o)
 .data          0x00800100        0x6 /usr/local/CrossPack-AVR-20131216/lib/gcc/avr/4.8.1/../../../../avr/lib/avr5/libc.a(malloc.o)
                0x00800100                __malloc_heap_end
                0x00800102                __malloc_heap_start
                0x00800104                __malloc_margin
 .data          0x00800106        0x0 /usr/local/CrossPack-AVR-20131216/lib/gcc/avr/4.8.1/../../../../avr/lib/avr5/libc.a(memset.o)
 *(.data*)
 .data.duty_cycle_channel5
                0x00800106        0x2 ./pwm/pwm.o
 .data.duty_cycle_channel4
                0x00800108        0x2 ./pwm/pwm.o
 .data.sensor_def
                0x0080010a       0x12 ./imu/gyro.o
                0x0080010a                sensor_def
 .data.acc_25deg
                0x0080011c        0x2 ./imu/imu.o
                0x0080011c                acc_25deg
 .data.imu_address
                0x0080011e        0x1 ./imu/imu.o
                0x0080011e                imu_address
 .data.readTimeout
                0x0080011f        0x2 ./i2c/i2c_driver.o
                0x0080011f                readTimeout
 .data.mag_rate
                0x00800121        0x1 ./gimbal/gimbal.o
                0x00800121                mag_rate
 .data.gimbal_state
                0x00800122        0x1 ./gimbal/gimbal.o
                0x00800122                gimbal_state
 .data.pwm_out_y
                0x00800123        0x2 ./main.o
                0x00800123                pwm_out_y
 .data.pwm_out_x
                0x00800125        0x2 ./main.o
                0x00800125                pwm_out_x
 *(.rodata)
 *(.rodata*)
 .rodata.g_sensitivity
                0x00800127        0x4 ./gimbal/gimbal.o
                0x00800127                g_sensitivity
 .rodata.accel_alpha
                0x0080012b        0x4 ./gimbal/gimbal.o
                0x0080012b                accel_alpha
 .rodata.gyro_sensitivity
                0x0080012f        0x4 ./complimentary/complimentary.o
                0x0080012f                gyro_sensitivity
 *(.gnu.linkonce.d*)
                0x00800134                . = ALIGN (0x2)
 *fill*         0x00800133        0x1 
                0x00800134                _edata = .
                0x00800134                PROVIDE (__data_end, .)

.bss            0x00800134      0x221
                0x00800134                PROVIDE (__bss_start, .)
 *(.bss)
 .bss           0x00800134        0x0 /usr/local/CrossPack-AVR-20131216/lib/gcc/avr/4.8.1/../../../../avr/lib/avr5/crtm328p.o
 .bss           0x00800134        0x0 ./util/clock.o
 .bss           0x00800134        0x0 ./util/config.o
 .bss           0x00800134        0x0 ./util/log.o
 .bss           0x00800134        0x0 ./pwm/pwm.o
 .bss           0x00800134        0x0 ./math/fast_math.o
 .bss           0x00800134        0x0 ./imu/gyro.o
 .bss           0x00800134        0x0 ./imu/imu.o
 .bss           0x00800134        0x0 ./imu/mpu6050.o
 .bss           0x00800134        0x0 ./i2c/twi/twi.o
 .bss           0x00800134        0x0 ./i2c/i2c.o
 .bss           0x00800134        0x0 ./i2c/i2c_driver.o
 .bss           0x00800134        0x0 ./gimbal/gimbal.o
 .bss           0x00800134        0x0 ./eeprom/eeprom.o
 .bss           0x00800134        0x0 ./complimentary/complimentary.o
 .bss           0x00800134        0x0 ./main.o
 .bss           0x00800134        0x0 /usr/local/CrossPack-AVR-20131216/lib/gcc/avr/4.8.1/../../../../avr/lib/avr5/libprintf_flt.a(vfprintf_flt.o)
 .bss           0x00800134        0x0 /usr/local/CrossPack-AVR-20131216/lib/gcc/avr/4.8.1/../../../../avr/lib/avr5/libm.a(addsf3.o)
 .bss           0x00800134        0x0 /usr/local/CrossPack-AVR-20131216/lib/gcc/avr/4.8.1/../../../../avr/lib/avr5/libm.a(addsf3x.o)
 .bss           0x00800134        0x0 /usr/local/CrossPack-AVR-20131216/lib/gcc/avr/4.8.1/../../../../avr/lib/avr5/libm.a(atan2.o)
 .bss           0x00800134        0x0 /usr/local/CrossPack-AVR-20131216/lib/gcc/avr/4.8.1/../../../../avr/lib/avr5/libm.a(atan.o)
 .bss           0x00800134        0x0 /usr/local/CrossPack-AVR-20131216/lib/gcc/avr/4.8.1/../../../../avr/lib/avr5/libm.a(cmpsf2.o)
 .bss           0x00800134        0x0 /usr/local/CrossPack-AVR-20131216/lib/gcc/avr/4.8.1/../../../../avr/lib/avr5/libm.a(divsf3.o)
 .bss           0x00800134        0x0 /usr/local/CrossPack-AVR-20131216/lib/gcc/avr/4.8.1/../../../../avr/lib/avr5/libm.a(divsf3x.o)
 .bss           0x00800134        0x0 /usr/local/CrossPack-AVR-20131216/lib/gcc/avr/4.8.1/../../../../avr/lib/avr5/libm.a(fixsfsi.o)
 .bss           0x00800134        0x0 /usr/local/CrossPack-AVR-20131216/lib/gcc/avr/4.8.1/../../../../avr/lib/avr5/libm.a(fixunssfsi.o)
 .bss           0x00800134        0x0 /usr/local/CrossPack-AVR-20131216/lib/gcc/avr/4.8.1/../../../../avr/lib/avr5/libm.a(floatsisf.o)
 .bss           0x00800134        0x0 /usr/local/CrossPack-AVR-20131216/lib/gcc/avr/4.8.1/../../../../avr/lib/avr5/libm.a(fp_cmp.o)
 .bss           0x00800134        0x0 /usr/local/CrossPack-AVR-20131216/lib/gcc/avr/4.8.1/../../../../avr/lib/avr5/libm.a(fp_inf.o)
 .bss           0x00800134        0x0 /usr/local/CrossPack-AVR-20131216/lib/gcc/avr/4.8.1/../../../../avr/lib/avr5/libm.a(fp_nan.o)
 .bss           0x00800134        0x0 /usr/local/CrossPack-AVR-20131216/lib/gcc/avr/4.8.1/../../../../avr/lib/avr5/libm.a(fp_powser.o)
 .bss           0x00800134        0x0 /usr/local/CrossPack-AVR-20131216/lib/gcc/avr/4.8.1/../../../../avr/lib/avr5/libm.a(fp_pscA.o)
 .bss           0x00800134        0x0 /usr/local/CrossPack-AVR-20131216/lib/gcc/avr/4.8.1/../../../../avr/lib/avr5/libm.a(fp_pscB.o)
 .bss           0x00800134        0x0 /usr/local/CrossPack-AVR-20131216/lib/gcc/avr/4.8.1/../../../../avr/lib/avr5/libm.a(fp_round.o)
 .bss           0x00800134        0x0 /usr/local/CrossPack-AVR-20131216/lib/gcc/avr/4.8.1/../../../../avr/lib/avr5/libm.a(fp_split3.o)
 .bss           0x00800134        0x0 /usr/local/CrossPack-AVR-20131216/lib/gcc/avr/4.8.1/../../../../avr/lib/avr5/libm.a(fp_zero.o)
 .bss           0x00800134        0x0 /usr/local/CrossPack-AVR-20131216/lib/gcc/avr/4.8.1/../../../../avr/lib/avr5/libm.a(gesf2.o)
 .bss           0x00800134        0x0 /usr/local/CrossPack-AVR-20131216/lib/gcc/avr/4.8.1/../../../../avr/lib/avr5/libm.a(inverse.o)
 .bss           0x00800134        0x0 /usr/local/CrossPack-AVR-20131216/lib/gcc/avr/4.8.1/../../../../avr/lib/avr5/libm.a(mulsf3.o)
 .bss           0x00800134        0x0 /usr/local/CrossPack-AVR-20131216/lib/gcc/avr/4.8.1/../../../../avr/lib/avr5/libm.a(mulsf3x.o)
 .bss           0x00800134        0x0 /usr/local/CrossPack-AVR-20131216/lib/gcc/avr/4.8.1/../../../../avr/lib/avr5/libm.a(sqrt.o)
 .bss           0x00800134        0x0 /usr/local/CrossPack-AVR-20131216/lib/gcc/avr/4.8.1/../../../../avr/lib/avr5/libm.a(square.o)
 .bss           0x00800134        0x0 /usr/local/CrossPack-AVR-20131216/lib/gcc/avr/4.8.1/../../../../avr/lib/avr5/libm.a(fp_mpack.o)
 .bss           0x00800134        0x0 /usr/local/CrossPack-AVR-20131216/lib/gcc/avr/4.8.1/../../../../avr/lib/avr5/libm.a(fp_norm2.o)
 .bss           0x00800134        0x0 /usr/local/CrossPack-AVR-20131216/lib/gcc/avr/4.8.1/avr5/libgcc.a(_mulsi3.o)
 .bss           0x00800134        0x0 /usr/local/CrossPack-AVR-20131216/lib/gcc/avr/4.8.1/avr5/libgcc.a(_divmodhi4.o)
 .bss           0x00800134        0x0 /usr/local/CrossPack-AVR-20131216/lib/gcc/avr/4.8.1/avr5/libgcc.a(_divmodsi4.o)
 .bss           0x00800134        0x0 /usr/local/CrossPack-AVR-20131216/lib/gcc/avr/4.8.1/avr5/libgcc.a(_negsi2.o)
 .bss           0x00800134        0x0 /usr/local/CrossPack-AVR-20131216/lib/gcc/avr/4.8.1/avr5/libgcc.a(_exit.o)
 .bss           0x00800134        0x0 /usr/local/CrossPack-AVR-20131216/lib/gcc/avr/4.8.1/avr5/libgcc.a(_copy_data.o)
 .bss           0x00800134        0x0 /usr/local/CrossPack-AVR-20131216/lib/gcc/avr/4.8.1/avr5/libgcc.a(_clear_bss.o)
 .bss           0x00800134        0x0 /usr/local/CrossPack-AVR-20131216/lib/gcc/avr/4.8.1/avr5/libgcc.a(_muluhisi3.o)
 .bss           0x00800134        0x0 /usr/local/CrossPack-AVR-20131216/lib/gcc/avr/4.8.1/avr5/libgcc.a(_mulshisi3.o)
 .bss           0x00800134        0x0 /usr/local/CrossPack-AVR-20131216/lib/gcc/avr/4.8.1/avr5/libgcc.a(_prologue.o)
 .bss           0x00800134        0x0 /usr/local/CrossPack-AVR-20131216/lib/gcc/avr/4.8.1/avr5/libgcc.a(_epilogue.o)
 .bss           0x00800134        0x0 /usr/local/CrossPack-AVR-20131216/lib/gcc/avr/4.8.1/avr5/libgcc.a(_udivmodhi4.o)
 .bss           0x00800134        0x0 /usr/local/CrossPack-AVR-20131216/lib/gcc/avr/4.8.1/avr5/libgcc.a(_udivmodsi4.o)
 .bss           0x00800134        0x0 /usr/local/CrossPack-AVR-20131216/lib/gcc/avr/4.8.1/avr5/libgcc.a(_umulhisi3.o)
 .bss           0x00800134        0x0 /usr/local/CrossPack-AVR-20131216/lib/gcc/avr/4.8.1/../../../../avr/lib/avr5/libc.a(ftoa_engine.o)
 .bss           0x00800134        0x0 /usr/local/CrossPack-AVR-20131216/lib/gcc/avr/4.8.1/../../../../avr/lib/avr5/libc.a(strnlen_P.o)
 .bss           0x00800134        0x0 /usr/local/CrossPack-AVR-20131216/lib/gcc/avr/4.8.1/../../../../avr/lib/avr5/libc.a(strnlen.o)
 .bss           0x00800134        0x0 /usr/local/CrossPack-AVR-20131216/lib/gcc/avr/4.8.1/../../../../avr/lib/avr5/libc.a(fdevopen.o)
 .bss           0x00800134        0x0 /usr/local/CrossPack-AVR-20131216/lib/gcc/avr/4.8.1/../../../../avr/lib/avr5/libc.a(fputc.o)
 .bss           0x00800134        0x0 /usr/local/CrossPack-AVR-20131216/lib/gcc/avr/4.8.1/../../../../avr/lib/avr5/libc.a(iob.o)
 .bss           0x00800134        0x0 /usr/local/CrossPack-AVR-20131216/lib/gcc/avr/4.8.1/../../../../avr/lib/avr5/libc.a(vfprintf_p.o)
 .bss           0x00800134        0x0 /usr/local/CrossPack-AVR-20131216/lib/gcc/avr/4.8.1/../../../../avr/lib/avr5/libc.a(ultoa_invert.o)
 .bss           0x00800134        0x0 /usr/local/CrossPack-AVR-20131216/lib/gcc/avr/4.8.1/../../../../avr/lib/avr5/libc.a(eerd_byte_atmega328p.o)
 .bss           0x00800134        0x0 /usr/local/CrossPack-AVR-20131216/lib/gcc/avr/4.8.1/../../../../avr/lib/avr5/libc.a(eewr_byte_atmega328p.o)
 .bss           0x00800134        0x0 /usr/local/CrossPack-AVR-20131216/lib/gcc/avr/4.8.1/../../../../avr/lib/avr5/libc.a(calloc.o)
 .bss           0x00800134        0x0 /usr/local/CrossPack-AVR-20131216/lib/gcc/avr/4.8.1/../../../../avr/lib/avr5/libc.a(malloc.o)
 .bss           0x00800134        0x0 /usr/local/CrossPack-AVR-20131216/lib/gcc/avr/4.8.1/../../../../avr/lib/avr5/libc.a(memset.o)
 *(.bss*)
 .bss.timer0_fract
                0x00800134        0x1 ./util/clock.o
 .bss.timer0_millis
                0x00800135        0x4 ./util/clock.o
                0x00800135                timer0_millis
 .bss.timer0_overflow_count
                0x00800139        0x4 ./util/clock.o
                0x00800139                timer0_overflow_count
 .bss.angle     0x0080013d        0x8 ./imu/imu.o
                0x0080013d                angle
 .bss.acc_compl_filter_const
                0x00800145        0x4 ./imu/imu.o
                0x00800145                acc_compl_filter_const
 .bss.disable_acc_gtest
                0x00800149        0x1 ./imu/imu.o
                0x00800149                disable_acc_gtest
 .bss.acc_mag   0x0080014a        0x4 ./imu/imu.o
                0x0080014a                acc_mag
 .bss.acc_lpf   0x0080014e        0xc ./imu/imu.o
                0x0080014e                acc_lpf
 .bss.acc_adc   0x0080015a        0x6 ./imu/imu.o
                0x0080015a                acc_adc
 .bss.gyro_adc  0x00800160        0x6 ./imu/imu.o
                0x00800160                gyro_adc
 .bss.gyro_scale
                0x00800166        0x4 ./imu/imu.o
                0x00800166                gyro_scale
 .bss.twi_error
                0x0080016a        0x1 ./i2c/twi/twi.o
 .bss.twi_rxBufferIndex
                0x0080016b        0x1 ./i2c/twi/twi.o
 .bss.twi_rxBuffer
                0x0080016c       0x20 ./i2c/twi/twi.o
 .bss.twi_txBufferLength
                0x0080018c        0x1 ./i2c/twi/twi.o
 .bss.twi_txBufferIndex
                0x0080018d        0x1 ./i2c/twi/twi.o
 .bss.twi_txBuffer
                0x0080018e       0x20 ./i2c/twi/twi.o
 .bss.twi_masterBufferLength
                0x008001ae        0x1 ./i2c/twi/twi.o
 .bss.twi_masterBufferIndex
                0x008001af        0x1 ./i2c/twi/twi.o
 .bss.twi_masterBuffer
                0x008001b0       0x20 ./i2c/twi/twi.o
 .bss.twi_onSlaveReceive
                0x008001d0        0x2 ./i2c/twi/twi.o
 .bss.twi_onSlaveTransmit
                0x008001d2        0x2 ./i2c/twi/twi.o
 .bss.twi_inRepStart
                0x008001d4        0x1 ./i2c/twi/twi.o
 .bss.twi_sendStop
                0x008001d5        0x1 ./i2c/twi/twi.o
 .bss.twi_slarw
                0x008001d6        0x1 ./i2c/twi/twi.o
 .bss.twi_state
                0x008001d7        0x1 ./i2c/twi/twi.o
 .bss.transmitting
                0x008001d8        0x1 ./i2c/i2c.o
                0x008001d8                transmitting
 .bss.txBufferLength
                0x008001d9        0x1 ./i2c/i2c.o
                0x008001d9                txBufferLength
 .bss.txBufferIndex
                0x008001da        0x1 ./i2c/i2c.o
                0x008001da                txBufferIndex
 .bss.txAddress
                0x008001db        0x1 ./i2c/i2c.o
                0x008001db                txAddress
 .bss.rxBufferLength
                0x008001dc        0x1 ./i2c/i2c.o
                0x008001dc                rxBufferLength
 .bss.rxBufferIndex
                0x008001dd        0x1 ./i2c/i2c.o
                0x008001dd                rxBufferIndex
 .bss.kal_angle_y
                0x008001de        0x4 ./gimbal/gimbal.o
                0x008001de                kal_angle_y
 .bss.kal_angle_x
                0x008001e2        0x4 ./gimbal/gimbal.o
                0x008001e2                kal_angle_x
 .bss.gimble_angle
                0x008001e6        0xc ./gimbal/gimbal.o
                0x008001e6                gimble_angle
 .bss.aZ        0x008001f2        0x2 ./gimbal/gimbal.o
                0x008001f2                aZ
 .bss.aY        0x008001f4        0x2 ./gimbal/gimbal.o
                0x008001f4                aY
 .bss.aX        0x008001f6        0x2 ./gimbal/gimbal.o
                0x008001f6                aX
 .bss._last_gyro_angle_z
                0x008001f8        0x4 ./gimbal/gimbal.o
                0x008001f8                _last_gyro_angle_z
 .bss._last_gyro_angle_y
                0x008001fc        0x4 ./gimbal/gimbal.o
                0x008001fc                _last_gyro_angle_y
 .bss._last_gyro_angle_x
                0x00800200        0x4 ./gimbal/gimbal.o
                0x00800200                _last_gyro_angle_x
 .bss._last_angle_z
                0x00800204        0x4 ./gimbal/gimbal.o
                0x00800204                _last_angle_z
 .bss._last_angle_y
                0x00800208        0x4 ./gimbal/gimbal.o
                0x00800208                _last_angle_y
 .bss._last_angle_x
                0x0080020c        0x4 ./gimbal/gimbal.o
                0x0080020c                _last_angle_x
 .bss._last_time_read
                0x00800210        0x4 ./gimbal/gimbal.o
                0x00800210                _last_time_read
 .bss.mag_count
                0x00800214        0x2 ./gimbal/gimbal.o
                0x00800214                mag_count
 .bss.future    0x00800216        0x4 ./gimbal/gimbal.o
 .bss.last_t    0x0080021a        0x4 ./complimentary/complimentary.o
                0x0080021a                last_t
 .bss.pid_val_y
                0x0080021e        0x4 ./main.o
                0x0080021e                pid_val_y
 .bss.pid_val_x
                0x00800222        0x4 ./main.o
                0x00800222                pid_val_x
 .bss.last_pid_read
                0x00800226        0x4 ./main.o
                0x00800226                last_pid_read
 .bss.pid_timer
                0x0080022a        0x4 ./main.o
                0x0080022a                pid_timer
 .bss.center_val
                0x0080022e        0x4 ./main.o
                0x0080022e                center_val
 .bss.term_in   0x00800232        0x1 ./main.o
                0x00800232                term_in
 *(COMMON)
 COMMON         0x00800233        0x4 ./util/clock.o
                0x00800233                clock_millis
 COMMON         0x00800237       0x43 ./util/config.o
                0x00800237                resolution_divider
                0x0080023b                config
 COMMON         0x0080027a        0x4 ./util/log.o
                0x0080027a                debug_out_cb
                0x0080027c                debug_rx_cb
 COMMON         0x0080027e        0xc ./imu/imu.o
                0x0080027e                est_g
 COMMON         0x0080028a       0x40 ./i2c/i2c.o
                0x0080028a                rxBuffer
                0x008002aa                txBuffer
 COMMON         0x008002ca       0x79 ./gimbal/gimbal.o
                0x008002ca                kalman_pitch
                0x008002f2                kalman_roll
                0x0080031a                pitch_pid_par
                0x00800326                enable_motor_updates
                0x00800327                gimbal_angle
                0x00800333                flt_alpha
                0x00800337                roll_pid_par
 COMMON         0x00800343        0x8 ./complimentary/complimentary.o
                0x00800343                delta_t
                0x00800347                t_now
 COMMON         0x0080034b        0x6 /usr/local/CrossPack-AVR-20131216/lib/gcc/avr/4.8.1/../../../../avr/lib/avr5/libc.a(iob.o)
                0x0080034b                __iob
 COMMON         0x00800351        0x4 /usr/local/CrossPack-AVR-20131216/lib/gcc/avr/4.8.1/../../../../avr/lib/avr5/libc.a(malloc.o)
                0x00800351                __brkval
                0x00800353                __flp
                0x00800355                PROVIDE (__bss_end, .)
                0x000053b2                __data_load_start = LOADADDR (.data)
                0x000053e6                __data_load_end = (__data_load_start + SIZEOF (.data))

.noinit         0x00800355        0x0
                0x00800355                PROVIDE (__noinit_start, .)
 *(.noinit*)
                0x00800355                PROVIDE (__noinit_end, .)
                0x00800355                _end = .
                0x00800355                PROVIDE (__heap_start, .)

.eeprom         0x00810000        0x0
 *(.eeprom*)
                0x00810000                __eeprom_end = .

.fuse
 *(.fuse)
 *(.lfuse)
 *(.hfuse)
 *(.efuse)

.lock
 *(.lock*)

.signature
 *(.signature*)

.user_signatures
 *(.user_signatures*)

.stab
 *(.stab)

.stabstr
 *(.stabstr)

.stab.excl
 *(.stab.excl)

.stab.exclstr
 *(.stab.exclstr)

.stab.index
 *(.stab.index)

.stab.indexstr
 *(.stab.indexstr)

.comment        0x00000000       0x11
 *(.comment)
 .comment       0x00000000       0x11 ./util/clock.o
                                 0x12 (size before relaxing)
 .comment       0x00000000       0x12 ./util/config.o
 .comment       0x00000000       0x12 ./util/log.o
 .comment       0x00000000       0x12 ./pwm/pwm.o
 .comment       0x00000000       0x12 ./math/fast_math.o
 .comment       0x00000000       0x12 ./imu/gyro.o
 .comment       0x00000000       0x12 ./imu/imu.o
 .comment       0x00000000       0x12 ./imu/mpu6050.o
 .comment       0x00000000       0x12 ./i2c/twi/twi.o
 .comment       0x00000000       0x12 ./i2c/i2c.o
 .comment       0x00000000       0x12 ./i2c/i2c_driver.o
 .comment       0x00000000       0x12 ./gimbal/gimbal.o
 .comment       0x00000000       0x12 ./eeprom/eeprom.o
 .comment       0x00000000       0x12 ./complimentary/complimentary.o
 .comment       0x00000000       0x12 ./main.o
 .comment       0x00000000       0x12 /usr/local/CrossPack-AVR-20131216/lib/gcc/avr/4.8.1/../../../../avr/lib/avr5/libprintf_flt.a(vfprintf_flt.o)
 .comment       0x00000000       0x12 /usr/local/CrossPack-AVR-20131216/lib/gcc/avr/4.8.1/../../../../avr/lib/avr5/libc.a(fdevopen.o)
 .comment       0x00000000       0x12 /usr/local/CrossPack-AVR-20131216/lib/gcc/avr/4.8.1/../../../../avr/lib/avr5/libc.a(fputc.o)
 .comment       0x00000000       0x12 /usr/local/CrossPack-AVR-20131216/lib/gcc/avr/4.8.1/../../../../avr/lib/avr5/libc.a(iob.o)
 .comment       0x00000000       0x12 /usr/local/CrossPack-AVR-20131216/lib/gcc/avr/4.8.1/../../../../avr/lib/avr5/libc.a(vfprintf_p.o)
 .comment       0x00000000       0x12 /usr/local/CrossPack-AVR-20131216/lib/gcc/avr/4.8.1/../../../../avr/lib/avr5/libc.a(calloc.o)
 .comment       0x00000000       0x12 /usr/local/CrossPack-AVR-20131216/lib/gcc/avr/4.8.1/../../../../avr/lib/avr5/libc.a(malloc.o)

.debug
 *(.debug)

.line
 *(.line)

.debug_srcinfo
 *(.debug_srcinfo)

.debug_sfnames
 *(.debug_sfnames)

.debug_aranges  0x00000000      0x1c0
 *(.debug_aranges)
 .debug_aranges
                0x00000000       0x20 /usr/local/CrossPack-AVR-20131216/lib/gcc/avr/4.8.1/avr5/libgcc.a(_mulsi3.o)
 .debug_aranges
                0x00000020       0x20 /usr/local/CrossPack-AVR-20131216/lib/gcc/avr/4.8.1/avr5/libgcc.a(_divmodhi4.o)
 .debug_aranges
                0x00000040       0x20 /usr/local/CrossPack-AVR-20131216/lib/gcc/avr/4.8.1/avr5/libgcc.a(_divmodsi4.o)
 .debug_aranges
                0x00000060       0x20 /usr/local/CrossPack-AVR-20131216/lib/gcc/avr/4.8.1/avr5/libgcc.a(_negsi2.o)
 .debug_aranges
                0x00000080       0x20 /usr/local/CrossPack-AVR-20131216/lib/gcc/avr/4.8.1/avr5/libgcc.a(_exit.o)
 .debug_aranges
                0x000000a0       0x20 /usr/local/CrossPack-AVR-20131216/lib/gcc/avr/4.8.1/avr5/libgcc.a(_copy_data.o)
 .debug_aranges
                0x000000c0       0x20 /usr/local/CrossPack-AVR-20131216/lib/gcc/avr/4.8.1/avr5/libgcc.a(_clear_bss.o)
 .debug_aranges
                0x000000e0       0x20 /usr/local/CrossPack-AVR-20131216/lib/gcc/avr/4.8.1/avr5/libgcc.a(_muluhisi3.o)
 .debug_aranges
                0x00000100       0x20 /usr/local/CrossPack-AVR-20131216/lib/gcc/avr/4.8.1/avr5/libgcc.a(_mulshisi3.o)
 .debug_aranges
                0x00000120       0x20 /usr/local/CrossPack-AVR-20131216/lib/gcc/avr/4.8.1/avr5/libgcc.a(_prologue.o)
 .debug_aranges
                0x00000140       0x20 /usr/local/CrossPack-AVR-20131216/lib/gcc/avr/4.8.1/avr5/libgcc.a(_epilogue.o)
 .debug_aranges
                0x00000160       0x20 /usr/local/CrossPack-AVR-20131216/lib/gcc/avr/4.8.1/avr5/libgcc.a(_udivmodhi4.o)
 .debug_aranges
                0x00000180       0x20 /usr/local/CrossPack-AVR-20131216/lib/gcc/avr/4.8.1/avr5/libgcc.a(_udivmodsi4.o)
 .debug_aranges
                0x000001a0       0x20 /usr/local/CrossPack-AVR-20131216/lib/gcc/avr/4.8.1/avr5/libgcc.a(_umulhisi3.o)

.debug_pubnames
 *(.debug_pubnames)

.debug_info     0x00000000      0xa64
 *(.debug_info)
 .debug_info    0x00000000       0xbe /usr/local/CrossPack-AVR-20131216/lib/gcc/avr/4.8.1/avr5/libgcc.a(_mulsi3.o)
 .debug_info    0x000000be       0xbe /usr/local/CrossPack-AVR-20131216/lib/gcc/avr/4.8.1/avr5/libgcc.a(_divmodhi4.o)
 .debug_info    0x0000017c       0xbe /usr/local/CrossPack-AVR-20131216/lib/gcc/avr/4.8.1/avr5/libgcc.a(_divmodsi4.o)
 .debug_info    0x0000023a       0xbe /usr/local/CrossPack-AVR-20131216/lib/gcc/avr/4.8.1/avr5/libgcc.a(_negsi2.o)
 .debug_info    0x000002f8       0xbe /usr/local/CrossPack-AVR-20131216/lib/gcc/avr/4.8.1/avr5/libgcc.a(_exit.o)
 .debug_info    0x000003b6       0xbe /usr/local/CrossPack-AVR-20131216/lib/gcc/avr/4.8.1/avr5/libgcc.a(_copy_data.o)
 .debug_info    0x00000474       0xbe /usr/local/CrossPack-AVR-20131216/lib/gcc/avr/4.8.1/avr5/libgcc.a(_clear_bss.o)
 .debug_info    0x00000532       0xbe /usr/local/CrossPack-AVR-20131216/lib/gcc/avr/4.8.1/avr5/libgcc.a(_muluhisi3.o)
 .debug_info    0x000005f0       0xbe /usr/local/CrossPack-AVR-20131216/lib/gcc/avr/4.8.1/avr5/libgcc.a(_mulshisi3.o)
 .debug_info    0x000006ae       0xbe /usr/local/CrossPack-AVR-20131216/lib/gcc/avr/4.8.1/avr5/libgcc.a(_prologue.o)
 .debug_info    0x0000076c       0xbe /usr/local/CrossPack-AVR-20131216/lib/gcc/avr/4.8.1/avr5/libgcc.a(_epilogue.o)
 .debug_info    0x0000082a       0xbe /usr/local/CrossPack-AVR-20131216/lib/gcc/avr/4.8.1/avr5/libgcc.a(_udivmodhi4.o)
 .debug_info    0x000008e8       0xbe /usr/local/CrossPack-AVR-20131216/lib/gcc/avr/4.8.1/avr5/libgcc.a(_udivmodsi4.o)
 .debug_info    0x000009a6       0xbe /usr/local/CrossPack-AVR-20131216/lib/gcc/avr/4.8.1/avr5/libgcc.a(_umulhisi3.o)
 *(.gnu.linkonce.wi.*)

.debug_abbrev   0x00000000      0x118
 *(.debug_abbrev)
 .debug_abbrev  0x00000000       0x14 /usr/local/CrossPack-AVR-20131216/lib/gcc/avr/4.8.1/avr5/libgcc.a(_mulsi3.o)
 .debug_abbrev  0x00000014       0x14 /usr/local/CrossPack-AVR-20131216/lib/gcc/avr/4.8.1/avr5/libgcc.a(_divmodhi4.o)
 .debug_abbrev  0x00000028       0x14 /usr/local/CrossPack-AVR-20131216/lib/gcc/avr/4.8.1/avr5/libgcc.a(_divmodsi4.o)
 .debug_abbrev  0x0000003c       0x14 /usr/local/CrossPack-AVR-20131216/lib/gcc/avr/4.8.1/avr5/libgcc.a(_negsi2.o)
 .debug_abbrev  0x00000050       0x14 /usr/local/CrossPack-AVR-20131216/lib/gcc/avr/4.8.1/avr5/libgcc.a(_exit.o)
 .debug_abbrev  0x00000064       0x14 /usr/local/CrossPack-AVR-20131216/lib/gcc/avr/4.8.1/avr5/libgcc.a(_copy_data.o)
 .debug_abbrev  0x00000078       0x14 /usr/local/CrossPack-AVR-20131216/lib/gcc/avr/4.8.1/avr5/libgcc.a(_clear_bss.o)
 .debug_abbrev  0x0000008c       0x14 /usr/local/CrossPack-AVR-20131216/lib/gcc/avr/4.8.1/avr5/libgcc.a(_muluhisi3.o)
 .debug_abbrev  0x000000a0       0x14 /usr/local/CrossPack-AVR-20131216/lib/gcc/avr/4.8.1/avr5/libgcc.a(_mulshisi3.o)
 .debug_abbrev  0x000000b4       0x14 /usr/local/CrossPack-AVR-20131216/lib/gcc/avr/4.8.1/avr5/libgcc.a(_prologue.o)
 .debug_abbrev  0x000000c8       0x14 /usr/local/CrossPack-AVR-20131216/lib/gcc/avr/4.8.1/avr5/libgcc.a(_epilogue.o)
 .debug_abbrev  0x000000dc       0x14 /usr/local/CrossPack-AVR-20131216/lib/gcc/avr/4.8.1/avr5/libgcc.a(_udivmodhi4.o)
 .debug_abbrev  0x000000f0       0x14 /usr/local/CrossPack-AVR-20131216/lib/gcc/avr/4.8.1/avr5/libgcc.a(_udivmodsi4.o)
 .debug_abbrev  0x00000104       0x14 /usr/local/CrossPack-AVR-20131216/lib/gcc/avr/4.8.1/avr5/libgcc.a(_umulhisi3.o)

.debug_line     0x00000000      0x591
 *(.debug_line)
 .debug_line    0x00000000       0x65 /usr/local/CrossPack-AVR-20131216/lib/gcc/avr/4.8.1/avr5/libgcc.a(_mulsi3.o)
 .debug_line    0x00000065       0x69 /usr/local/CrossPack-AVR-20131216/lib/gcc/avr/4.8.1/avr5/libgcc.a(_divmodhi4.o)
 .debug_line    0x000000ce       0x6a /usr/local/CrossPack-AVR-20131216/lib/gcc/avr/4.8.1/avr5/libgcc.a(_divmodsi4.o)
 .debug_line    0x00000138       0x58 /usr/local/CrossPack-AVR-20131216/lib/gcc/avr/4.8.1/avr5/libgcc.a(_negsi2.o)
 .debug_line    0x00000190       0x58 /usr/local/CrossPack-AVR-20131216/lib/gcc/avr/4.8.1/avr5/libgcc.a(_exit.o)
 .debug_line    0x000001e8       0x61 /usr/local/CrossPack-AVR-20131216/lib/gcc/avr/4.8.1/avr5/libgcc.a(_copy_data.o)
 .debug_line    0x00000249       0x5e /usr/local/CrossPack-AVR-20131216/lib/gcc/avr/4.8.1/avr5/libgcc.a(_clear_bss.o)
 .debug_line    0x000002a7       0x60 /usr/local/CrossPack-AVR-20131216/lib/gcc/avr/4.8.1/avr5/libgcc.a(_muluhisi3.o)
 .debug_line    0x00000307       0x5c /usr/local/CrossPack-AVR-20131216/lib/gcc/avr/4.8.1/avr5/libgcc.a(_mulshisi3.o)
 .debug_line    0x00000363       0x74 /usr/local/CrossPack-AVR-20131216/lib/gcc/avr/4.8.1/avr5/libgcc.a(_prologue.o)
 .debug_line    0x000003d7       0x73 /usr/local/CrossPack-AVR-20131216/lib/gcc/avr/4.8.1/avr5/libgcc.a(_epilogue.o)
 .debug_line    0x0000044a       0x6a /usr/local/CrossPack-AVR-20131216/lib/gcc/avr/4.8.1/avr5/libgcc.a(_udivmodhi4.o)
 .debug_line    0x000004b4       0x78 /usr/local/CrossPack-AVR-20131216/lib/gcc/avr/4.8.1/avr5/libgcc.a(_udivmodsi4.o)
 .debug_line    0x0000052c       0x65 /usr/local/CrossPack-AVR-20131216/lib/gcc/avr/4.8.1/avr5/libgcc.a(_umulhisi3.o)

.debug_frame
 *(.debug_frame)

.debug_str
 *(.debug_str)

.debug_loc
 *(.debug_loc)

.debug_macinfo
 *(.debug_macinfo)

.debug_pubtypes
 *(.debug_pubtypes)

.debug_ranges
 *(.debug_ranges)

.debug_macro
 *(.debug_macro)
OUTPUT(avr_328p_gimbal.elf elf32-avr)
LOAD linker stubs
