Archive member included because of file (symbol)

/usr/local/CrossPack-AVR-20131216/lib/gcc/avr/4.8.1/../../../../avr/lib/avr5/libprintf_flt.a(vfprintf_flt.o)
                              (vfprintf)
/usr/local/CrossPack-AVR-20131216/lib/gcc/avr/4.8.1/../../../../avr/lib/avr5/libm.a(addsf3.o)
                              ./math/fast_math.o (__subsf3)
/usr/local/CrossPack-AVR-20131216/lib/gcc/avr/4.8.1/../../../../avr/lib/avr5/libm.a(addsf3x.o)
                              /usr/local/CrossPack-AVR-20131216/lib/gcc/avr/4.8.1/../../../../avr/lib/avr5/libm.a(addsf3.o) (__addsf3x)
/usr/local/CrossPack-AVR-20131216/lib/gcc/avr/4.8.1/../../../../avr/lib/avr5/libm.a(atan2.o)
                              ./gimbal/gimbal.o (atan2)
/usr/local/CrossPack-AVR-20131216/lib/gcc/avr/4.8.1/../../../../avr/lib/avr5/libm.a(atan.o)
                              ./gimbal/gimbal.o (atan)
/usr/local/CrossPack-AVR-20131216/lib/gcc/avr/4.8.1/../../../../avr/lib/avr5/libm.a(cmpsf2.o)
                              ./imu/imu.o (__ltsf2)
/usr/local/CrossPack-AVR-20131216/lib/gcc/avr/4.8.1/../../../../avr/lib/avr5/libm.a(divsf3.o)
                              ./math/fast_math.o (__divsf3)
/usr/local/CrossPack-AVR-20131216/lib/gcc/avr/4.8.1/../../../../avr/lib/avr5/libm.a(divsf3x.o)
                              /usr/local/CrossPack-AVR-20131216/lib/gcc/avr/4.8.1/../../../../avr/lib/avr5/libm.a(divsf3.o) (__divsf3x)
/usr/local/CrossPack-AVR-20131216/lib/gcc/avr/4.8.1/../../../../avr/lib/avr5/libm.a(fixsfsi.o)
                              ./imu/gyro.o (__fixsfsi)
/usr/local/CrossPack-AVR-20131216/lib/gcc/avr/4.8.1/../../../../avr/lib/avr5/libm.a(fixunssfsi.o)
                              ./math/fast_math.o (__fixunssfsi)
/usr/local/CrossPack-AVR-20131216/lib/gcc/avr/4.8.1/../../../../avr/lib/avr5/libm.a(floatsisf.o)
                              ./gimbal/gimbal.o (__floatunsisf)
/usr/local/CrossPack-AVR-20131216/lib/gcc/avr/4.8.1/../../../../avr/lib/avr5/libm.a(fp_cmp.o)
                              /usr/local/CrossPack-AVR-20131216/lib/gcc/avr/4.8.1/../../../../avr/lib/avr5/libm.a(cmpsf2.o) (__fp_cmp)
/usr/local/CrossPack-AVR-20131216/lib/gcc/avr/4.8.1/../../../../avr/lib/avr5/libm.a(fp_inf.o)
                              /usr/local/CrossPack-AVR-20131216/lib/gcc/avr/4.8.1/../../../../avr/lib/avr5/libm.a(addsf3x.o) (__fp_inf)
/usr/local/CrossPack-AVR-20131216/lib/gcc/avr/4.8.1/../../../../avr/lib/avr5/libm.a(fp_nan.o)
                              /usr/local/CrossPack-AVR-20131216/lib/gcc/avr/4.8.1/../../../../avr/lib/avr5/libm.a(addsf3x.o) (__fp_nan)
/usr/local/CrossPack-AVR-20131216/lib/gcc/avr/4.8.1/../../../../avr/lib/avr5/libm.a(fp_powser.o)
                              /usr/local/CrossPack-AVR-20131216/lib/gcc/avr/4.8.1/../../../../avr/lib/avr5/libm.a(atan.o) (__fp_powser)
/usr/local/CrossPack-AVR-20131216/lib/gcc/avr/4.8.1/../../../../avr/lib/avr5/libm.a(fp_pscA.o)
                              /usr/local/CrossPack-AVR-20131216/lib/gcc/avr/4.8.1/../../../../avr/lib/avr5/libm.a(addsf3x.o) (__fp_pscA)
/usr/local/CrossPack-AVR-20131216/lib/gcc/avr/4.8.1/../../../../avr/lib/avr5/libm.a(fp_pscB.o)
                              /usr/local/CrossPack-AVR-20131216/lib/gcc/avr/4.8.1/../../../../avr/lib/avr5/libm.a(addsf3x.o) (__fp_pscB)
/usr/local/CrossPack-AVR-20131216/lib/gcc/avr/4.8.1/../../../../avr/lib/avr5/libm.a(fp_round.o)
                              /usr/local/CrossPack-AVR-20131216/lib/gcc/avr/4.8.1/../../../../avr/lib/avr5/libm.a(addsf3.o) (__fp_round)
/usr/local/CrossPack-AVR-20131216/lib/gcc/avr/4.8.1/../../../../avr/lib/avr5/libm.a(fp_split3.o)
                              /usr/local/CrossPack-AVR-20131216/lib/gcc/avr/4.8.1/../../../../avr/lib/avr5/libm.a(addsf3x.o) (__fp_split3)
/usr/local/CrossPack-AVR-20131216/lib/gcc/avr/4.8.1/../../../../avr/lib/avr5/libm.a(fp_zero.o)
                              /usr/local/CrossPack-AVR-20131216/lib/gcc/avr/4.8.1/../../../../avr/lib/avr5/libm.a(addsf3x.o) (__fp_zero)
/usr/local/CrossPack-AVR-20131216/lib/gcc/avr/4.8.1/../../../../avr/lib/avr5/libm.a(gesf2.o)
                              ./math/fast_math.o (__gesf2)
/usr/local/CrossPack-AVR-20131216/lib/gcc/avr/4.8.1/../../../../avr/lib/avr5/libm.a(inverse.o)
                              /usr/local/CrossPack-AVR-20131216/lib/gcc/avr/4.8.1/../../../../avr/lib/avr5/libm.a(atan.o) (inverse)
/usr/local/CrossPack-AVR-20131216/lib/gcc/avr/4.8.1/../../../../avr/lib/avr5/libm.a(mulsf3.o)
                              ./math/fast_math.o (__mulsf3)
/usr/local/CrossPack-AVR-20131216/lib/gcc/avr/4.8.1/../../../../avr/lib/avr5/libm.a(mulsf3x.o)
                              /usr/local/CrossPack-AVR-20131216/lib/gcc/avr/4.8.1/../../../../avr/lib/avr5/libm.a(atan.o) (__mulsf3x)
/usr/local/CrossPack-AVR-20131216/lib/gcc/avr/4.8.1/../../../../avr/lib/avr5/libm.a(sqrt.o)
                              ./imu/imu.o (sqrt)
/usr/local/CrossPack-AVR-20131216/lib/gcc/avr/4.8.1/../../../../avr/lib/avr5/libm.a(square.o)
[...]
Memory Configuration

Name             Origin             Length             Attributes
text             0x00000000         0x00020000         xr
data             0x00800060         0x0000ffa0         rw !x
eeprom           0x00810000         0x00010000         rw !x
fuse             0x00820000         0x00000400         rw !x
lock             0x00830000         0x00000400         rw !x
signature        0x00840000         0x00000400         rw !x
user_signatures  0x00850000         0x00000400         rw !x
*default*        0x00000000         0xffffffff

Linker script and memory map

Address of section .data set to 0x800100
LOAD /usr/local/CrossPack-AVR-20131216/lib/gcc/avr/4.8.1/../../../../avr/lib/avr5/crtm328p.o
LOAD ./util/clock.o
LOAD ./util/config.o
LOAD ./util/log.o
LOAD ./pwm/pwm.o
LOAD ./math/fast_math.o
LOAD ./imu/gyro.o
LOAD ./imu/imu.o
LOAD ./imu/mpu6050.o
LOAD ./i2c/twi/twi.o
LOAD ./i2c/i2c.o
LOAD ./i2c/i2c_driver.o
LOAD ./gimbal/gimbal.o
LOAD ./eeprom/eeprom.o
LOAD ./complimentary/complimentary.o
LOAD ./cli/cli.o
LOAD ./main.o
LOAD /usr/local/CrossPack-AVR-20131216/lib/gcc/avr/4.8.1/../../../../avr/lib/avr5/libprintf_flt.a
LOAD /usr/local/CrossPack-AVR-20131216/lib/gcc/avr/4.8.1/../../../../avr/lib/avr5/libm.a
START GROUP
LOAD /usr/local/CrossPack-AVR-20131216/lib/gcc/avr/4.8.1/avr5/libgcc.a
LOAD /usr/local/CrossPack-AVR-20131216/lib/gcc/avr/4.8.1/../../../../avr/lib/avr5/libm.a
LOAD /usr/local/CrossPack-AVR-20131216/lib/gcc/avr/4.8.1/../../../../avr/lib/avr5/libc.a
END GROUP

.hash
 *(.hash)

.dynsym
 *(.dynsym)

.dynstr
 *(.dynstr)

.gnu.version
 *(.gnu.version)

.gnu.version_d
 *(.gnu.version_d)

.gnu.version_r
 *(.gnu.version_r)

.rel.init
 *(.rel.init)

.rela.init
 *(.rela.init)

.rel.text
 *(.rel.text)
 *(.rel.text.*)
 *(.rel.gnu.linkonce.t*)

.rela.text
 *(.rela.text)
 *(.rela.text.*)
 *(.rela.gnu.linkonce.t*)

.rel.fini
 *(.rel.fini)

.rela.fini
 *(.rela.fini)

.rel.rodata
 *(.rel.rodata)
 *(.rel.rodata.*)
 *(.rel.gnu.linkonce.r*)

.rela.rodata
 *(.rela.rodata)
 *(.rela.rodata.*)
 *(.rela.gnu.linkonce.r*)

.rel.data
 *(.rel.data)
 *(.rel.data.*)
 *(.rel.gnu.linkonce.d*)

.rela.data
 *(.rela.data)
 *(.rela.data.*)
 *(.rela.gnu.linkonce.d*)

.rel.ctors
 *(.rel.ctors)

.rela.ctors
 *(.rela.ctors)

.rel.dtors
 *(.rel.dtors)

.rela.dtors
 *(.rela.dtors)

.rel.got
 *(.rel.got)

.rela.got
 *(.rela.got)

.rel.bss
 *(.rel.bss)

.rela.bss
 *(.rela.bss)

.rel.plt
 *(.rel.plt)

.rela.plt
 *(.rela.plt)

.text           0x00000000     0x5d14
 *(.vectors)
 .vectors       0x00000000       0x68 /usr/local/CrossPack-AVR-20131216/lib/gcc/avr/4.8.1/../../../../avr/lib/avr5/crtm328p.o
                0x00000000                __vectors
                0x00000000                __vector_default
 *(.vectors)
 *(.progmem.gcc*)
 .progmem.gcc_sw_table.write_config
                0x00000068        0xe ./util/config.o
 .progmem.gcc_fplib
                0x00000076       0x2d /usr/local/CrossPack-AVR-20131216/lib/gcc/avr/4.8.1/../../../../avr/lib/avr5/libm.a(atan.o)
                0x000000a4                . = ALIGN (0x2)
 *fill*         0x000000a3        0x1 
                0x000000a4                __trampolines_start = .
 *(.trampolines)
 .trampolines   0x000000a4        0x0 linker stubs
 *(.trampolines*)
                0x000000a4                __trampolines_end = .
 *(.progmem*)
 .progmem.data.__c.2264
                0x000000a4        0xc ./util/config.o
 .progmem.data.__c.2260
                0x000000b0        0x9 ./util/config.o
 .progmem.data.__c.2256
                0x000000b9        0x9 ./util/config.o
 .progmem.data.__c.2252
                0x000000c2       0x14 ./util/config.o
 .progmem.data.__c.2238
                0x000000d6       0x14 ./util/config.o
 .progmem.data.__c.2224
                0x000000ea       0x12 ./util/config.o
 .progmem.data.config_list_pgm
                0x000000fc       0x70 ./util/config.o
                0x000000fc                config_list_pgm
 .progmem.data._tag
                0x0000016c        0x6 ./util/config.o
 .progmem.data.__c.2288
                0x00000172        0xe ./util/log.o
 .progmem.data.DEBUG_hex
                0x00000180       0x11 ./util/log.o
                0x00000180                DEBUG_hex
 .progmem.data._tag
                0x00000191        0x8 ./util/log.o
 .progmem.data.__c.2318
                0x00000199       0x28 ./imu/gyro.o
 .progmem.data.__c.2316
                0x000001c1       0x26 ./imu/gyro.o
 .progmem.data.__c.2301
                0x000001e7       0x29 ./imu/gyro.o
 .progmem.data.__c.2299
                0x00000210       0x27 ./imu/gyro.o
 .progmem.data.__c.2294
                0x00000237       0x27 ./imu/gyro.o
 .progmem.data.__c.2286
                0x0000025e       0x36 ./imu/gyro.o
 .progmem.data.__c.2269
                0x00000294       0x1d ./imu/gyro.o
 .progmem.data.__c.2267
                0x000002b1       0x13 ./imu/gyro.o
 .progmem.data.__c.2265
                0x000002c4       0x25 ./imu/gyro.o
 .progmem.data.__c.2263
                0x000002e9       0x26 ./imu/gyro.o
 .progmem.data.__c.2261
                0x0000030f       0x25 ./imu/gyro.o
 .progmem.data.__c.2259
                0x00000334       0x11 ./imu/gyro.o
 .progmem.data.__c.2257
                0x00000345       0x16 ./imu/gyro.o
 .progmem.data.__c.2255
                0x0000035b        0xe ./imu/gyro.o
 .progmem.data.__c.2253
                0x00000369       0x25 ./imu/gyro.o
 .progmem.data._tag
                0x0000038e        0x7 ./imu/gyro.o
 .progmem.data.__c.2097
                0x00000395       0x1c ./imu/mpu6050.o
 .progmem.data.__c.2095
                0x000003b1       0x1d ./imu/mpu6050.o
 .progmem.data.__c.2089
                0x000003ce       0x25 ./imu/mpu6050.o
 .progmem.data.__c.2087
                0x000003f3       0x26 ./imu/mpu6050.o
 .progmem.data.__c.2081
                0x00000419       0x24 ./imu/mpu6050.o
 .progmem.data.__c.2079
                0x0000043d       0x25 ./imu/mpu6050.o
 .progmem.data.__c.2073
                0x00000462       0x1b ./imu/mpu6050.o
 .progmem.data.__c.2071
                0x0000047d       0x1c ./imu/mpu6050.o
 .progmem.data.__c.2065
                0x00000499        0x4 ./imu/mpu6050.o
 .progmem.data.__c.2063
                0x0000049d       0x12 ./imu/mpu6050.o
 .progmem.data._tag
                0x000004af        0xa ./imu/mpu6050.o
 .progmem.data.__c.2410
                0x000004b9       0x1a ./gimbal/gimbal.o
 .progmem.data.__c.2376
                0x000004d3        0xf ./gimbal/gimbal.o
 .progmem.data._tag
                0x000004e2        0x9 ./gimbal/gimbal.o
 .progmem.data.__c.1813
                0x000004eb        0xa ./cli/cli.o
 .progmem.data.__c.1811
                0x000004f5        0x9 ./cli/cli.o
 .progmem.data._tag
                0x000004fe        0x6 ./cli/cli.o
 .progmem.data.__c.2386
                0x00000504       0x1a ./main.o
 .progmem.data.__c.2384
                0x0000051e       0x11 ./main.o
 .progmem.data.__c.2382
                0x0000052f        0xf ./main.o
 .progmem.data.__c.2380
                0x0000053e       0x15 ./main.o
 .progmem.data.__c.2378
                0x00000553       0x11 ./main.o
 .progmem.data.__c.2376
                0x00000564       0x22 ./main.o
 .progmem.data._tag
                0x00000586        0x7 ./main.o
 .progmem.data  0x0000058d        0x8 /usr/local/CrossPack-AVR-20131216/lib/gcc/avr/4.8.1/../../../../avr/lib/avr5/libprintf_flt.a(vfprintf_flt.o)
 .progmem.data  0x00000595       0xfa /usr/local/CrossPack-AVR-20131216/lib/gcc/avr/4.8.1/../../../../avr/lib/avr5/libc.a(ftoa_engine.o)
 .progmem.data  0x0000068f       0x3b /usr/local/CrossPack-AVR-20131216/lib/gcc/avr/4.8.1/../../../../avr/lib/avr5/libc.a(strtod.o)
                0x000006ca                . = ALIGN (0x2)
 *(.jumptables)
 *(.jumptables*)
 *(.lowtext)
 *(.lowtext*)
                0x000006ca                __ctors_start = .
 *(.ctors)
                0x000006ca                __ctors_end = .
                0x000006ca                __dtors_start = .
 *(.dtors)
                0x000006ca                __dtors_end = .
 SORT(*)(.ctors)
 SORT(*)(.dtors)
 *(.init0)
 .init0         0x000006ca        0x0 /usr/local/CrossPack-AVR-20131216/lib/gcc/avr/4.8.1/../../../../avr/lib/avr5/crtm328p.o
                0x000006ca                __init
 *(.init0)
 *(.init1)
 *(.init1)
 *(.init2)
 .init2         0x000006ca        0xc /usr/local/CrossPack-AVR-20131216/lib/gcc/avr/4.8.1/../../../../avr/lib/avr5/crtm328p.o
 *(.init2)
 *(.init3)
 *(.init3)
 *(.init4)
 .init4         0x000006d6       0x16 /usr/local/CrossPack-AVR-20131216/lib/gcc/avr/4.8.1/avr5/libgcc.a(_copy_data.o)
                0x000006d6                __do_copy_data
 .init4         0x000006ec       0x10 /usr/local/CrossPack-AVR-20131216/lib/gcc/avr/4.8.1/avr5/libgcc.a(_clear_bss.o)
                0x000006ec                __do_clear_bss
 *(.init4)
 *(.init5)
 *(.init5)
 *(.init6)
 *(.init6)
 *(.init7)
 *(.init7)
 *(.init8)
 *(.init8)
 *(.init9)
 .init9         0x000006fc        0x8 /usr/local/CrossPack-AVR-20131216/lib/gcc/avr/4.8.1/../../../../avr/lib/avr5/crtm328p.o
 *(.init9)
 *(.text)
 .text          0x00000704        0x4 /usr/local/CrossPack-AVR-20131216/lib/gcc/avr/4.8.1/../../../../avr/lib/avr5/crtm328p.o
                0x00000704                __vector_20
                0x00000704                __vector_1
                0x00000704                __vector_12
                0x00000704                __bad_interrupt
                0x00000704                __vector_6
                0x00000704                __vector_3
                0x00000704                __vector_23
                0x00000704                __vector_25
                0x00000704                __vector_11
                0x00000704                __vector_17
                0x00000704                __vector_19
                0x00000704                __vector_7
                0x00000704                __vector_5
                0x00000704                __vector_4
                0x00000704                __vector_9
                0x00000704                __vector_2
                0x00000704                __vector_21
                0x00000704                __vector_15
                0x00000704                __vector_8
                0x00000704                __vector_14
                0x00000704                __vector_10
                0x00000704                __vector_22
 .text          0x00000708        0x0 ./util/clock.o
 .text          0x00000708        0x0 ./util/config.o
 .text          0x00000708        0x0 ./util/log.o
 .text          0x00000708        0x0 ./pwm/pwm.o
 .text          0x00000708        0x0 ./math/fast_math.o
 .text          0x00000708        0x0 ./imu/gyro.o
 .text          0x00000708        0x0 ./imu/imu.o
 .text          0x00000708        0x0 ./imu/mpu6050.o
 .text          0x00000708        0x0 ./i2c/twi/twi.o
 .text          0x00000708        0x0 ./i2c/i2c.o
 .text          0x00000708        0x0 ./i2c/i2c_driver.o
 .text          0x00000708        0x0 ./gimbal/gimbal.o
 .text          0x00000708        0x0 ./eeprom/eeprom.o
 .text          0x00000708        0x0 ./complimentary/complimentary.o
 .text          0x00000708        0x0 ./cli/cli.o
 .text          0x00000708        0x0 ./main.o
 .text          0x00000708        0x0 /usr/local/CrossPack-AVR-20131216/lib/gcc/avr/4.8.1/../../../../avr/lib/avr5/libprintf_flt.a(vfprintf_flt.o)
 .text          0x00000708        0x0 /usr/local/CrossPack-AVR-20131216/lib/gcc/avr/4.8.1/../../../../avr/lib/avr5/libm.a(addsf3.o)
 .text          0x00000708        0x0 /usr/local/CrossPack-AVR-20131216/lib/gcc/avr/4.8.1/../../../../avr/lib/avr5/libm.a(addsf3x.o)
 .text          0x00000708        0x0 /usr/local/CrossPack-AVR-20131216/lib/gcc/avr/4.8.1/../../../../avr/lib/avr5/libm.a(atan2.o)
 .text          0x00000708        0x0 /usr/local/CrossPack-AVR-20131216/lib/gcc/avr/4.8.1/../../../../avr/lib/avr5/libm.a(atan.o)
 .text          0x00000708        0x0 /usr/local/CrossPack-AVR-20131216/lib/gcc/avr/4.8.1/../../../../avr/lib/avr5/libm.a(cmpsf2.o)
 .text          0x00000708        0x0 /usr/local/CrossPack-AVR-20131216/lib/gcc/avr/4.8.1/../../../../avr/lib/avr5/libm.a(divsf3.o)
 .text          0x00000708        0x0 /usr/local/CrossPack-AVR-20131216/lib/gcc/avr/4.8.1/../../../../avr/lib/avr5/libm.a(divsf3x.o)
 .text          0x00000708        0x0 /usr/local/CrossPack-AVR-20131216/lib/gcc/avr/4.8.1/../../../../avr/lib/avr5/libm.a(fixsfsi.o)
 .text          0x00000708        0x0 /usr/local/CrossPack-AVR-20131216/lib/gcc/avr/4.8.1/../../../../avr/lib/avr5/libm.a(fixunssfsi.o)
 .text          0x00000708        0x0 /usr/local/CrossPack-AVR-20131216/lib/gcc/avr/4.8.1/../../../../avr/lib/avr5/libm.a(floatsisf.o)
 .text          0x00000708        0x0 /usr/local/CrossPack-AVR-20131216/lib/gcc/avr/4.8.1/../../../../avr/lib/avr5/libm.a(fp_cmp.o)
 .text          0x00000708        0x0 /usr/local/CrossPack-AVR-20131216/lib/gcc/avr/4.8.1/../../../../avr/lib/avr5/libm.a(fp_inf.o)
 .text          0x00000708        0x0 /usr/local/CrossPack-AVR-20131216/lib/gcc/avr/4.8.1/../../../../avr/lib/avr5/libm.a(fp_nan.o)
 .text          0x00000708        0x0 /usr/local/CrossPack-AVR-20131216/lib/gcc/avr/4.8.1/../../../../avr/lib/avr5/libm.a(fp_powser.o)
 .text          0x00000708        0x0 /usr/local/CrossPack-AVR-20131216/lib/gcc/avr/4.8.1/../../../../avr/lib/avr5/libm.a(fp_pscA.o)
 .text          0x00000708        0x0 /usr/local/CrossPack-AVR-20131216/lib/gcc/avr/4.8.1/../../../../avr/lib/avr5/libm.a(fp_pscB.o)
 .text          0x00000708        0x0 /usr/local/CrossPack-AVR-20131216/lib/gcc/avr/4.8.1/../../../../avr/lib/avr5/libm.a(fp_round.o)
 .text          0x00000708        0x0 /usr/local/CrossPack-AVR-20131216/lib/gcc/avr/4.8.1/../../../../avr/lib/avr5/libm.a(fp_split3.o)
 .text          0x00000708        0x0 /usr/local/CrossPack-AVR-20131216/lib/gcc/avr/4.8.1/../../../../avr/lib/avr5/libm.a(fp_zero.o)
 .text          0x00000708        0x0 /usr/local/CrossPack-AVR-20131216/lib/gcc/avr/4.8.1/../../../../avr/lib/avr5/libm.a(gesf2.o)
 .text          0x00000708        0x0 /usr/local/CrossPack-AVR-20131216/lib/gcc/avr/4.8.1/../../../../avr/lib/avr5/libm.a(inverse.o)
 .text          0x00000708        0x0 /usr/local/CrossPack-AVR-20131216/lib/gcc/avr/4.8.1/../../../../avr/lib/avr5/libm.a(mulsf3.o)
 .text          0x00000708        0x0 /usr/local/CrossPack-AVR-20131216/lib/gcc/avr/4.8.1/../../../../avr/lib/avr5/libm.a(mulsf3x.o)
 .text          0x00000708        0x0 /usr/local/CrossPack-AVR-20131216/lib/gcc/avr/4.8.1/../../../../avr/lib/avr5/libm.a(sqrt.o)
 .text          0x00000708        0x0 /usr/local/CrossPack-AVR-20131216/lib/gcc/avr/4.8.1/../../../../avr/lib/avr5/libm.a(square.o)
 .text          0x00000708        0x0 /usr/local/CrossPack-AVR-20131216/lib/gcc/avr/4.8.1/../../../../avr/lib/avr5/libm.a(fp_mpack.o)
 .text          0x00000708        0x0 /usr/local/CrossPack-AVR-20131216/lib/gcc/avr/4.8.1/../../../../avr/lib/avr5/libm.a(fp_norm2.o)
 .text          0x00000708        0x0 /usr/local/CrossPack-AVR-20131216/lib/gcc/avr/4.8.1/avr5/libgcc.a(_mulsi3.o)
 .text          0x00000708        0x0 /usr/local/CrossPack-AVR-20131216/lib/gcc/avr/4.8.1/avr5/libgcc.a(_divmodhi4.o)
 .text          0x00000708        0x0 /usr/local/CrossPack-AVR-20131216/lib/gcc/avr/4.8.1/avr5/libgcc.a(_divmodsi4.o)
 .text          0x00000708        0x0 /usr/local/CrossPack-AVR-20131216/lib/gcc/avr/4.8.1/avr5/libgcc.a(_negsi2.o)
 .text          0x00000708        0x0 /usr/local/CrossPack-AVR-20131216/lib/gcc/avr/4.8.1/avr5/libgcc.a(_exit.o)
 .text          0x00000708        0x0 /usr/local/CrossPack-AVR-20131216/lib/gcc/avr/4.8.1/avr5/libgcc.a(_tablejump.o)
 .text          0x00000708        0x0 /usr/local/CrossPack-AVR-20131216/lib/gcc/avr/4.8.1/avr5/libgcc.a(_copy_data.o)
 .text          0x00000708        0x0 /usr/local/CrossPack-AVR-20131216/lib/gcc/avr/4.8.1/avr5/libgcc.a(_clear_bss.o)
 .text          0x00000708        0x0 /usr/local/CrossPack-AVR-20131216/lib/gcc/avr/4.8.1/avr5/libgcc.a(_muluhisi3.o)
 .text          0x00000708        0x0 /usr/local/CrossPack-AVR-20131216/lib/gcc/avr/4.8.1/avr5/libgcc.a(_mulshisi3.o)
 .text          0x00000708        0x0 /usr/local/CrossPack-AVR-20131216/lib/gcc/avr/4.8.1/avr5/libgcc.a(_prologue.o)
 .text          0x00000708        0x0 /usr/local/CrossPack-AVR-20131216/lib/gcc/avr/4.8.1/avr5/libgcc.a(_epilogue.o)
 .text          0x00000708        0x0 /usr/local/CrossPack-AVR-20131216/lib/gcc/avr/4.8.1/avr5/libgcc.a(_udivmodhi4.o)
 .text          0x00000708        0x0 /usr/local/CrossPack-AVR-20131216/lib/gcc/avr/4.8.1/avr5/libgcc.a(_udivmodsi4.o)
 .text          0x00000708        0x0 /usr/local/CrossPack-AVR-20131216/lib/gcc/avr/4.8.1/avr5/libgcc.a(_umulhisi3.o)
 .text          0x00000708        0x0 /usr/local/CrossPack-AVR-20131216/lib/gcc/avr/4.8.1/../../../../avr/lib/avr5/libc.a(atof.o)
 .text          0x00000708        0x0 /usr/local/CrossPack-AVR-20131216/lib/gcc/avr/4.8.1/../../../../avr/lib/avr5/libc.a(atoi.o)
 .text          0x00000708        0x0 /usr/local/CrossPack-AVR-20131216/lib/gcc/avr/4.8.1/../../../../avr/lib/avr5/libc.a(ftoa_engine.o)
 .text          0x00000708        0x0 /usr/local/CrossPack-AVR-20131216/lib/gcc/avr/4.8.1/../../../../avr/lib/avr5/libc.a(strnlen_P.o)
 .text          0x00000708        0x0 /usr/local/CrossPack-AVR-20131216/lib/gcc/avr/4.8.1/../../../../avr/lib/avr5/libc.a(strcpy.o)
 .text          0x00000708        0x0 /usr/local/CrossPack-AVR-20131216/lib/gcc/avr/4.8.1/../../../../avr/lib/avr5/libc.a(strncmp.o)
 .text          0x00000708        0x0 /usr/local/CrossPack-AVR-20131216/lib/gcc/avr/4.8.1/../../../../avr/lib/avr5/libc.a(strnlen.o)
 .text          0x00000708        0x0 /usr/local/CrossPack-AVR-20131216/lib/gcc/avr/4.8.1/../../../../avr/lib/avr5/libc.a(strstr.o)
 .text          0x00000708        0x0 /usr/local/CrossPack-AVR-20131216/lib/gcc/avr/4.8.1/../../../../avr/lib/avr5/libc.a(strtok_r.o)
 .text          0x00000708        0x0 /usr/local/CrossPack-AVR-20131216/lib/gcc/avr/4.8.1/../../../../avr/lib/avr5/libc.a(mul10.o)
 .text          0x00000708        0x0 /usr/local/CrossPack-AVR-20131216/lib/gcc/avr/4.8.1/../../../../avr/lib/avr5/libc.a(fdevopen.o)
 .text          0x00000708        0x0 /usr/local/CrossPack-AVR-20131216/lib/gcc/avr/4.8.1/../../../../avr/lib/avr5/libc.a(fputc.o)
 .text          0x00000708        0x0 /usr/local/CrossPack-AVR-20131216/lib/gcc/avr/4.8.1/../../../../avr/lib/avr5/libc.a(iob.o)
 .text          0x00000708        0x0 /usr/local/CrossPack-AVR-20131216/lib/gcc/avr/4.8.1/../../../../avr/lib/avr5/libc.a(vfprintf_p.o)
 .text          0x00000708        0x0 /usr/local/CrossPack-AVR-20131216/lib/gcc/avr/4.8.1/../../../../avr/lib/avr5/libc.a(ultoa_invert.o)
 .text          0x00000708        0x0 /usr/local/CrossPack-AVR-20131216/lib/gcc/avr/4.8.1/../../../../avr/lib/avr5/libc.a(eerd_byte_atmega328p.o)
 .text          0x00000708        0x0 /usr/local/CrossPack-AVR-20131216/lib/gcc/avr/4.8.1/../../../../avr/lib/avr5/libc.a(eewr_byte_atmega328p.o)
 .text          0x00000708        0x0 /usr/local/CrossPack-AVR-20131216/lib/gcc/avr/4.8.1/../../../../avr/lib/avr5/libc.a(calloc.o)
 .text          0x00000708        0x0 /usr/local/CrossPack-AVR-20131216/lib/gcc/avr/4.8.1/../../../../avr/lib/avr5/libc.a(malloc.o)
 .text          0x00000708        0x0 /usr/local/CrossPack-AVR-20131216/lib/gcc/avr/4.8.1/../../../../avr/lib/avr5/libc.a(strtod.o)
 .text          0x00000708        0x0 /usr/local/CrossPack-AVR-20131216/lib/gcc/avr/4.8.1/../../../../avr/lib/avr5/libc.a(isspace.o)
 .text          0x00000708        0x0 /usr/local/CrossPack-AVR-20131216/lib/gcc/avr/4.8.1/../../../../avr/lib/avr5/libc.a(strncasecmp_P.o)
 .text          0x00000708        0x0 /usr/local/CrossPack-AVR-20131216/lib/gcc/avr/4.8.1/../../../../avr/lib/avr5/libc.a(memset.o)
 .text          0x00000708        0x0 /usr/local/CrossPack-AVR-20131216/lib/gcc/avr/4.8.1/../../../../avr/lib/avr5/libc.a(errno.o)
 .text          0x00000708        0x0 /usr/local/CrossPack-AVR-20131216/lib/gcc/avr/4.8.1/../../../../avr/lib/avr5/libc.a(cty_isfalse.o)
                0x00000708                . = ALIGN (0x2)
 *(.text.*)
 .text.clock_init
                0x00000708       0x18 ./util/clock.o
                0x00000708                clock_init
 .text.clock_time
                0x00000720       0x18 ./util/clock.o
                0x00000720                clock_time
 .text.clock_time_micros
                0x00000738       0x46 ./util/clock.o
                0x00000738                clock_time_micros
 .text.delay_millis
                0x0000077e       0x44 ./util/clock.o
                0x0000077e                delay_millis
 .text.__vector_16
                0x000007c2       0x94 ./util/clock.o
                0x000007c2                __vector_16
 .text.isr_tick
                0x00000856        0x2 ./util/clock.o
                0x00000856                isr_tick
 .text.init_foo
                0x00000858       0x3a ./util/config.o
                0x00000858                init_foo
 .text.init_bar
                0x00000892       0x3a ./util/config.o
                0x00000892                init_bar
 .text.init_foobar
                0x000008cc       0x3a ./util/config.o
                0x000008cc                init_foobar
 .text.config_init
                0x00000906      0x134 ./util/config.o
                0x00000906                config_init
 .text.load_config
                0x00000a3a       0x26 ./util/config.o
                0x00000a3a                load_config
 .text.get_pgm_string
                0x00000a60       0x1e ./util/config.o
                0x00000a60                get_pgm_string
 .text.get_config_def
                0x00000a7e       0x52 ./util/config.o
                0x00000a7e                get_config_def
 .text.write_config
                0x00000ad0       0x92 ./util/config.o
                0x00000ad0                write_config
 .text.config_test
                0x00000b62       0x1a ./util/config.o
                0x00000b62                config_test
 .text.write_config_f
                0x00000b7c       0x44 ./util/config.o
                0x00000b7c                write_config_f
 .text.config_set
                0x00000bc0       0x80 ./util/config.o
                0x00000bc0                config_set
 .text._debug_init
                0x00000c40       0x38 ./util/log.o
                0x00000c40                _debug_init
 .text.__vector_18
                0x00000c78       0x56 ./util/log.o
                0x00000c78                __vector_18
 .text._debug_set_rx_cb
                0x00000cce        0xa ./util/log.o
                0x00000cce                _debug_set_rx_cb
 .text._debug_set_out_cb
                0x00000cd8        0xa ./util/log.o
                0x00000cd8                _debug_set_out_cb
 .text._debug_stringz
                0x00000ce2       0x18 ./util/log.o
                0x00000ce2                _debug_stringz
 .text._debug_byte
                0x00000cfa        0xe ./util/log.o
                0x00000cfa                _debug_byte
 .text._debug_putch
                0x00000d08       0x20 ./util/log.o
                0x00000d08                _debug_putch
 .text._debug_byte_as_hex
                0x00000d28       0x34 ./util/log.o
                0x00000d28                _debug_byte_as_hex
 .text._debug_hex_dump
                0x00000d5c       0x34 ./util/log.o
                0x00000d5c                _debug_hex_dump
 .text._debug_log
                0x00000d90       0x24 ./util/log.o
                0x00000d90                _debug_log
 .text.debug_test
                0x00000db4       0x70 ./util/log.o
                0x00000db4                debug_test
 .text.pwm_init
                0x00000e24       0x64 ./pwm/pwm.o
                0x00000e24                pwm_init
 .text.pwm_setval
                0x00000e88       0x20 ./pwm/pwm.o
                0x00000e88                pwm_setval
 .text.__vector_13
                0x00000ea8       0x3c ./pwm/pwm.o
                0x00000ea8                __vector_13
 .text.constrain_int
                0x00000ee4       0x14 ./math/fast_math.o
                0x00000ee4                constrain_int
 .text.constrain_int16
                0x00000ef8       0x14 ./math/fast_math.o
                0x00000ef8                constrain_int16
 .text.constrain_int32
                0x00000f0c       0x30 ./math/fast_math.o
                0x00000f0c                constrain_int32
 .text.fast_arc_tan
                0x00000f3c       0xa2 ./math/fast_math.o
                0x00000f3c                fast_arc_tan
 .text.fast_arc_tan2
                0x00000fde      0x10c ./math/fast_math.o
                0x00000fde                fast_arc_tan2
 .text.fast_arc_tan2_deg1000
                0x000010ea       0x16 ./math/fast_math.o
                0x000010ea                fast_arc_tan2_deg1000
 .text.util_lowpass_filter
                0x00001100       0x68 ./math/fast_math.o
                0x00001100                util_lowpass_filter
 .text.util_lowpass3rd_filter
                0x00001168       0xc0 ./math/fast_math.o
                0x00001168                util_lowpass3rd_filter
 .text.crc_slow
                0x00001228       0x1e ./math/fast_math.o
                0x00001228                crc_slow
 .text.compute_pid
                0x00001246      0x146 ./math/fast_math.o
                0x00001246                compute_pid
 .text.swap_char
                0x0000138c       0x12 ./imu/gyro.o
                0x0000138c                swap_char
 .text.swap_int
                0x0000139e       0x1a ./imu/gyro.o
                0x0000139e                swap_int
 .text.init_resolution_divider
                0x000013b8       0x1a ./imu/gyro.o
                0x000013b8                init_resolution_divider
 .text.gyro_offset_calibration
                0x000013d2      0x27a ./imu/gyro.o
                0x000013d2                gyro_offset_calibration
 .text.acc_offset_calibration
                0x0000164c      0x1a0 ./imu/gyro.o
                0x0000164c                acc_offset_calibration
 .text.offset_calibration
                0x000017ec        0xc ./imu/gyro.o
                0x000017ec                offset_calibration
 .text.accl_calibration
                0x000017f8       0x38 ./imu/gyro.o
                0x000017f8                accl_calibration
 .text.init_sensor_orientation_default
                0x00001830       0x56 ./imu/gyro.o
                0x00001830                init_sensor_orientation_default
 .text.init_sensor_orientation
                0x00001886       0xce ./imu/gyro.o
                0x00001886                init_sensor_orientation
 .text.gyro_init
                0x00001954      0x15c ./imu/gyro.o
                0x00001954                gyro_init
 .text.init_pids
                0x00001ab0      0x144 ./imu/gyro.o
                0x00001ab0                init_pids
 .text.read_accs
                0x00001bf4       0xf4 ./imu/gyro.o
                0x00001bf4                read_accs
 .text.update_acc
                0x00001ce8       0x98 ./imu/gyro.o
                0x00001ce8                update_acc
 .text.imu_init
                0x00001d80        0x4 ./imu/imu.o
                0x00001d80                imu_init
 .text.imu_test
                0x00001d84        0x4 ./imu/imu.o
                0x00001d84                imu_test
 .text.imu_read6
                0x00001d88       0x16 ./imu/imu.o
                0x00001d88                imu_read6
 .text.imu_read9
                0x00001d9e       0x3a ./imu/imu.o
                0x00001d9e                imu_read9
 .text.imu_get_rotation
                0x00001dd8        0x4 ./imu/imu.o
                0x00001dd8                imu_get_rotation
 .text.imu_get_acceleration
                0x00001ddc        0x4 ./imu/imu.o
                0x00001ddc                imu_get_acceleration
 .text.imu_get_mag
                0x00001de0        0x4 ./imu/imu.o
                0x00001de0                imu_get_mag
 .text.imu_read_gyros
                0x00001de4      0x106 ./imu/imu.o
                0x00001de4                imu_read_gyros
 .text.imu_set_dlpf
                0x00001eea        0x6 ./imu/imu.o
                0x00001eea                imu_set_dlpf
 .text.rotate_v
                0x00001ef0      0x166 ./imu/imu.o
                0x00001ef0                rotate_v
 .text.imu_update_gyro_attitude
                0x00002056       0xaa ./imu/imu.o
                0x00002056                imu_update_gyro_attitude
 .text.imu_update_acc_attitude
                0x00002100      0x122 ./imu/imu.o
                0x00002100                imu_update_acc_attitude
 .text.imu_get_attitude_angles
                0x00002222      0x102 ./imu/imu.o
                0x00002222                imu_get_attitude_angles
 .text.mpu6050_set_clock_source
                0x00002324       0x3c ./imu/mpu6050.o
                0x00002324                mpu6050_set_clock_source
 .text.mpu6050_set_full_scale_gyro_range
                0x00002360       0x3c ./imu/mpu6050.o
                0x00002360                mpu6050_set_full_scale_gyro_range
 .text.mpu6050_set_full_scale_accel_range
                0x0000239c       0x3c ./imu/mpu6050.o
                0x0000239c                mpu6050_set_full_scale_accel_range
 .text.mpu6050_set_sleep_enabled
                0x000023d8       0x36 ./imu/mpu6050.o
                0x000023d8                mpu6050_set_sleep_enabled
 .text.mpu6050_init
                0x0000240e       0x18 ./imu/mpu6050.o
                0x0000240e                mpu6050_init
 .text.mpu6050_get_device_id
                0x00002426       0x5e ./imu/mpu6050.o
                0x00002426                mpu6050_get_device_id
 .text.mpu6050_test
                0x00002484       0x64 ./imu/mpu6050.o
                0x00002484                mpu6050_test
 .text.mpu6050_getmotion6
                0x000024e8       0xf4 ./imu/mpu6050.o
                0x000024e8                mpu6050_getmotion6
 .text.mpu6050_getmotion9
                0x000025dc       0xde ./imu/mpu6050.o
                0x000025dc                mpu6050_getmotion9
 .text.mpu6050_set_dlpf_mode
                0x000026ba       0x16 ./imu/mpu6050.o
                0x000026ba                mpu6050_set_dlpf_mode
 .text.mpu6050_get_rotation
                0x000026d0       0xa2 ./imu/mpu6050.o
                0x000026d0                mpu6050_get_rotation
 .text.mpu6050_get_acceleration
                0x00002772       0xa2 ./imu/mpu6050.o
                0x00002772                mpu6050_get_acceleration
 .text.mpu6050_get_mag
                0x00002814       0xd2 ./imu/mpu6050.o
                0x00002814                mpu6050_get_mag
 .text.twi_init
                0x000028e6       0x2c ./i2c/twi/twi.o
                0x000028e6                twi_init
 .text.twi_setAddress
                0x00002912        0x8 ./i2c/twi/twi.o
                0x00002912                twi_setAddress
 .text.twi_readFrom
                0x0000291a       0x88 ./i2c/twi/twi.o
                0x0000291a                twi_readFrom
 .text.twi_writeTo
                0x000029a2       0xa6 ./i2c/twi/twi.o
                0x000029a2                twi_writeTo
 .text.twi_transmit
                0x00002a48       0x32 ./i2c/twi/twi.o
                0x00002a48                twi_transmit
 .text.twi_attachSlaveRxEvent
                0x00002a7a        0xa ./i2c/twi/twi.o
                0x00002a7a                twi_attachSlaveRxEvent
 .text.twi_attachSlaveTxEvent
                0x00002a84        0xa ./i2c/twi/twi.o
                0x00002a84                twi_attachSlaveTxEvent
 .text.twi_reply
                0x00002a8e       0x10 ./i2c/twi/twi.o
                0x00002a8e                twi_reply
 .text.twi_stop
                0x00002a9e       0x14 ./i2c/twi/twi.o
                0x00002a9e                twi_stop
 .text.twi_releaseBus
                0x00002ab2        0xc ./i2c/twi/twi.o
                0x00002ab2                twi_releaseBus
 .text.__vector_24
                0x00002abe      0x25a ./i2c/twi/twi.o
                0x00002abe                __vector_24
 .text.i2c_begin
                0x00002d18       0x14 ./i2c/i2c.o
                0x00002d18                i2c_begin
 .text.i2c_begin_address
                0x00002d2c        0x8 ./i2c/i2c.o
                0x00002d2c                i2c_begin_address
 .text.i2c_begin_transmission
                0x00002d34       0x14 ./i2c/i2c.o
                0x00002d34                i2c_begin_transmission
 .text.i2c_request_from
                0x00002d48       0x1c ./i2c/i2c.o
                0x00002d48                i2c_request_from
 .text.i2c_end_transmission
                0x00002d64       0x26 ./i2c/i2c.o
                0x00002d64                i2c_end_transmission
 .text.i2c_write_byte
                0x00002d8a       0x54 ./i2c/i2c.o
                0x00002d8a                i2c_write_byte
 .text.i2c_write
                0x00002dde       0x40 ./i2c/i2c.o
                0x00002dde                i2c_write
 .text.i2c_available
                0x00002e1e        0xc ./i2c/i2c.o
                0x00002e1e                i2c_available
 .text.i2c_read
                0x00002e2a       0x22 ./i2c/i2c.o
                0x00002e2a                i2c_read
 .text.i2c_peek
                0x00002e4c       0x1a ./i2c/i2c.o
                0x00002e4c                i2c_peek
 .text.readBytes
                0x00002e66       0xc4 ./i2c/i2c_driver.o
                0x00002e66                readBytes
 .text.readByte
                0x00002f2a       0x14 ./i2c/i2c_driver.o
                0x00002f2a                readByte
 .text.writeBytes
                0x00002f3e       0x68 ./i2c/i2c_driver.o
                0x00002f3e                writeBytes
 .text.writeByte
                0x00002fa6       0x20 ./i2c/i2c_driver.o
                0x00002fa6                writeByte
 .text.writeBit
                0x00002fc6       0x66 ./i2c/i2c_driver.o
                0x00002fc6                writeBit
 .text.writeBits
                0x0000302c       0x8c ./i2c/i2c_driver.o
                0x0000302c                writeBits
 .text.readBit  0x000030b8       0x4a ./i2c/i2c_driver.o
                0x000030b8                readBit
 .text.readBits
                0x00003102       0x7a ./i2c/i2c_driver.o
                0x00003102                readBits
 .text.kalman_init2
                0x0000317c       0x88 ./gimbal/gimbal.o
                0x0000317c                kalman_init2
 .text.get_angle2
                0x00003204      0x2fe ./gimbal/gimbal.o
                0x00003204                get_angle2
 .text.gimbal_init
                0x00003502      0x166 ./gimbal/gimbal.o
                0x00003502                gimbal_init
 .text.read_sensor_data
                0x00003668      0x306 ./gimbal/gimbal.o
                0x00003668                read_sensor_data
 .text.gimbal_kalman_angle
                0x0000396e      0x3d4 ./gimbal/gimbal.o
                0x0000396e                gimbal_kalman_angle
 .text.gimbal_tick
                0x00003d42        0x4 ./gimbal/gimbal.o
                0x00003d42                gimbal_tick
 .text.eeprom_read
                0x00003d46        0x4 ./eeprom/eeprom.o
                0x00003d46                eeprom_read
 .text.eeprom_write
                0x00003d4a        0x4 ./eeprom/eeprom.o
                0x00003d4a                eeprom_write
 .text.ComplimentaryFilter
                0x00003d4e      0x2a4 ./complimentary/complimentary.o
                0x00003d4e                ComplimentaryFilter
 .text.init_buffer
                0x00003ff2       0x18 ./cli/cli.o
                0x00003ff2                init_buffer
 .text.init_lines
                0x0000400a       0x10 ./cli/cli.o
                0x0000400a                init_lines
 .text.cli_init
                0x0000401a        0x8 ./cli/cli.o
                0x0000401a                cli_init
 .text.cli_put_char
                0x00004022       0x30 ./cli/cli.o
                0x00004022                cli_put_char
 .text.cli_parse
                0x00004052       0x2a ./cli/cli.o
                0x00004052                cli_parse
 .text.cli_clear_buffer
                0x0000407c       0x16 ./cli/cli.o
                0x0000407c                cli_clear_buffer
 .text.cli_data_available
                0x00004092        0xc ./cli/cli.o
                0x00004092                cli_data_available
 .text.cli_data_read
                0x0000409e       0x32 ./cli/cli.o
                0x0000409e                cli_data_read
 .text.handle_data
                0x000040d0       0x46 ./cli/cli.o
                0x000040d0                handle_data
 .text.cli_tick
                0x00004116       0xb0 ./cli/cli.o
                0x00004116                cli_tick
 .text.terminal_in_cb
                0x000041c6        0x4 ./main.o
                0x000041c6                terminal_in_cb
 .text.startup.main
                0x000041ca       0xd4 ./main.o
                0x000041ca                main
 .text.balance  0x0000429e      0x14a ./main.o
                0x0000429e                balance
 .text.avr-libc
                0x000043e8      0x6f6 /usr/local/CrossPack-AVR-20131216/lib/gcc/avr/4.8.1/../../../../avr/lib/avr5/libprintf_flt.a(vfprintf_flt.o)
                0x000043e8                vfprintf
 .text.avr-libc.fplib
                0x00004ade        0xa /usr/local/CrossPack-AVR-20131216/lib/gcc/avr/4.8.1/../../../../avr/lib/avr5/libm.a(addsf3.o)
                0x00004ade                __subsf3
                0x00004ae0                __addsf3
 .text.avr-libc.fplib
                0x00004ae8       0xc0 /usr/local/CrossPack-AVR-20131216/lib/gcc/avr/4.8.1/../../../../avr/lib/avr5/libm.a(addsf3x.o)
                0x00004b02                __addsf3x
 .text.avr-libc.fplib
                0x00004ba8       0x74 /usr/local/CrossPack-AVR-20131216/lib/gcc/avr/4.8.1/../../../../avr/lib/avr5/libm.a(atan2.o)
                0x00004bc6                atan2
 .text.avr-libc.fplib
                0x00004c1c       0x50 /usr/local/CrossPack-AVR-20131216/lib/gcc/avr/4.8.1/../../../../avr/lib/avr5/libm.a(atan.o)
                0x00004c1c                atan
 .text.avr-libc.fplib
                0x00004c6c        0x8 /usr/local/CrossPack-AVR-20131216/lib/gcc/avr/4.8.1/../../../../avr/lib/avr5/libm.a(cmpsf2.o)
                0x00004c6c                __lesf2
                0x00004c6c                __nesf2
                0x00004c6c                __eqsf2
                0x00004c6c                __cmpsf2
                0x00004c6c                __ltsf2
 .text.avr-libc.fplib
                0x00004c74        0x4 /usr/local/CrossPack-AVR-20131216/lib/gcc/avr/4.8.1/../../../../avr/lib/avr5/libm.a(divsf3.o)
                0x00004c74                __divsf3
 .text.avr-libc.fplib
                0x00004c78       0xcc /usr/local/CrossPack-AVR-20131216/lib/gcc/avr/4.8.1/../../../../avr/lib/avr5/libm.a(divsf3x.o)
                0x00004c8e                __divsf3x
                0x00004c92                __divsf3_pse
 .text.avr-libc.fplib
                0x00004d44        0xa /usr/local/CrossPack-AVR-20131216/lib/gcc/avr/4.8.1/../../../../avr/lib/avr5/libm.a(fixsfsi.o)
                0x00004d44                __fixsfsi
 .text.avr-libc.fplib
                0x00004d4e       0x58 /usr/local/CrossPack-AVR-20131216/lib/gcc/avr/4.8.1/../../../../avr/lib/avr5/libm.a(fixunssfsi.o)
                0x00004d4e                __fixunssfsi
 .text.avr-libc.fplib
                0x00004da6       0x7a /usr/local/CrossPack-AVR-20131216/lib/gcc/avr/4.8.1/../../../../avr/lib/avr5/libm.a(floatsisf.o)
                0x00004da6                __floatunsisf
                0x00004daa                __floatsisf
 .text.avr-libc.fplib
                0x00004e20       0x48 /usr/local/CrossPack-AVR-20131216/lib/gcc/avr/4.8.1/../../../../avr/lib/avr5/libm.a(fp_cmp.o)
                0x00004e20                __fp_cmp
 .text.avr-libc.fplib
                0x00004e68        0xc /usr/local/CrossPack-AVR-20131216/lib/gcc/avr/4.8.1/../../../../avr/lib/avr5/libm.a(fp_inf.o)
                0x00004e68                __fp_inf
 .text.avr-libc.fplib
                0x00004e74        0x6 /usr/local/CrossPack-AVR-20131216/lib/gcc/avr/4.8.1/../../../../avr/lib/avr5/libm.a(fp_nan.o)
                0x00004e74                __fp_nan
 .text.avr-libc.fplib
                0x00004e7a       0x4a /usr/local/CrossPack-AVR-20131216/lib/gcc/avr/4.8.1/../../../../avr/lib/avr5/libm.a(fp_powser.o)
                0x00004e7a                __fp_powser
 .text.avr-libc.fplib
                0x00004ec4        0xe /usr/local/CrossPack-AVR-20131216/lib/gcc/avr/4.8.1/../../../../avr/lib/avr5/libm.a(fp_pscA.o)
                0x00004ec4                __fp_pscA
 .text.avr-libc.fplib
                0x00004ed2        0xe /usr/local/CrossPack-AVR-20131216/lib/gcc/avr/4.8.1/../../../../avr/lib/avr5/libm.a(fp_pscB.o)
                0x00004ed2                __fp_pscB
 .text.avr-libc.fplib
                0x00004ee0       0x22 /usr/local/CrossPack-AVR-20131216/lib/gcc/avr/4.8.1/../../../../avr/lib/avr5/libm.a(fp_round.o)
                0x00004ee0                __fp_round
 .text.avr-libc.fplib
                0x00004f02       0x44 /usr/local/CrossPack-AVR-20131216/lib/gcc/avr/4.8.1/../../../../avr/lib/avr5/libm.a(fp_split3.o)
                0x00004f02                __fp_split3
                0x00004f12                __fp_splitA
 .text.avr-libc.fplib
                0x00004f46        0xe /usr/local/CrossPack-AVR-20131216/lib/gcc/avr/4.8.1/../../../../avr/lib/avr5/libm.a(fp_zero.o)
                0x00004f46                __fp_zero
                0x00004f48                __fp_szero
 .text.avr-libc.fplib
                0x00004f54        0x8 /usr/local/CrossPack-AVR-20131216/lib/gcc/avr/4.8.1/../../../../avr/lib/avr5/libm.a(gesf2.o)
                0x00004f54                __gtsf2
                0x00004f54                __gesf2
 .text.avr-libc.fplib
                0x00004f5c        0xe /usr/local/CrossPack-AVR-20131216/lib/gcc/avr/4.8.1/../../../../avr/lib/avr5/libm.a(inverse.o)
                0x00004f5c                inverse
 .text.avr-libc.fplib
                0x00004f6a        0x4 /usr/local/CrossPack-AVR-20131216/lib/gcc/avr/4.8.1/../../../../avr/lib/avr5/libm.a(mulsf3.o)
                0x00004f6a                __mulsf3
 .text.avr-libc.fplib
                0x00004f6e       0xc2 /usr/local/CrossPack-AVR-20131216/lib/gcc/avr/4.8.1/../../../../avr/lib/avr5/libm.a(mulsf3x.o)
                0x00004f82                __mulsf3x
                0x00004f86                __mulsf3_pse
 .text.avr-libc.fplib
                0x00005030       0x84 /usr/local/CrossPack-AVR-20131216/lib/gcc/avr/4.8.1/../../../../avr/lib/avr5/libm.a(sqrt.o)
                0x00005038                sqrt
 .text.avr-libc.fplib
                0x000050b4        0x6 /usr/local/CrossPack-AVR-20131216/lib/gcc/avr/4.8.1/../../../../avr/lib/avr5/libm.a(square.o)
                0x000050b4                square
 .text.avr-libc.fplib
                0x000050ba       0x1c /usr/local/CrossPack-AVR-20131216/lib/gcc/avr/4.8.1/../../../../avr/lib/avr5/libm.a(fp_mpack.o)
                0x000050ba                __fp_mpack
                0x000050be                __fp_mpack_finite
 .text.avr-libc.fplib
                0x000050d6        0xe /usr/local/CrossPack-AVR-20131216/lib/gcc/avr/4.8.1/../../../../avr/lib/avr5/libm.a(fp_norm2.o)
                0x000050d6                __fp_norm2
 .text.libgcc.mul
                0x000050e4       0x20 /usr/local/CrossPack-AVR-20131216/lib/gcc/avr/4.8.1/avr5/libgcc.a(_mulsi3.o)
                0x000050e4                __mulsi3
 .text.libgcc.div
                0x00005104        0x0 /usr/local/CrossPack-AVR-20131216/lib/gcc/avr/4.8.1/avr5/libgcc.a(_mulsi3.o)
 .text.libgcc   0x00005104        0x0 /usr/local/CrossPack-AVR-20131216/lib/gcc/avr/4.8.1/avr5/libgcc.a(_mulsi3.o)
 .text.libgcc.prologue
                0x00005104        0x0 /usr/local/CrossPack-AVR-20131216/lib/gcc/avr/4.8.1/avr5/libgcc.a(_mulsi3.o)
 .text.libgcc.builtins
                0x00005104        0x0 /usr/local/CrossPack-AVR-20131216/lib/gcc/avr/4.8.1/avr5/libgcc.a(_mulsi3.o)
 .text.libgcc.fmul
                0x00005104        0x0 /usr/local/CrossPack-AVR-20131216/lib/gcc/avr/4.8.1/avr5/libgcc.a(_mulsi3.o)
 .text.libgcc.fixed
                0x00005104        0x0 /usr/local/CrossPack-AVR-20131216/lib/gcc/avr/4.8.1/avr5/libgcc.a(_mulsi3.o)
 .text.libgcc.mul
                0x00005104        0x0 /usr/local/CrossPack-AVR-20131216/lib/gcc/avr/4.8.1/avr5/libgcc.a(_divmodhi4.o)
 .text.libgcc.div
                0x00005104       0x28 /usr/local/CrossPack-AVR-20131216/lib/gcc/avr/4.8.1/avr5/libgcc.a(_divmodhi4.o)
                0x00005104                __divmodhi4
                0x00005104                _div
 .text.libgcc   0x0000512c        0x0 /usr/local/CrossPack-AVR-20131216/lib/gcc/avr/4.8.1/avr5/libgcc.a(_divmodhi4.o)
 .text.libgcc.prologue
                0x0000512c        0x0 /usr/local/CrossPack-AVR-20131216/lib/gcc/avr/4.8.1/avr5/libgcc.a(_divmodhi4.o)
 .text.libgcc.builtins
                0x0000512c        0x0 /usr/local/CrossPack-AVR-20131216/lib/gcc/avr/4.8.1/avr5/libgcc.a(_divmodhi4.o)
 .text.libgcc.fmul
                0x0000512c        0x0 /usr/local/CrossPack-AVR-20131216/lib/gcc/avr/4.8.1/avr5/libgcc.a(_divmodhi4.o)
 .text.libgcc.fixed
                0x0000512c        0x0 /usr/local/CrossPack-AVR-20131216/lib/gcc/avr/4.8.1/avr5/libgcc.a(_divmodhi4.o)
 .text.libgcc.mul
                0x0000512c        0x0 /usr/local/CrossPack-AVR-20131216/lib/gcc/avr/4.8.1/avr5/libgcc.a(_divmodsi4.o)
 .text.libgcc.div
                0x0000512c       0x2e /usr/local/CrossPack-AVR-20131216/lib/gcc/avr/4.8.1/avr5/libgcc.a(_divmodsi4.o)
                0x0000512c                __divmodsi4
 .text.libgcc   0x0000515a        0x0 /usr/local/CrossPack-AVR-20131216/lib/gcc/avr/4.8.1/avr5/libgcc.a(_divmodsi4.o)
 .text.libgcc.prologue
                0x0000515a        0x0 /usr/local/CrossPack-AVR-20131216/lib/gcc/avr/4.8.1/avr5/libgcc.a(_divmodsi4.o)
 .text.libgcc.builtins
                0x0000515a        0x0 /usr/local/CrossPack-AVR-20131216/lib/gcc/avr/4.8.1/avr5/libgcc.a(_divmodsi4.o)
 .text.libgcc.fmul
                0x0000515a        0x0 /usr/local/CrossPack-AVR-20131216/lib/gcc/avr/4.8.1/avr5/libgcc.a(_divmodsi4.o)
 .text.libgcc.fixed
                0x0000515a        0x0 /usr/local/CrossPack-AVR-20131216/lib/gcc/avr/4.8.1/avr5/libgcc.a(_divmodsi4.o)
 .text.libgcc.mul
                0x0000515a        0x0 /usr/local/CrossPack-AVR-20131216/lib/gcc/avr/4.8.1/avr5/libgcc.a(_negsi2.o)
 .text.libgcc.div
                0x0000515a       0x10 /usr/local/CrossPack-AVR-20131216/lib/gcc/avr/4.8.1/avr5/libgcc.a(_negsi2.o)
                0x0000515a                __negsi2
 .text.libgcc   0x0000516a        0x0 /usr/local/CrossPack-AVR-20131216/lib/gcc/avr/4.8.1/avr5/libgcc.a(_negsi2.o)
 .text.libgcc.prologue
                0x0000516a        0x0 /usr/local/CrossPack-AVR-20131216/lib/gcc/avr/4.8.1/avr5/libgcc.a(_negsi2.o)
 .text.libgcc.builtins
                0x0000516a        0x0 /usr/local/CrossPack-AVR-20131216/lib/gcc/avr/4.8.1/avr5/libgcc.a(_negsi2.o)
 .text.libgcc.fmul
                0x0000516a        0x0 /usr/local/CrossPack-AVR-20131216/lib/gcc/avr/4.8.1/avr5/libgcc.a(_negsi2.o)
 .text.libgcc.fixed
                0x0000516a        0x0 /usr/local/CrossPack-AVR-20131216/lib/gcc/avr/4.8.1/avr5/libgcc.a(_negsi2.o)
 .text.libgcc.mul
                0x0000516a        0x0 /usr/local/CrossPack-AVR-20131216/lib/gcc/avr/4.8.1/avr5/libgcc.a(_exit.o)
 .text.libgcc.div
                0x0000516a        0x0 /usr/local/CrossPack-AVR-20131216/lib/gcc/avr/4.8.1/avr5/libgcc.a(_exit.o)
 .text.libgcc   0x0000516a        0x0 /usr/local/CrossPack-AVR-20131216/lib/gcc/avr/4.8.1/avr5/libgcc.a(_exit.o)
 .text.libgcc.prologue
                0x0000516a        0x0 /usr/local/CrossPack-AVR-20131216/lib/gcc/avr/4.8.1/avr5/libgcc.a(_exit.o)
 .text.libgcc.builtins
                0x0000516a        0x0 /usr/local/CrossPack-AVR-20131216/lib/gcc/avr/4.8.1/avr5/libgcc.a(_exit.o)
 .text.libgcc.fmul
                0x0000516a        0x0 /usr/local/CrossPack-AVR-20131216/lib/gcc/avr/4.8.1/avr5/libgcc.a(_exit.o)
 .text.libgcc.fixed
                0x0000516a        0x0 /usr/local/CrossPack-AVR-20131216/lib/gcc/avr/4.8.1/avr5/libgcc.a(_exit.o)
 .text.libgcc.mul
                0x0000516a        0x0 /usr/local/CrossPack-AVR-20131216/lib/gcc/avr/4.8.1/avr5/libgcc.a(_tablejump.o)
 .text.libgcc.div
                0x0000516a        0x0 /usr/local/CrossPack-AVR-20131216/lib/gcc/avr/4.8.1/avr5/libgcc.a(_tablejump.o)
 .text.libgcc   0x0000516a        0xc /usr/local/CrossPack-AVR-20131216/lib/gcc/avr/4.8.1/avr5/libgcc.a(_tablejump.o)
                0x0000516a                __tablejump2__
                0x0000516e                __tablejump__
 .text.libgcc.prologue
                0x00005176        0x0 /usr/local/CrossPack-AVR-20131216/lib/gcc/avr/4.8.1/avr5/libgcc.a(_tablejump.o)
 .text.libgcc.builtins
                0x00005176        0x0 /usr/local/CrossPack-AVR-20131216/lib/gcc/avr/4.8.1/avr5/libgcc.a(_tablejump.o)
 .text.libgcc.fmul
                0x00005176        0x0 /usr/local/CrossPack-AVR-20131216/lib/gcc/avr/4.8.1/avr5/libgcc.a(_tablejump.o)
 .text.libgcc.fixed
                0x00005176        0x0 /usr/local/CrossPack-AVR-20131216/lib/gcc/avr/4.8.1/avr5/libgcc.a(_tablejump.o)
 .text.libgcc.mul
                0x00005176        0x0 /usr/local/CrossPack-AVR-20131216/lib/gcc/avr/4.8.1/avr5/libgcc.a(_copy_data.o)
 .text.libgcc.div
                0x00005176        0x0 /usr/local/CrossPack-AVR-20131216/lib/gcc/avr/4.8.1/avr5/libgcc.a(_copy_data.o)
 .text.libgcc   0x00005176        0x0 /usr/local/CrossPack-AVR-20131216/lib/gcc/avr/4.8.1/avr5/libgcc.a(_copy_data.o)
 .text.libgcc.prologue
                0x00005176        0x0 /usr/local/CrossPack-AVR-20131216/lib/gcc/avr/4.8.1/avr5/libgcc.a(_copy_data.o)
 .text.libgcc.builtins
                0x00005176        0x0 /usr/local/CrossPack-AVR-20131216/lib/gcc/avr/4.8.1/avr5/libgcc.a(_copy_data.o)
 .text.libgcc.fmul
                0x00005176        0x0 /usr/local/CrossPack-AVR-20131216/lib/gcc/avr/4.8.1/avr5/libgcc.a(_copy_data.o)
 .text.libgcc.fixed
                0x00005176        0x0 /usr/local/CrossPack-AVR-20131216/lib/gcc/avr/4.8.1/avr5/libgcc.a(_copy_data.o)
 .text.libgcc.mul
                0x00005176        0x0 /usr/local/CrossPack-AVR-20131216/lib/gcc/avr/4.8.1/avr5/libgcc.a(_clear_bss.o)
 .text.libgcc.div
                0x00005176        0x0 /usr/local/CrossPack-AVR-20131216/lib/gcc/avr/4.8.1/avr5/libgcc.a(_clear_bss.o)
 .text.libgcc   0x00005176        0x0 /usr/local/CrossPack-AVR-20131216/lib/gcc/avr/4.8.1/avr5/libgcc.a(_clear_bss.o)
 .text.libgcc.prologue
                0x00005176        0x0 /usr/local/CrossPack-AVR-20131216/lib/gcc/avr/4.8.1/avr5/libgcc.a(_clear_bss.o)
 .text.libgcc.builtins
                0x00005176        0x0 /usr/local/CrossPack-AVR-20131216/lib/gcc/avr/4.8.1/avr5/libgcc.a(_clear_bss.o)
 .text.libgcc.fmul
                0x00005176        0x0 /usr/local/CrossPack-AVR-20131216/lib/gcc/avr/4.8.1/avr5/libgcc.a(_clear_bss.o)
 .text.libgcc.fixed
                0x00005176        0x0 /usr/local/CrossPack-AVR-20131216/lib/gcc/avr/4.8.1/avr5/libgcc.a(_clear_bss.o)
 .text.libgcc.mul
                0x00005176       0x16 /usr/local/CrossPack-AVR-20131216/lib/gcc/avr/4.8.1/avr5/libgcc.a(_muluhisi3.o)
                0x00005176                __muluhisi3
 .text.libgcc.div
                0x0000518c        0x0 /usr/local/CrossPack-AVR-20131216/lib/gcc/avr/4.8.1/avr5/libgcc.a(_muluhisi3.o)
 .text.libgcc   0x0000518c        0x0 /usr/local/CrossPack-AVR-20131216/lib/gcc/avr/4.8.1/avr5/libgcc.a(_muluhisi3.o)
 .text.libgcc.prologue
                0x0000518c        0x0 /usr/local/CrossPack-AVR-20131216/lib/gcc/avr/4.8.1/avr5/libgcc.a(_muluhisi3.o)
 .text.libgcc.builtins
                0x0000518c        0x0 /usr/local/CrossPack-AVR-20131216/lib/gcc/avr/4.8.1/avr5/libgcc.a(_muluhisi3.o)
 .text.libgcc.fmul
                0x0000518c        0x0 /usr/local/CrossPack-AVR-20131216/lib/gcc/avr/4.8.1/avr5/libgcc.a(_muluhisi3.o)
 .text.libgcc.fixed
                0x0000518c        0x0 /usr/local/CrossPack-AVR-20131216/lib/gcc/avr/4.8.1/avr5/libgcc.a(_muluhisi3.o)
 .text.libgcc.mul
                0x0000518c       0x10 /usr/local/CrossPack-AVR-20131216/lib/gcc/avr/4.8.1/avr5/libgcc.a(_mulshisi3.o)
                0x0000518c                __mulshisi3
                0x00005192                __mulohisi3
 .text.libgcc.div
                0x0000519c        0x0 /usr/local/CrossPack-AVR-20131216/lib/gcc/avr/4.8.1/avr5/libgcc.a(_mulshisi3.o)
 .text.libgcc   0x0000519c        0x0 /usr/local/CrossPack-AVR-20131216/lib/gcc/avr/4.8.1/avr5/libgcc.a(_mulshisi3.o)
 .text.libgcc.prologue
                0x0000519c        0x0 /usr/local/CrossPack-AVR-20131216/lib/gcc/avr/4.8.1/avr5/libgcc.a(_mulshisi3.o)
 .text.libgcc.builtins
                0x0000519c        0x0 /usr/local/CrossPack-AVR-20131216/lib/gcc/avr/4.8.1/avr5/libgcc.a(_mulshisi3.o)
 .text.libgcc.fmul
                0x0000519c        0x0 /usr/local/CrossPack-AVR-20131216/lib/gcc/avr/4.8.1/avr5/libgcc.a(_mulshisi3.o)
 .text.libgcc.fixed
                0x0000519c        0x0 /usr/local/CrossPack-AVR-20131216/lib/gcc/avr/4.8.1/avr5/libgcc.a(_mulshisi3.o)
 .text.libgcc.mul
                0x0000519c        0x0 /usr/local/CrossPack-AVR-20131216/lib/gcc/avr/4.8.1/avr5/libgcc.a(_prologue.o)
 .text.libgcc.div
                0x0000519c        0x0 /usr/local/CrossPack-AVR-20131216/lib/gcc/avr/4.8.1/avr5/libgcc.a(_prologue.o)
 .text.libgcc   0x0000519c        0x0 /usr/local/CrossPack-AVR-20131216/lib/gcc/avr/4.8.1/avr5/libgcc.a(_prologue.o)
 .text.libgcc.prologue
                0x0000519c       0x38 /usr/local/CrossPack-AVR-20131216/lib/gcc/avr/4.8.1/avr5/libgcc.a(_prologue.o)
                0x0000519c                __prologue_saves__
 .text.libgcc.builtins
                0x000051d4        0x0 /usr/local/CrossPack-AVR-20131216/lib/gcc/avr/4.8.1/avr5/libgcc.a(_prologue.o)
 .text.libgcc.fmul
                0x000051d4        0x0 /usr/local/CrossPack-AVR-20131216/lib/gcc/avr/4.8.1/avr5/libgcc.a(_prologue.o)
 .text.libgcc.fixed
                0x000051d4        0x0 /usr/local/CrossPack-AVR-20131216/lib/gcc/avr/4.8.1/avr5/libgcc.a(_prologue.o)
 .text.libgcc.mul
                0x000051d4        0x0 /usr/local/CrossPack-AVR-20131216/lib/gcc/avr/4.8.1/avr5/libgcc.a(_epilogue.o)
 .text.libgcc.div
                0x000051d4        0x0 /usr/local/CrossPack-AVR-20131216/lib/gcc/avr/4.8.1/avr5/libgcc.a(_epilogue.o)
 .text.libgcc   0x000051d4        0x0 /usr/local/CrossPack-AVR-20131216/lib/gcc/avr/4.8.1/avr5/libgcc.a(_epilogue.o)
 .text.libgcc.prologue
                0x000051d4       0x36 /usr/local/CrossPack-AVR-20131216/lib/gcc/avr/4.8.1/avr5/libgcc.a(_epilogue.o)
                0x000051d4                __epilogue_restores__
 .text.libgcc.builtins
                0x0000520a        0x0 /usr/local/CrossPack-AVR-20131216/lib/gcc/avr/4.8.1/avr5/libgcc.a(_epilogue.o)
 .text.libgcc.fmul
                0x0000520a        0x0 /usr/local/CrossPack-AVR-20131216/lib/gcc/avr/4.8.1/avr5/libgcc.a(_epilogue.o)
 .text.libgcc.fixed
                0x0000520a        0x0 /usr/local/CrossPack-AVR-20131216/lib/gcc/avr/4.8.1/avr5/libgcc.a(_epilogue.o)
 .text.libgcc.mul
                0x0000520a        0x0 /usr/local/CrossPack-AVR-20131216/lib/gcc/avr/4.8.1/avr5/libgcc.a(_udivmodhi4.o)
 .text.libgcc.div
                0x0000520a       0x28 /usr/local/CrossPack-AVR-20131216/lib/gcc/avr/4.8.1/avr5/libgcc.a(_udivmodhi4.o)
                0x0000520a                __udivmodhi4
 .text.libgcc   0x00005232        0x0 /usr/local/CrossPack-AVR-20131216/lib/gcc/avr/4.8.1/avr5/libgcc.a(_udivmodhi4.o)
 .text.libgcc.prologue
                0x00005232        0x0 /usr/local/CrossPack-AVR-20131216/lib/gcc/avr/4.8.1/avr5/libgcc.a(_udivmodhi4.o)
 .text.libgcc.builtins
                0x00005232        0x0 /usr/local/CrossPack-AVR-20131216/lib/gcc/avr/4.8.1/avr5/libgcc.a(_udivmodhi4.o)
 .text.libgcc.fmul
                0x00005232        0x0 /usr/local/CrossPack-AVR-20131216/lib/gcc/avr/4.8.1/avr5/libgcc.a(_udivmodhi4.o)
 .text.libgcc.fixed
                0x00005232        0x0 /usr/local/CrossPack-AVR-20131216/lib/gcc/avr/4.8.1/avr5/libgcc.a(_udivmodhi4.o)
 .text.libgcc.mul
                0x00005232        0x0 /usr/local/CrossPack-AVR-20131216/lib/gcc/avr/4.8.1/avr5/libgcc.a(_udivmodsi4.o)
 .text.libgcc.div
                0x00005232       0x44 /usr/local/CrossPack-AVR-20131216/lib/gcc/avr/4.8.1/avr5/libgcc.a(_udivmodsi4.o)
                0x00005232                __udivmodsi4
 .text.libgcc   0x00005276        0x0 /usr/local/CrossPack-AVR-20131216/lib/gcc/avr/4.8.1/avr5/libgcc.a(_udivmodsi4.o)
 .text.libgcc.prologue
                0x00005276        0x0 /usr/local/CrossPack-AVR-20131216/lib/gcc/avr/4.8.1/avr5/libgcc.a(_udivmodsi4.o)
 .text.libgcc.builtins
                0x00005276        0x0 /usr/local/CrossPack-AVR-20131216/lib/gcc/avr/4.8.1/avr5/libgcc.a(_udivmodsi4.o)
 .text.libgcc.fmul
                0x00005276        0x0 /usr/local/CrossPack-AVR-20131216/lib/gcc/avr/4.8.1/avr5/libgcc.a(_udivmodsi4.o)
 .text.libgcc.fixed
                0x00005276        0x0 /usr/local/CrossPack-AVR-20131216/lib/gcc/avr/4.8.1/avr5/libgcc.a(_udivmodsi4.o)
 .text.libgcc.mul
                0x00005276       0x1e /usr/local/CrossPack-AVR-20131216/lib/gcc/avr/4.8.1/avr5/libgcc.a(_umulhisi3.o)
                0x00005276                __umulhisi3
 .text.libgcc.div
                0x00005294        0x0 /usr/local/CrossPack-AVR-20131216/lib/gcc/avr/4.8.1/avr5/libgcc.a(_umulhisi3.o)
 .text.libgcc   0x00005294        0x0 /usr/local/CrossPack-AVR-20131216/lib/gcc/avr/4.8.1/avr5/libgcc.a(_umulhisi3.o)
 .text.libgcc.prologue
                0x00005294        0x0 /usr/local/CrossPack-AVR-20131216/lib/gcc/avr/4.8.1/avr5/libgcc.a(_umulhisi3.o)
 .text.libgcc.builtins
                0x00005294        0x0 /usr/local/CrossPack-AVR-20131216/lib/gcc/avr/4.8.1/avr5/libgcc.a(_umulhisi3.o)
 .text.libgcc.fmul
                0x00005294        0x0 /usr/local/CrossPack-AVR-20131216/lib/gcc/avr/4.8.1/avr5/libgcc.a(_umulhisi3.o)
 .text.libgcc.fixed
                0x00005294        0x0 /usr/local/CrossPack-AVR-20131216/lib/gcc/avr/4.8.1/avr5/libgcc.a(_umulhisi3.o)
 .text.avr-libc
                0x00005294        0x8 /usr/local/CrossPack-AVR-20131216/lib/gcc/avr/4.8.1/../../../../avr/lib/avr5/libc.a(atof.o)
                0x00005294                atof
 .text.avr-libc
                0x0000529c       0x3c /usr/local/CrossPack-AVR-20131216/lib/gcc/avr/4.8.1/../../../../avr/lib/avr5/libc.a(atoi.o)
                0x0000529c                atoi
 .text.avr-libc
                0x000052d8      0x1b0 /usr/local/CrossPack-AVR-20131216/lib/gcc/avr/4.8.1/../../../../avr/lib/avr5/libc.a(ftoa_engine.o)
                0x000052d8                __ftoa_engine
 .text.avr-libc
                0x00005488       0x16 /usr/local/CrossPack-AVR-20131216/lib/gcc/avr/4.8.1/../../../../avr/lib/avr5/libc.a(strnlen_P.o)
                0x00005488                strnlen_P
 .text.avr-libc
                0x0000549e        0xe /usr/local/CrossPack-AVR-20131216/lib/gcc/avr/4.8.1/../../../../avr/lib/avr5/libc.a(strcpy.o)
                0x0000549e                strcpy
 .text.avr-libc
                0x000054ac       0x1c /usr/local/CrossPack-AVR-20131216/lib/gcc/avr/4.8.1/../../../../avr/lib/avr5/libc.a(strncmp.o)
                0x000054ac                strncmp
 .text.avr-libc
                0x000054c8       0x16 /usr/local/CrossPack-AVR-20131216/lib/gcc/avr/4.8.1/../../../../avr/lib/avr5/libc.a(strnlen.o)
                0x000054c8                strnlen
 .text.avr-libc
                0x000054de       0x34 /usr/local/CrossPack-AVR-20131216/lib/gcc/avr/4.8.1/../../../../avr/lib/avr5/libc.a(strstr.o)
                0x000054de                strstr
 .text.avr-libc
                0x00005512       0x4e /usr/local/CrossPack-AVR-20131216/lib/gcc/avr/4.8.1/../../../../avr/lib/avr5/libc.a(strtok_r.o)
                0x00005512                strtok_r
 .text.avr-libc
                0x00005560       0x10 /usr/local/CrossPack-AVR-20131216/lib/gcc/avr/4.8.1/../../../../avr/lib/avr5/libc.a(mul10.o)
                0x00005560                __mulhi_const_10
 .text.avr-libc
                0x00005570       0x96 /usr/local/CrossPack-AVR-20131216/lib/gcc/avr/4.8.1/../../../../avr/lib/avr5/libc.a(fdevopen.o)
                0x00005570                fdevopen
 .text.avr-libc
                0x00005606       0x64 /usr/local/CrossPack-AVR-20131216/lib/gcc/avr/4.8.1/../../../../avr/lib/avr5/libc.a(fputc.o)
                0x00005606                fputc
 .text.avr-libc
                0x0000566a       0x1e /usr/local/CrossPack-AVR-20131216/lib/gcc/avr/4.8.1/../../../../avr/lib/avr5/libc.a(vfprintf_p.o)
                0x0000566a                vfprintf_P
 .text.avr-libc
                0x00005688       0xbc /usr/local/CrossPack-AVR-20131216/lib/gcc/avr/4.8.1/../../../../avr/lib/avr5/libc.a(ultoa_invert.o)
                0x00005688                __ultoa_invert
 .text.avr-libc
                0x00005744       0x10 /usr/local/CrossPack-AVR-20131216/lib/gcc/avr/4.8.1/../../../../avr/lib/avr5/libc.a(eerd_byte_atmega328p.o)
                0x00005744                __eerd_byte_m328p
 .text.avr-libc
                0x00005754       0x1c /usr/local/CrossPack-AVR-20131216/lib/gcc/avr/4.8.1/../../../../avr/lib/avr5/libc.a(eewr_byte_atmega328p.o)
                0x00005754                __eewr_byte_m328p
                0x00005756                __eewr_r18_m328p
 .text.avr-libc
                0x00005770       0x38 /usr/local/CrossPack-AVR-20131216/lib/gcc/avr/4.8.1/../../../../avr/lib/avr5/libc.a(calloc.o)
                0x00005770                calloc
 .text.avr-libc
                0x000057a8      0x24e /usr/local/CrossPack-AVR-20131216/lib/gcc/avr/4.8.1/../../../../avr/lib/avr5/libc.a(malloc.o)
                0x000057a8                malloc
                0x000058d8                free
 .text.avr-libc
                0x000059f6      0x2c6 /usr/local/CrossPack-AVR-20131216/lib/gcc/avr/4.8.1/../../../../avr/lib/avr5/libc.a(strtod.o)
                0x000059f6                strtod
 .text.avr-libc
                0x00005cbc       0x10 /usr/local/CrossPack-AVR-20131216/lib/gcc/avr/4.8.1/../../../../avr/lib/avr5/libc.a(isspace.o)
                0x00005cbc                isspace
 .text.avr-libc
                0x00005ccc       0x30 /usr/local/CrossPack-AVR-20131216/lib/gcc/avr/4.8.1/../../../../avr/lib/avr5/libc.a(strncasecmp_P.o)
                0x00005ccc                strncasecmp_P
 .text.avr-libc
                0x00005cfc        0xe /usr/local/CrossPack-AVR-20131216/lib/gcc/avr/4.8.1/../../../../avr/lib/avr5/libc.a(memset.o)
                0x00005cfc                memset
 .text.avr-libc
                0x00005d0a        0x6 /usr/local/CrossPack-AVR-20131216/lib/gcc/avr/4.8.1/../../../../avr/lib/avr5/libc.a(cty_isfalse.o)
                0x00005d0a                __ctype_isfalse
                0x00005d0e                __ctype_istrue
                0x00005d10                . = ALIGN (0x2)
 *(.fini9)
 .fini9         0x00005d10        0x0 /usr/local/CrossPack-AVR-20131216/lib/gcc/avr/4.8.1/avr5/libgcc.a(_exit.o)
                0x00005d10                exit
                0x00005d10                _exit
 *(.fini9)
 *(.fini8)
 *(.fini8)
 *(.fini7)
 *(.fini7)
 *(.fini6)
 *(.fini6)
 *(.fini5)
 *(.fini5)
 *(.fini4)
 *(.fini4)
 *(.fini3)
 *(.fini3)
 *(.fini2)
 *(.fini2)
 *(.fini1)
 *(.fini1)
 *(.fini0)
 .fini0         0x00005d10        0x4 /usr/local/CrossPack-AVR-20131216/lib/gcc/avr/4.8.1/avr5/libgcc.a(_exit.o)
 *(.fini0)
                0x00005d14                _etext = .

.data           0x00800100       0x4a load address 0x00005d14
                0x00800100                PROVIDE (__data_start, .)
 *(.data)
 .data          0x00800100        0x0 /usr/local/CrossPack-AVR-20131216/lib/gcc/avr/4.8.1/../../../../avr/lib/avr5/crtm328p.o
 .data          0x00800100        0x0 ./util/clock.o
 .data          0x00800100        0x0 ./util/config.o
 .data          0x00800100        0x0 ./util/log.o
 .data          0x00800100        0x0 ./pwm/pwm.o
 .data          0x00800100        0x0 ./math/fast_math.o
 .data          0x00800100        0x0 ./imu/gyro.o
 .data          0x00800100        0x0 ./imu/imu.o
 .data          0x00800100        0x0 ./imu/mpu6050.o
 .data          0x00800100        0x0 ./i2c/twi/twi.o
 .data          0x00800100        0x0 ./i2c/i2c.o
 .data          0x00800100        0x0 ./i2c/i2c_driver.o
 .data          0x00800100        0x0 ./gimbal/gimbal.o
 .data          0x00800100        0x0 ./eeprom/eeprom.o
 .data          0x00800100        0x0 ./complimentary/complimentary.o
 .data          0x00800100        0x0 ./cli/cli.o
 .data          0x00800100        0x0 ./main.o
 .data          0x00800100        0x0 /usr/local/CrossPack-AVR-20131216/lib/gcc/avr/4.8.1/../../../../avr/lib/avr5/libprintf_flt.a(vfprintf_flt.o)
 .data          0x00800100        0x0 /usr/local/CrossPack-AVR-20131216/lib/gcc/avr/4.8.1/../../../../avr/lib/avr5/libm.a(addsf3.o)
 .data          0x00800100        0x0 /usr/local/CrossPack-AVR-20131216/lib/gcc/avr/4.8.1/../../../../avr/lib/avr5/libm.a(addsf3x.o)
 .data          0x00800100        0x0 /usr/local/CrossPack-AVR-20131216/lib/gcc/avr/4.8.1/../../../../avr/lib/avr5/libm.a(atan2.o)
 .data          0x00800100        0x0 /usr/local/CrossPack-AVR-20131216/lib/gcc/avr/4.8.1/../../../../avr/lib/avr5/libm.a(atan.o)
 .data          0x00800100        0x0 /usr/local/CrossPack-AVR-20131216/lib/gcc/avr/4.8.1/../../../../avr/lib/avr5/libm.a(cmpsf2.o)
 .data          0x00800100        0x0 /usr/local/CrossPack-AVR-20131216/lib/gcc/avr/4.8.1/../../../../avr/lib/avr5/libm.a(divsf3.o)
 .data          0x00800100        0x0 /usr/local/CrossPack-AVR-20131216/lib/gcc/avr/4.8.1/../../../../avr/lib/avr5/libm.a(divsf3x.o)
 .data          0x00800100        0x0 /usr/local/CrossPack-AVR-20131216/lib/gcc/avr/4.8.1/../../../../avr/lib/avr5/libm.a(fixsfsi.o)
 .data          0x00800100        0x0 /usr/local/CrossPack-AVR-20131216/lib/gcc/avr/4.8.1/../../../../avr/lib/avr5/libm.a(fixunssfsi.o)
 .data          0x00800100        0x0 /usr/local/CrossPack-AVR-20131216/lib/gcc/avr/4.8.1/../../../../avr/lib/avr5/libm.a(floatsisf.o)
 .data          0x00800100        0x0 /usr/local/CrossPack-AVR-20131216/lib/gcc/avr/4.8.1/../../../../avr/lib/avr5/libm.a(fp_cmp.o)
 .data          0x00800100        0x0 /usr/local/CrossPack-AVR-20131216/lib/gcc/avr/4.8.1/../../../../avr/lib/avr5/libm.a(fp_inf.o)
 .data          0x00800100        0x0 /usr/local/CrossPack-AVR-20131216/lib/gcc/avr/4.8.1/../../../../avr/lib/avr5/libm.a(fp_nan.o)
 .data          0x00800100        0x0 /usr/local/CrossPack-AVR-20131216/lib/gcc/avr/4.8.1/../../../../avr/lib/avr5/libm.a(fp_powser.o)
 .data          0x00800100        0x0 /usr/local/CrossPack-AVR-20131216/lib/gcc/avr/4.8.1/../../../../avr/lib/avr5/libm.a(fp_pscA.o)
 .data          0x00800100        0x0 /usr/local/CrossPack-AVR-20131216/lib/gcc/avr/4.8.1/../../../../avr/lib/avr5/libm.a(fp_pscB.o)
 .data          0x00800100        0x0 /usr/local/CrossPack-AVR-20131216/lib/gcc/avr/4.8.1/../../../../avr/lib/avr5/libm.a(fp_round.o)
 .data          0x00800100        0x0 /usr/local/CrossPack-AVR-20131216/lib/gcc/avr/4.8.1/../../../../avr/lib/avr5/libm.a(fp_split3.o)
 .data          0x00800100        0x0 /usr/local/CrossPack-AVR-20131216/lib/gcc/avr/4.8.1/../../../../avr/lib/avr5/libm.a(fp_zero.o)
 .data          0x00800100        0x0 /usr/local/CrossPack-AVR-20131216/lib/gcc/avr/4.8.1/../../../../avr/lib/avr5/libm.a(gesf2.o)
 .data          0x00800100        0x0 /usr/local/CrossPack-AVR-20131216/lib/gcc/avr/4.8.1/../../../../avr/lib/avr5/libm.a(inverse.o)
 .data          0x00800100        0x0 /usr/local/CrossPack-AVR-20131216/lib/gcc/avr/4.8.1/../../../../avr/lib/avr5/libm.a(mulsf3.o)
 .data          0x00800100        0x0 /usr/local/CrossPack-AVR-20131216/lib/gcc/avr/4.8.1/../../../../avr/lib/avr5/libm.a(mulsf3x.o)
 .data          0x00800100        0x0 /usr/local/CrossPack-AVR-20131216/lib/gcc/avr/4.8.1/../../../../avr/lib/avr5/libm.a(sqrt.o)
 .data          0x00800100        0x0 /usr/local/CrossPack-AVR-20131216/lib/gcc/avr/4.8.1/../../../../avr/lib/avr5/libm.a(square.o)
 .data          0x00800100        0x0 /usr/local/CrossPack-AVR-20131216/lib/gcc/avr/4.8.1/../../../../avr/lib/avr5/libm.a(fp_mpack.o)
 .data          0x00800100        0x0 /usr/local/CrossPack-AVR-20131216/lib/gcc/avr/4.8.1/../../../../avr/lib/avr5/libm.a(fp_norm2.o)
 .data          0x00800100        0x0 /usr/local/CrossPack-AVR-20131216/lib/gcc/avr/4.8.1/avr5/libgcc.a(_mulsi3.o)
 .data          0x00800100        0x0 /usr/local/CrossPack-AVR-20131216/lib/gcc/avr/4.8.1/avr5/libgcc.a(_divmodhi4.o)
 .data          0x00800100        0x0 /usr/local/CrossPack-AVR-20131216/lib/gcc/avr/4.8.1/avr5/libgcc.a(_divmodsi4.o)
 .data          0x00800100        0x0 /usr/local/CrossPack-AVR-20131216/lib/gcc/avr/4.8.1/avr5/libgcc.a(_negsi2.o)
 .data          0x00800100        0x0 /usr/local/CrossPack-AVR-20131216/lib/gcc/avr/4.8.1/avr5/libgcc.a(_exit.o)
 .data          0x00800100        0x0 /usr/local/CrossPack-AVR-20131216/lib/gcc/avr/4.8.1/avr5/libgcc.a(_tablejump.o)
 .data          0x00800100        0x0 /usr/local/CrossPack-AVR-20131216/lib/gcc/avr/4.8.1/avr5/libgcc.a(_copy_data.o)
 .data          0x00800100        0x0 /usr/local/CrossPack-AVR-20131216/lib/gcc/avr/4.8.1/avr5/libgcc.a(_clear_bss.o)
 .data          0x00800100        0x0 /usr/local/CrossPack-AVR-20131216/lib/gcc/avr/4.8.1/avr5/libgcc.a(_muluhisi3.o)
 .data          0x00800100        0x0 /usr/local/CrossPack-AVR-20131216/lib/gcc/avr/4.8.1/avr5/libgcc.a(_mulshisi3.o)
 .data          0x00800100        0x0 /usr/local/CrossPack-AVR-20131216/lib/gcc/avr/4.8.1/avr5/libgcc.a(_prologue.o)
 .data          0x00800100        0x0 /usr/local/CrossPack-AVR-20131216/lib/gcc/avr/4.8.1/avr5/libgcc.a(_epilogue.o)
 .data          0x00800100        0x0 /usr/local/CrossPack-AVR-20131216/lib/gcc/avr/4.8.1/avr5/libgcc.a(_udivmodhi4.o)
 .data          0x00800100        0x0 /usr/local/CrossPack-AVR-20131216/lib/gcc/avr/4.8.1/avr5/libgcc.a(_udivmodsi4.o)
 .data          0x00800100        0x0 /usr/local/CrossPack-AVR-20131216/lib/gcc/avr/4.8.1/avr5/libgcc.a(_umulhisi3.o)
 .data          0x00800100        0x0 /usr/local/CrossPack-AVR-20131216/lib/gcc/avr/4.8.1/../../../../avr/lib/avr5/libc.a(atof.o)
 .data          0x00800100        0x0 /usr/local/CrossPack-AVR-20131216/lib/gcc/avr/4.8.1/../../../../avr/lib/avr5/libc.a(atoi.o)
 .data          0x00800100        0x0 /usr/local/CrossPack-AVR-20131216/lib/gcc/avr/4.8.1/../../../../avr/lib/avr5/libc.a(ftoa_engine.o)
 .data          0x00800100        0x0 /usr/local/CrossPack-AVR-20131216/lib/gcc/avr/4.8.1/../../../../avr/lib/avr5/libc.a(strnlen_P.o)
 .data          0x00800100        0x0 /usr/local/CrossPack-AVR-20131216/lib/gcc/avr/4.8.1/../../../../avr/lib/avr5/libc.a(strcpy.o)
 .data          0x00800100        0x0 /usr/local/CrossPack-AVR-20131216/lib/gcc/avr/4.8.1/../../../../avr/lib/avr5/libc.a(strncmp.o)
 .data          0x00800100        0x0 /usr/local/CrossPack-AVR-20131216/lib/gcc/avr/4.8.1/../../../../avr/lib/avr5/libc.a(strnlen.o)
 .data          0x00800100        0x0 /usr/local/CrossPack-AVR-20131216/lib/gcc/avr/4.8.1/../../../../avr/lib/avr5/libc.a(strstr.o)
 .data          0x00800100        0x0 /usr/local/CrossPack-AVR-20131216/lib/gcc/avr/4.8.1/../../../../avr/lib/avr5/libc.a(strtok_r.o)
 .data          0x00800100        0x0 /usr/local/CrossPack-AVR-20131216/lib/gcc/avr/4.8.1/../../../../avr/lib/avr5/libc.a(mul10.o)
 .data          0x00800100        0x0 /usr/local/CrossPack-AVR-20131216/lib/gcc/avr/4.8.1/../../../../avr/lib/avr5/libc.a(fdevopen.o)
 .data          0x00800100        0x0 /usr/local/CrossPack-AVR-20131216/lib/gcc/avr/4.8.1/../../../../avr/lib/avr5/libc.a(fputc.o)
 .data          0x00800100        0x0 /usr/local/CrossPack-AVR-20131216/lib/gcc/avr/4.8.1/../../../../avr/lib/avr5/libc.a(iob.o)
 .data          0x00800100        0x0 /usr/local/CrossPack-AVR-20131216/lib/gcc/avr/4.8.1/../../../../avr/lib/avr5/libc.a(vfprintf_p.o)
 .data          0x00800100        0x0 /usr/local/CrossPack-AVR-20131216/lib/gcc/avr/4.8.1/../../../../avr/lib/avr5/libc.a(ultoa_invert.o)
 .data          0x00800100        0x0 /usr/local/CrossPack-AVR-20131216/lib/gcc/avr/4.8.1/../../../../avr/lib/avr5/libc.a(eerd_byte_atmega328p.o)
 .data          0x00800100        0x0 /usr/local/CrossPack-AVR-20131216/lib/gcc/avr/4.8.1/../../../../avr/lib/avr5/libc.a(eewr_byte_atmega328p.o)
 .data          0x00800100        0x0 /usr/local/CrossPack-AVR-20131216/lib/gcc/avr/4.8.1/../../../../avr/lib/avr5/libc.a(calloc.o)
 .data          0x00800100        0x6 /usr/local/CrossPack-AVR-20131216/lib/gcc/avr/4.8.1/../../../../avr/lib/avr5/libc.a(malloc.o)
                0x00800100                __malloc_heap_end
                0x00800102                __malloc_heap_start
                0x00800104                __malloc_margin
 .data          0x00800106        0x0 /usr/local/CrossPack-AVR-20131216/lib/gcc/avr/4.8.1/../../../../avr/lib/avr5/libc.a(strtod.o)
 .data          0x00800106        0x0 /usr/local/CrossPack-AVR-20131216/lib/gcc/avr/4.8.1/../../../../avr/lib/avr5/libc.a(isspace.o)
 .data          0x00800106        0x0 /usr/local/CrossPack-AVR-20131216/lib/gcc/avr/4.8.1/../../../../avr/lib/avr5/libc.a(strncasecmp_P.o)
 .data          0x00800106        0x0 /usr/local/CrossPack-AVR-20131216/lib/gcc/avr/4.8.1/../../../../avr/lib/avr5/libc.a(memset.o)
 .data          0x00800106        0x0 /usr/local/CrossPack-AVR-20131216/lib/gcc/avr/4.8.1/../../../../avr/lib/avr5/libc.a(errno.o)
 .data          0x00800106        0x0 /usr/local/CrossPack-AVR-20131216/lib/gcc/avr/4.8.1/../../../../avr/lib/avr5/libc.a(cty_isfalse.o)
 *(.data*)
 .data.duty_cycle_channel5
                0x00800106        0x2 ./pwm/pwm.o
 .data.duty_cycle_channel4
                0x00800108        0x2 ./pwm/pwm.o
 .data.sensor_def
                0x0080010a       0x12 ./imu/gyro.o
                0x0080010a                sensor_def
 .data.acc_25deg
                0x0080011c        0x2 ./imu/imu.o
                0x0080011c                acc_25deg
 .data.imu_address
                0x0080011e        0x1 ./imu/imu.o
                0x0080011e                imu_address
 .data.readTimeout
                0x0080011f        0x2 ./i2c/i2c_driver.o
                0x0080011f                readTimeout
 .data.mag_rate
                0x00800121        0x1 ./gimbal/gimbal.o
                0x00800121                mag_rate
 .data.gimbal_state
                0x00800122        0x1 ./gimbal/gimbal.o
                0x00800122                gimbal_state
 .data.HEX_DIGITS
                0x00800123       0x11 ./cli/cli.o
                0x00800123                HEX_DIGITS
 .data.pwm_out_y
                0x00800134        0x2 ./main.o
                0x00800134                pwm_out_y
 .data.pwm_out_x
                0x00800136        0x2 ./main.o
                0x00800136                pwm_out_x
 *(.rodata)
 *(.rodata*)
 .rodata.str1.1
                0x00800138        0x4 ./util/config.o
 .rodata.g_sensitivity
                0x0080013c        0x4 ./gimbal/gimbal.o
                0x0080013c                g_sensitivity
 .rodata.accel_alpha
                0x00800140        0x4 ./gimbal/gimbal.o
                0x00800140                accel_alpha
 .rodata.gyro_sensitivity
                0x00800144        0x4 ./complimentary/complimentary.o
                0x00800144                gyro_sensitivity
 .rodata.str1.1
                0x00800148        0x2 ./cli/cli.o
 *(.gnu.linkonce.d*)
                0x0080014a                . = ALIGN (0x2)
                0x0080014a                _edata = .
                0x0080014a                PROVIDE (__data_end, .)

.bss            0x0080014a      0x57b
                0x0080014a                PROVIDE (__bss_start, .)
 *(.bss)
 .bss           0x0080014a        0x0 /usr/local/CrossPack-AVR-20131216/lib/gcc/avr/4.8.1/../../../../avr/lib/avr5/crtm328p.o
 .bss           0x0080014a        0x0 ./util/clock.o
 .bss           0x0080014a        0x0 ./util/config.o
 .bss           0x0080014a        0x0 ./util/log.o
 .bss           0x0080014a        0x0 ./pwm/pwm.o
 .bss           0x0080014a        0x0 ./math/fast_math.o
 .bss           0x0080014a        0x0 ./imu/gyro.o
 .bss           0x0080014a        0x0 ./imu/imu.o
 .bss           0x0080014a        0x0 ./imu/mpu6050.o
 .bss           0x0080014a        0x0 ./i2c/twi/twi.o
 .bss           0x0080014a        0x0 ./i2c/i2c.o
 .bss           0x0080014a        0x0 ./i2c/i2c_driver.o
 .bss           0x0080014a        0x0 ./gimbal/gimbal.o
 .bss           0x0080014a        0x0 ./eeprom/eeprom.o
 .bss           0x0080014a        0x0 ./complimentary/complimentary.o
 .bss           0x0080014a        0x0 ./cli/cli.o
 .bss           0x0080014a        0x0 ./main.o
 .bss           0x0080014a        0x0 /usr/local/CrossPack-AVR-20131216/lib/gcc/avr/4.8.1/../../../../avr/lib/avr5/libprintf_flt.a(vfprintf_flt.o)
 .bss           0x0080014a        0x0 /usr/local/CrossPack-AVR-20131216/lib/gcc/avr/4.8.1/../../../../avr/lib/avr5/libm.a(addsf3.o)
 .bss           0x0080014a        0x0 /usr/local/CrossPack-AVR-20131216/lib/gcc/avr/4.8.1/../../../../avr/lib/avr5/libm.a(addsf3x.o)
 .bss           0x0080014a        0x0 /usr/local/CrossPack-AVR-20131216/lib/gcc/avr/4.8.1/../../../../avr/lib/avr5/libm.a(atan2.o)
 .bss           0x0080014a        0x0 /usr/local/CrossPack-AVR-20131216/lib/gcc/avr/4.8.1/../../../../avr/lib/avr5/libm.a(atan.o)
 .bss           0x0080014a        0x0 /usr/local/CrossPack-AVR-20131216/lib/gcc/avr/4.8.1/../../../../avr/lib/avr5/libm.a(cmpsf2.o)
 .bss           0x0080014a        0x0 /usr/local/CrossPack-AVR-20131216/lib/gcc/avr/4.8.1/../../../../avr/lib/avr5/libm.a(divsf3.o)
 .bss           0x0080014a        0x0 /usr/local/CrossPack-AVR-20131216/lib/gcc/avr/4.8.1/../../../../avr/lib/avr5/libm.a(divsf3x.o)
 .bss           0x0080014a        0x0 /usr/local/CrossPack-AVR-20131216/lib/gcc/avr/4.8.1/../../../../avr/lib/avr5/libm.a(fixsfsi.o)
 .bss           0x0080014a        0x0 /usr/local/CrossPack-AVR-20131216/lib/gcc/avr/4.8.1/../../../../avr/lib/avr5/libm.a(fixunssfsi.o)
 .bss           0x0080014a        0x0 /usr/local/CrossPack-AVR-20131216/lib/gcc/avr/4.8.1/../../../../avr/lib/avr5/libm.a(floatsisf.o)
 .bss           0x0080014a        0x0 /usr/local/CrossPack-AVR-20131216/lib/gcc/avr/4.8.1/../../../../avr/lib/avr5/libm.a(fp_cmp.o)
 .bss           0x0080014a        0x0 /usr/local/CrossPack-AVR-20131216/lib/gcc/avr/4.8.1/../../../../avr/lib/avr5/libm.a(fp_inf.o)
 .bss           0x0080014a        0x0 /usr/local/CrossPack-AVR-20131216/lib/gcc/avr/4.8.1/../../../../avr/lib/avr5/libm.a(fp_nan.o)
 .bss           0x0080014a        0x0 /usr/local/CrossPack-AVR-20131216/lib/gcc/avr/4.8.1/../../../../avr/lib/avr5/libm.a(fp_powser.o)
 .bss           0x0080014a        0x0 /usr/local/CrossPack-AVR-20131216/lib/gcc/avr/4.8.1/../../../../avr/lib/avr5/libm.a(fp_pscA.o)
 .bss           0x0080014a        0x0 /usr/local/CrossPack-AVR-20131216/lib/gcc/avr/4.8.1/../../../../avr/lib/avr5/libm.a(fp_pscB.o)
 .bss           0x0080014a        0x0 /usr/local/CrossPack-AVR-20131216/lib/gcc/avr/4.8.1/../../../../avr/lib/avr5/libm.a(fp_round.o)
 .bss           0x0080014a        0x0 /usr/local/CrossPack-AVR-20131216/lib/gcc/avr/4.8.1/../../../../avr/lib/avr5/libm.a(fp_split3.o)
 .bss           0x0080014a        0x0 /usr/local/CrossPack-AVR-20131216/lib/gcc/avr/4.8.1/../../../../avr/lib/avr5/libm.a(fp_zero.o)
 .bss           0x0080014a        0x0 /usr/local/CrossPack-AVR-20131216/lib/gcc/avr/4.8.1/../../../../avr/lib/avr5/libm.a(gesf2.o)
 .bss           0x0080014a        0x0 /usr/local/CrossPack-AVR-20131216/lib/gcc/avr/4.8.1/../../../../avr/lib/avr5/libm.a(inverse.o)
 .bss           0x0080014a        0x0 /usr/local/CrossPack-AVR-20131216/lib/gcc/avr/4.8.1/../../../../avr/lib/avr5/libm.a(mulsf3.o)
 .bss           0x0080014a        0x0 /usr/local/CrossPack-AVR-20131216/lib/gcc/avr/4.8.1/../../../../avr/lib/avr5/libm.a(mulsf3x.o)
 .bss           0x0080014a        0x0 /usr/local/CrossPack-AVR-20131216/lib/gcc/avr/4.8.1/../../../../avr/lib/avr5/libm.a(sqrt.o)
 .bss           0x0080014a        0x0 /usr/local/CrossPack-AVR-20131216/lib/gcc/avr/4.8.1/../../../../avr/lib/avr5/libm.a(square.o)
 .bss           0x0080014a        0x0 /usr/local/CrossPack-AVR-20131216/lib/gcc/avr/4.8.1/../../../../avr/lib/avr5/libm.a(fp_mpack.o)
 .bss           0x0080014a        0x0 /usr/local/CrossPack-AVR-20131216/lib/gcc/avr/4.8.1/../../../../avr/lib/avr5/libm.a(fp_norm2.o)
 .bss           0x0080014a        0x0 /usr/local/CrossPack-AVR-20131216/lib/gcc/avr/4.8.1/avr5/libgcc.a(_mulsi3.o)
 .bss           0x0080014a        0x0 /usr/local/CrossPack-AVR-20131216/lib/gcc/avr/4.8.1/avr5/libgcc.a(_divmodhi4.o)
 .bss           0x0080014a        0x0 /usr/local/CrossPack-AVR-20131216/lib/gcc/avr/4.8.1/avr5/libgcc.a(_divmodsi4.o)
 .bss           0x0080014a        0x0 /usr/local/CrossPack-AVR-20131216/lib/gcc/avr/4.8.1/avr5/libgcc.a(_negsi2.o)
 .bss           0x0080014a        0x0 /usr/local/CrossPack-AVR-20131216/lib/gcc/avr/4.8.1/avr5/libgcc.a(_exit.o)
 .bss           0x0080014a        0x0 /usr/local/CrossPack-AVR-20131216/lib/gcc/avr/4.8.1/avr5/libgcc.a(_tablejump.o)
 .bss           0x0080014a        0x0 /usr/local/CrossPack-AVR-20131216/lib/gcc/avr/4.8.1/avr5/libgcc.a(_copy_data.o)
 .bss           0x0080014a        0x0 /usr/local/CrossPack-AVR-20131216/lib/gcc/avr/4.8.1/avr5/libgcc.a(_clear_bss.o)
 .bss           0x0080014a        0x0 /usr/local/CrossPack-AVR-20131216/lib/gcc/avr/4.8.1/avr5/libgcc.a(_muluhisi3.o)
 .bss           0x0080014a        0x0 /usr/local/CrossPack-AVR-20131216/lib/gcc/avr/4.8.1/avr5/libgcc.a(_mulshisi3.o)
 .bss           0x0080014a        0x0 /usr/local/CrossPack-AVR-20131216/lib/gcc/avr/4.8.1/avr5/libgcc.a(_prologue.o)
 .bss           0x0080014a        0x0 /usr/local/CrossPack-AVR-20131216/lib/gcc/avr/4.8.1/avr5/libgcc.a(_epilogue.o)
 .bss           0x0080014a        0x0 /usr/local/CrossPack-AVR-20131216/lib/gcc/avr/4.8.1/avr5/libgcc.a(_udivmodhi4.o)
 .bss           0x0080014a        0x0 /usr/local/CrossPack-AVR-20131216/lib/gcc/avr/4.8.1/avr5/libgcc.a(_udivmodsi4.o)
 .bss           0x0080014a        0x0 /usr/local/CrossPack-AVR-20131216/lib/gcc/avr/4.8.1/avr5/libgcc.a(_umulhisi3.o)
 .bss           0x0080014a        0x0 /usr/local/CrossPack-AVR-20131216/lib/gcc/avr/4.8.1/../../../../avr/lib/avr5/libc.a(atof.o)
 .bss           0x0080014a        0x0 /usr/local/CrossPack-AVR-20131216/lib/gcc/avr/4.8.1/../../../../avr/lib/avr5/libc.a(atoi.o)
 .bss           0x0080014a        0x0 /usr/local/CrossPack-AVR-20131216/lib/gcc/avr/4.8.1/../../../../avr/lib/avr5/libc.a(ftoa_engine.o)
 .bss           0x0080014a        0x0 /usr/local/CrossPack-AVR-20131216/lib/gcc/avr/4.8.1/../../../../avr/lib/avr5/libc.a(strnlen_P.o)
 .bss           0x0080014a        0x0 /usr/local/CrossPack-AVR-20131216/lib/gcc/avr/4.8.1/../../../../avr/lib/avr5/libc.a(strcpy.o)
 .bss           0x0080014a        0x0 /usr/local/CrossPack-AVR-20131216/lib/gcc/avr/4.8.1/../../../../avr/lib/avr5/libc.a(strncmp.o)
 .bss           0x0080014a        0x0 /usr/local/CrossPack-AVR-20131216/lib/gcc/avr/4.8.1/../../../../avr/lib/avr5/libc.a(strnlen.o)
 .bss           0x0080014a        0x0 /usr/local/CrossPack-AVR-20131216/lib/gcc/avr/4.8.1/../../../../avr/lib/avr5/libc.a(strstr.o)
 .bss           0x0080014a        0x0 /usr/local/CrossPack-AVR-20131216/lib/gcc/avr/4.8.1/../../../../avr/lib/avr5/libc.a(strtok_r.o)
 .bss           0x0080014a        0x0 /usr/local/CrossPack-AVR-20131216/lib/gcc/avr/4.8.1/../../../../avr/lib/avr5/libc.a(mul10.o)
 .bss           0x0080014a        0x0 /usr/local/CrossPack-AVR-20131216/lib/gcc/avr/4.8.1/../../../../avr/lib/avr5/libc.a(fdevopen.o)
 .bss           0x0080014a        0x0 /usr/local/CrossPack-AVR-20131216/lib/gcc/avr/4.8.1/../../../../avr/lib/avr5/libc.a(fputc.o)
 .bss           0x0080014a        0x0 /usr/local/CrossPack-AVR-20131216/lib/gcc/avr/4.8.1/../../../../avr/lib/avr5/libc.a(iob.o)
 .bss           0x0080014a        0x0 /usr/local/CrossPack-AVR-20131216/lib/gcc/avr/4.8.1/../../../../avr/lib/avr5/libc.a(vfprintf_p.o)
 .bss           0x0080014a        0x0 /usr/local/CrossPack-AVR-20131216/lib/gcc/avr/4.8.1/../../../../avr/lib/avr5/libc.a(ultoa_invert.o)
 .bss           0x0080014a        0x0 /usr/local/CrossPack-AVR-20131216/lib/gcc/avr/4.8.1/../../../../avr/lib/avr5/libc.a(eerd_byte_atmega328p.o)
 .bss           0x0080014a        0x0 /usr/local/CrossPack-AVR-20131216/lib/gcc/avr/4.8.1/../../../../avr/lib/avr5/libc.a(eewr_byte_atmega328p.o)
 .bss           0x0080014a        0x0 /usr/local/CrossPack-AVR-20131216/lib/gcc/avr/4.8.1/../../../../avr/lib/avr5/libc.a(calloc.o)
 .bss           0x0080014a        0x0 /usr/local/CrossPack-AVR-20131216/lib/gcc/avr/4.8.1/../../../../avr/lib/avr5/libc.a(malloc.o)
 .bss           0x0080014a        0x0 /usr/local/CrossPack-AVR-20131216/lib/gcc/avr/4.8.1/../../../../avr/lib/avr5/libc.a(strtod.o)
 .bss           0x0080014a        0x0 /usr/local/CrossPack-AVR-20131216/lib/gcc/avr/4.8.1/../../../../avr/lib/avr5/libc.a(isspace.o)
 .bss           0x0080014a        0x0 /usr/local/CrossPack-AVR-20131216/lib/gcc/avr/4.8.1/../../../../avr/lib/avr5/libc.a(strncasecmp_P.o)
 .bss           0x0080014a        0x0 /usr/local/CrossPack-AVR-20131216/lib/gcc/avr/4.8.1/../../../../avr/lib/avr5/libc.a(memset.o)
 .bss           0x0080014a        0x0 /usr/local/CrossPack-AVR-20131216/lib/gcc/avr/4.8.1/../../../../avr/lib/avr5/libc.a(errno.o)
 .bss           0x0080014a        0x0 /usr/local/CrossPack-AVR-20131216/lib/gcc/avr/4.8.1/../../../../avr/lib/avr5/libc.a(cty_isfalse.o)
 *(.bss*)
 .bss.timer0_fract
                0x0080014a        0x1 ./util/clock.o
 .bss.timer0_millis
                0x0080014b        0x4 ./util/clock.o
                0x0080014b                timer0_millis
 .bss.timer0_overflow_count
                0x0080014f        0x4 ./util/clock.o
                0x0080014f                timer0_overflow_count
 .bss.angle     0x00800153        0x8 ./imu/imu.o
                0x00800153                angle
 .bss.acc_compl_filter_const
                0x0080015b        0x4 ./imu/imu.o
                0x0080015b                acc_compl_filter_const
 .bss.disable_acc_gtest
                0x0080015f        0x1 ./imu/imu.o
                0x0080015f                disable_acc_gtest
 .bss.acc_mag   0x00800160        0x4 ./imu/imu.o
                0x00800160                acc_mag
 .bss.acc_lpf   0x00800164        0xc ./imu/imu.o
                0x00800164                acc_lpf
 .bss.acc_adc   0x00800170        0x6 ./imu/imu.o
                0x00800170                acc_adc
 .bss.gyro_adc  0x00800176        0x6 ./imu/imu.o
                0x00800176                gyro_adc
 .bss.gyro_scale
                0x0080017c        0x4 ./imu/imu.o
                0x0080017c                gyro_scale
 .bss.twi_error
                0x00800180        0x1 ./i2c/twi/twi.o
 .bss.twi_rxBufferIndex
                0x00800181        0x1 ./i2c/twi/twi.o
 .bss.twi_rxBuffer
                0x00800182       0x20 ./i2c/twi/twi.o
 .bss.twi_txBufferLength
                0x008001a2        0x1 ./i2c/twi/twi.o
 .bss.twi_txBufferIndex
                0x008001a3        0x1 ./i2c/twi/twi.o
 .bss.twi_txBuffer
                0x008001a4       0x20 ./i2c/twi/twi.o
 .bss.twi_masterBufferLength
                0x008001c4        0x1 ./i2c/twi/twi.o
 .bss.twi_masterBufferIndex
                0x008001c5        0x1 ./i2c/twi/twi.o
 .bss.twi_masterBuffer
                0x008001c6       0x20 ./i2c/twi/twi.o
 .bss.twi_onSlaveReceive
                0x008001e6        0x2 ./i2c/twi/twi.o
 .bss.twi_onSlaveTransmit
                0x008001e8        0x2 ./i2c/twi/twi.o
 .bss.twi_inRepStart
                0x008001ea        0x1 ./i2c/twi/twi.o
 .bss.twi_sendStop
                0x008001eb        0x1 ./i2c/twi/twi.o
 .bss.twi_slarw
                0x008001ec        0x1 ./i2c/twi/twi.o
 .bss.twi_state
                0x008001ed        0x1 ./i2c/twi/twi.o
 .bss.transmitting
                0x008001ee        0x1 ./i2c/i2c.o
                0x008001ee                transmitting
 .bss.txBufferLength
                0x008001ef        0x1 ./i2c/i2c.o
                0x008001ef                txBufferLength
 .bss.txBufferIndex
                0x008001f0        0x1 ./i2c/i2c.o
                0x008001f0                txBufferIndex
 .bss.txAddress
                0x008001f1        0x1 ./i2c/i2c.o
                0x008001f1                txAddress
 .bss.rxBufferLength
                0x008001f2        0x1 ./i2c/i2c.o
                0x008001f2                rxBufferLength
 .bss.rxBufferIndex
                0x008001f3        0x1 ./i2c/i2c.o
                0x008001f3                rxBufferIndex
 .bss.kal_angle_y
                0x008001f4        0x4 ./gimbal/gimbal.o
                0x008001f4                kal_angle_y
 .bss.kal_angle_x
                0x008001f8        0x4 ./gimbal/gimbal.o
                0x008001f8                kal_angle_x
 .bss.gimble_angle
                0x008001fc        0xc ./gimbal/gimbal.o
                0x008001fc                gimble_angle
 .bss.aZ        0x00800208        0x2 ./gimbal/gimbal.o
                0x00800208                aZ
 .bss.aY        0x0080020a        0x2 ./gimbal/gimbal.o
                0x0080020a                aY
 .bss.aX        0x0080020c        0x2 ./gimbal/gimbal.o
                0x0080020c                aX
 .bss._last_gyro_angle_z
                0x0080020e        0x4 ./gimbal/gimbal.o
                0x0080020e                _last_gyro_angle_z
 .bss._last_gyro_angle_y
                0x00800212        0x4 ./gimbal/gimbal.o
                0x00800212                _last_gyro_angle_y
 .bss._last_gyro_angle_x
                0x00800216        0x4 ./gimbal/gimbal.o
                0x00800216                _last_gyro_angle_x
 .bss._last_angle_z
                0x0080021a        0x4 ./gimbal/gimbal.o
                0x0080021a                _last_angle_z
 .bss._last_angle_y
                0x0080021e        0x4 ./gimbal/gimbal.o
                0x0080021e                _last_angle_y
 .bss._last_angle_x
                0x00800222        0x4 ./gimbal/gimbal.o
                0x00800222                _last_angle_x
 .bss._last_time_log
                0x00800226        0x4 ./gimbal/gimbal.o
                0x00800226                _last_time_log
 .bss._last_time_read
                0x0080022a        0x4 ./gimbal/gimbal.o
                0x0080022a                _last_time_read
 .bss.mag_count
                0x0080022e        0x2 ./gimbal/gimbal.o
                0x0080022e                mag_count
 .bss.future    0x00800230        0x4 ./gimbal/gimbal.o
 .bss.last_t    0x00800234        0x4 ./complimentary/complimentary.o
                0x00800234                last_t
 .bss.cli_line_index
                0x00800238        0x2 ./cli/cli.o
                0x00800238                cli_line_index
 .bss.cli_buffer
                0x0080023a      0x204 ./cli/cli.o
                0x0080023a                cli_buffer
 .bss.pid_val_y
                0x0080043e        0x4 ./main.o
                0x0080043e                pid_val_y
 .bss.pid_val_x
                0x00800442        0x4 ./main.o
                0x00800442                pid_val_x
 .bss.last_pid_read
                0x00800446        0x4 ./main.o
                0x00800446                last_pid_read
 .bss.pid_timer
                0x0080044a        0x4 ./main.o
                0x0080044a                pid_timer
 .bss.center_val
                0x0080044e        0x4 ./main.o
                0x0080044e                center_val
 .bss.term_in   0x00800452        0x1 ./main.o
                0x00800452                term_in
 *(COMMON)
 COMMON         0x00800453        0x4 ./util/clock.o
                0x00800453                clock_millis
 COMMON         0x00800457       0x8f ./util/config.o
                0x00800457                resolution_divider
                0x0080045b                config_def
                0x00800477                config_union
                0x00800493                config
 COMMON         0x008004e6        0x4 ./util/log.o
                0x008004e6                debug_out_cb
                0x008004e8                debug_rx_cb
 COMMON         0x008004ea        0xc ./imu/imu.o
                0x008004ea                est_g
 COMMON         0x008004f6       0x40 ./i2c/i2c.o
                0x008004f6                rxBuffer
                0x00800516                txBuffer
 COMMON         0x00800536       0x79 ./gimbal/gimbal.o
                0x00800536                kalman_pitch
                0x0080055e                kalman_roll
                0x00800586                pitch_pid_par
                0x00800592                enable_motor_updates
                0x00800593                gimbal_angle
                0x0080059f                flt_alpha
                0x008005a3                roll_pid_par
 COMMON         0x008005af        0x8 ./complimentary/complimentary.o
                0x008005af                delta_t
                0x008005b3                t_now
 COMMON         0x008005b7      0x102 ./cli/cli.o
                0x008005b7                cli_line_buffer
                0x00800638                cli_lines
 COMMON         0x008006b9        0x6 /usr/local/CrossPack-AVR-20131216/lib/gcc/avr/4.8.1/../../../../avr/lib/avr5/libc.a(iob.o)
                0x008006b9                __iob
 COMMON         0x008006bf        0x4 /usr/local/CrossPack-AVR-20131216/lib/gcc/avr/4.8.1/../../../../avr/lib/avr5/libc.a(malloc.o)
                0x008006bf                __brkval
                0x008006c1                __flp
 COMMON         0x008006c3        0x2 /usr/local/CrossPack-AVR-20131216/lib/gcc/avr/4.8.1/../../../../avr/lib/avr5/libc.a(errno.o)
                0x008006c3                errno
                0x008006c5                PROVIDE (__bss_end, .)
                0x00005d14                __data_load_start = LOADADDR (.data)
                0x00005d5e                __data_load_end = (__data_load_start + SIZEOF (.data))

.noinit         0x008006c5        0x0